Archive member included to satisfy reference by file (symbol)

C:/ST/STM32CubeIDE_1.14.1/STM32CubeIDE/plugins/com.st.stm32cube.ide.mcu.externaltools.gnu-tools-for-stm32.11.3.rel1.win32_1.1.100.202309141235/tools/bin/../lib/gcc/arm-none-eabi/11.3.1/../../../../arm-none-eabi/lib/thumb/v7e-m+fp/hard\libm.a(libm_a-s_sin.o)
                              ./Core/Src/event_loop.o (sin)
C:/ST/STM32CubeIDE_1.14.1/STM32CubeIDE/plugins/com.st.stm32cube.ide.mcu.externaltools.gnu-tools-for-stm32.11.3.rel1.win32_1.1.100.202309141235/tools/bin/../lib/gcc/arm-none-eabi/11.3.1/../../../../arm-none-eabi/lib/thumb/v7e-m+fp/hard\libm.a(libm_a-k_cos.o)
                              C:/ST/STM32CubeIDE_1.14.1/STM32CubeIDE/plugins/com.st.stm32cube.ide.mcu.externaltools.gnu-tools-for-stm32.11.3.rel1.win32_1.1.100.202309141235/tools/bin/../lib/gcc/arm-none-eabi/11.3.1/../../../../arm-none-eabi/lib/thumb/v7e-m+fp/hard\libm.a(libm_a-s_sin.o) (__kernel_cos)
C:/ST/STM32CubeIDE_1.14.1/STM32CubeIDE/plugins/com.st.stm32cube.ide.mcu.externaltools.gnu-tools-for-stm32.11.3.rel1.win32_1.1.100.202309141235/tools/bin/../lib/gcc/arm-none-eabi/11.3.1/../../../../arm-none-eabi/lib/thumb/v7e-m+fp/hard\libm.a(libm_a-k_sin.o)
                              C:/ST/STM32CubeIDE_1.14.1/STM32CubeIDE/plugins/com.st.stm32cube.ide.mcu.externaltools.gnu-tools-for-stm32.11.3.rel1.win32_1.1.100.202309141235/tools/bin/../lib/gcc/arm-none-eabi/11.3.1/../../../../arm-none-eabi/lib/thumb/v7e-m+fp/hard\libm.a(libm_a-s_sin.o) (__kernel_sin)
C:/ST/STM32CubeIDE_1.14.1/STM32CubeIDE/plugins/com.st.stm32cube.ide.mcu.externaltools.gnu-tools-for-stm32.11.3.rel1.win32_1.1.100.202309141235/tools/bin/../lib/gcc/arm-none-eabi/11.3.1/../../../../arm-none-eabi/lib/thumb/v7e-m+fp/hard\libm.a(libm_a-e_rem_pio2.o)
                              C:/ST/STM32CubeIDE_1.14.1/STM32CubeIDE/plugins/com.st.stm32cube.ide.mcu.externaltools.gnu-tools-for-stm32.11.3.rel1.win32_1.1.100.202309141235/tools/bin/../lib/gcc/arm-none-eabi/11.3.1/../../../../arm-none-eabi/lib/thumb/v7e-m+fp/hard\libm.a(libm_a-s_sin.o) (__ieee754_rem_pio2)
C:/ST/STM32CubeIDE_1.14.1/STM32CubeIDE/plugins/com.st.stm32cube.ide.mcu.externaltools.gnu-tools-for-stm32.11.3.rel1.win32_1.1.100.202309141235/tools/bin/../lib/gcc/arm-none-eabi/11.3.1/../../../../arm-none-eabi/lib/thumb/v7e-m+fp/hard\libm.a(libm_a-s_fabs.o)
                              C:/ST/STM32CubeIDE_1.14.1/STM32CubeIDE/plugins/com.st.stm32cube.ide.mcu.externaltools.gnu-tools-for-stm32.11.3.rel1.win32_1.1.100.202309141235/tools/bin/../lib/gcc/arm-none-eabi/11.3.1/../../../../arm-none-eabi/lib/thumb/v7e-m+fp/hard\libm.a(libm_a-e_rem_pio2.o) (fabs)
C:/ST/STM32CubeIDE_1.14.1/STM32CubeIDE/plugins/com.st.stm32cube.ide.mcu.externaltools.gnu-tools-for-stm32.11.3.rel1.win32_1.1.100.202309141235/tools/bin/../lib/gcc/arm-none-eabi/11.3.1/../../../../arm-none-eabi/lib/thumb/v7e-m+fp/hard\libm.a(libm_a-k_rem_pio2.o)
                              C:/ST/STM32CubeIDE_1.14.1/STM32CubeIDE/plugins/com.st.stm32cube.ide.mcu.externaltools.gnu-tools-for-stm32.11.3.rel1.win32_1.1.100.202309141235/tools/bin/../lib/gcc/arm-none-eabi/11.3.1/../../../../arm-none-eabi/lib/thumb/v7e-m+fp/hard\libm.a(libm_a-e_rem_pio2.o) (__kernel_rem_pio2)
C:/ST/STM32CubeIDE_1.14.1/STM32CubeIDE/plugins/com.st.stm32cube.ide.mcu.externaltools.gnu-tools-for-stm32.11.3.rel1.win32_1.1.100.202309141235/tools/bin/../lib/gcc/arm-none-eabi/11.3.1/../../../../arm-none-eabi/lib/thumb/v7e-m+fp/hard\libm.a(libm_a-s_scalbn.o)
                              C:/ST/STM32CubeIDE_1.14.1/STM32CubeIDE/plugins/com.st.stm32cube.ide.mcu.externaltools.gnu-tools-for-stm32.11.3.rel1.win32_1.1.100.202309141235/tools/bin/../lib/gcc/arm-none-eabi/11.3.1/../../../../arm-none-eabi/lib/thumb/v7e-m+fp/hard\libm.a(libm_a-k_rem_pio2.o) (scalbn)
C:/ST/STM32CubeIDE_1.14.1/STM32CubeIDE/plugins/com.st.stm32cube.ide.mcu.externaltools.gnu-tools-for-stm32.11.3.rel1.win32_1.1.100.202309141235/tools/bin/../lib/gcc/arm-none-eabi/11.3.1/../../../../arm-none-eabi/lib/thumb/v7e-m+fp/hard\libm.a(libm_a-s_floor.o)
                              C:/ST/STM32CubeIDE_1.14.1/STM32CubeIDE/plugins/com.st.stm32cube.ide.mcu.externaltools.gnu-tools-for-stm32.11.3.rel1.win32_1.1.100.202309141235/tools/bin/../lib/gcc/arm-none-eabi/11.3.1/../../../../arm-none-eabi/lib/thumb/v7e-m+fp/hard\libm.a(libm_a-k_rem_pio2.o) (floor)
C:/ST/STM32CubeIDE_1.14.1/STM32CubeIDE/plugins/com.st.stm32cube.ide.mcu.externaltools.gnu-tools-for-stm32.11.3.rel1.win32_1.1.100.202309141235/tools/bin/../lib/gcc/arm-none-eabi/11.3.1/../../../../arm-none-eabi/lib/thumb/v7e-m+fp/hard\libc_nano.a(libc_a-exit.o)
                              C:/ST/STM32CubeIDE_1.14.1/STM32CubeIDE/plugins/com.st.stm32cube.ide.mcu.externaltools.gnu-tools-for-stm32.11.3.rel1.win32_1.1.100.202309141235/tools/bin/../lib/gcc/arm-none-eabi/11.3.1/../../../../arm-none-eabi/lib/thumb/v7e-m+fp/hard/crt0.o (exit)
[...]
Memory Configuration

Name             Origin             Length             Attributes
CCMRAM           0x0000000010000000 0x0000000000010000 xrw
RAM              0x0000000020000000 0x0000000000020000 xrw
FLASH            0x0000000008000000 0x0000000000100000 xr
*default*        0x0000000000000000 0xffffffffffffffff

Linker script and memory map

LOAD C:/ST/STM32CubeIDE_1.14.1/STM32CubeIDE/plugins/com.st.stm32cube.ide.mcu.externaltools.gnu-tools-for-stm32.11.3.rel1.win32_1.1.100.202309141235/tools/bin/../lib/gcc/arm-none-eabi/11.3.1/thumb/v7e-m+fp/hard/crti.o
LOAD C:/ST/STM32CubeIDE_1.14.1/STM32CubeIDE/plugins/com.st.stm32cube.ide.mcu.externaltools.gnu-tools-for-stm32.11.3.rel1.win32_1.1.100.202309141235/tools/bin/../lib/gcc/arm-none-eabi/11.3.1/thumb/v7e-m+fp/hard/crtbegin.o
LOAD C:/ST/STM32CubeIDE_1.14.1/STM32CubeIDE/plugins/com.st.stm32cube.ide.mcu.externaltools.gnu-tools-for-stm32.11.3.rel1.win32_1.1.100.202309141235/tools/bin/../lib/gcc/arm-none-eabi/11.3.1/../../../../arm-none-eabi/lib/thumb/v7e-m+fp/hard/crt0.o
LOAD ./Core/Src/AUDIO.o
LOAD ./Core/Src/AUDIO_LINK.o
LOAD ./Core/Src/InputHandler.o
LOAD ./Core/Src/audioBuffer.o
LOAD ./Core/Src/cs43l22.o
LOAD ./Core/Src/event_loop.o
LOAD ./Core/Src/main.o
LOAD ./Core/Src/stm32f4xx_hal_msp.o
LOAD ./Core/Src/stm32f4xx_it.o
LOAD ./Core/Src/syscalls.o
LOAD ./Core/Src/sysmem.o
LOAD ./Core/Src/system_stm32f4xx.o
LOAD ./Core/Src/ws2812-spi.o
LOAD ./Core/Startup/startup_stm32f407vgtx.o
LOAD ./Drivers/STM32F4xx_HAL_Driver/Src/stm32f4xx_hal.o
LOAD ./Drivers/STM32F4xx_HAL_Driver/Src/stm32f4xx_hal_adc.o
LOAD ./Drivers/STM32F4xx_HAL_Driver/Src/stm32f4xx_hal_adc_ex.o
LOAD ./Drivers/STM32F4xx_HAL_Driver/Src/stm32f4xx_hal_cortex.o
LOAD ./Drivers/STM32F4xx_HAL_Driver/Src/stm32f4xx_hal_dma.o
LOAD ./Drivers/STM32F4xx_HAL_Driver/Src/stm32f4xx_hal_dma_ex.o
LOAD ./Drivers/STM32F4xx_HAL_Driver/Src/stm32f4xx_hal_exti.o
LOAD ./Drivers/STM32F4xx_HAL_Driver/Src/stm32f4xx_hal_flash.o
LOAD ./Drivers/STM32F4xx_HAL_Driver/Src/stm32f4xx_hal_flash_ex.o
LOAD ./Drivers/STM32F4xx_HAL_Driver/Src/stm32f4xx_hal_flash_ramfunc.o
LOAD ./Drivers/STM32F4xx_HAL_Driver/Src/stm32f4xx_hal_gpio.o
LOAD ./Drivers/STM32F4xx_HAL_Driver/Src/stm32f4xx_hal_i2c.o
LOAD ./Drivers/STM32F4xx_HAL_Driver/Src/stm32f4xx_hal_i2c_ex.o
LOAD ./Drivers/STM32F4xx_HAL_Driver/Src/stm32f4xx_hal_i2s.o
LOAD ./Drivers/STM32F4xx_HAL_Driver/Src/stm32f4xx_hal_i2s_ex.o
LOAD ./Drivers/STM32F4xx_HAL_Driver/Src/stm32f4xx_hal_pwr.o
LOAD ./Drivers/STM32F4xx_HAL_Driver/Src/stm32f4xx_hal_pwr_ex.o
LOAD ./Drivers/STM32F4xx_HAL_Driver/Src/stm32f4xx_hal_rcc.o
LOAD ./Drivers/STM32F4xx_HAL_Driver/Src/stm32f4xx_hal_rcc_ex.o
LOAD ./Drivers/STM32F4xx_HAL_Driver/Src/stm32f4xx_hal_spi.o
LOAD ./Drivers/STM32F4xx_HAL_Driver/Src/stm32f4xx_hal_tim.o
LOAD ./Drivers/STM32F4xx_HAL_Driver/Src/stm32f4xx_hal_tim_ex.o
LOAD ./Drivers/STM32F4xx_HAL_Driver/Src/stm32f4xx_ll_adc.o
START GROUP
LOAD C:/ST/STM32CubeIDE_1.14.1/STM32CubeIDE/plugins/com.st.stm32cube.ide.mcu.externaltools.gnu-tools-for-stm32.11.3.rel1.win32_1.1.100.202309141235/tools/bin/../lib/gcc/arm-none-eabi/11.3.1/../../../../arm-none-eabi/lib/thumb/v7e-m+fp/hard\libstdc++_nano.a
LOAD C:/ST/STM32CubeIDE_1.14.1/STM32CubeIDE/plugins/com.st.stm32cube.ide.mcu.externaltools.gnu-tools-for-stm32.11.3.rel1.win32_1.1.100.202309141235/tools/bin/../lib/gcc/arm-none-eabi/11.3.1/../../../../arm-none-eabi/lib/thumb/v7e-m+fp/hard\libsupc++_nano.a
END GROUP
LOAD C:/ST/STM32CubeIDE_1.14.1/STM32CubeIDE/plugins/com.st.stm32cube.ide.mcu.externaltools.gnu-tools-for-stm32.11.3.rel1.win32_1.1.100.202309141235/tools/bin/../lib/gcc/arm-none-eabi/11.3.1/../../../../arm-none-eabi/lib/thumb/v7e-m+fp/hard\libstdc++_nano.a
LOAD C:/ST/STM32CubeIDE_1.14.1/STM32CubeIDE/plugins/com.st.stm32cube.ide.mcu.externaltools.gnu-tools-for-stm32.11.3.rel1.win32_1.1.100.202309141235/tools/bin/../lib/gcc/arm-none-eabi/11.3.1/../../../../arm-none-eabi/lib/thumb/v7e-m+fp/hard\libm.a
LOAD C:/ST/STM32CubeIDE_1.14.1/STM32CubeIDE/plugins/com.st.stm32cube.ide.mcu.externaltools.gnu-tools-for-stm32.11.3.rel1.win32_1.1.100.202309141235/tools/bin/../lib/gcc/arm-none-eabi/11.3.1/../../../../arm-none-eabi/lib/thumb/v7e-m+fp/hard\libc_nano.a
START GROUP
LOAD C:/ST/STM32CubeIDE_1.14.1/STM32CubeIDE/plugins/com.st.stm32cube.ide.mcu.externaltools.gnu-tools-for-stm32.11.3.rel1.win32_1.1.100.202309141235/tools/bin/../lib/gcc/arm-none-eabi/11.3.1/thumb/v7e-m+fp/hard\libgcc.a
LOAD C:/ST/STM32CubeIDE_1.14.1/STM32CubeIDE/plugins/com.st.stm32cube.ide.mcu.externaltools.gnu-tools-for-stm32.11.3.rel1.win32_1.1.100.202309141235/tools/bin/../lib/gcc/arm-none-eabi/11.3.1/../../../../arm-none-eabi/lib/thumb/v7e-m+fp/hard\libc_nano.a
END GROUP
START GROUP
LOAD C:/ST/STM32CubeIDE_1.14.1/STM32CubeIDE/plugins/com.st.stm32cube.ide.mcu.externaltools.gnu-tools-for-stm32.11.3.rel1.win32_1.1.100.202309141235/tools/bin/../lib/gcc/arm-none-eabi/11.3.1/thumb/v7e-m+fp/hard\libgcc.a
LOAD C:/ST/STM32CubeIDE_1.14.1/STM32CubeIDE/plugins/com.st.stm32cube.ide.mcu.externaltools.gnu-tools-for-stm32.11.3.rel1.win32_1.1.100.202309141235/tools/bin/../lib/gcc/arm-none-eabi/11.3.1/../../../../arm-none-eabi/lib/thumb/v7e-m+fp/hard\libc_nano.a
LOAD C:/ST/STM32CubeIDE_1.14.1/STM32CubeIDE/plugins/com.st.stm32cube.ide.mcu.externaltools.gnu-tools-for-stm32.11.3.rel1.win32_1.1.100.202309141235/tools/bin/../lib/gcc/arm-none-eabi/11.3.1/../../../../arm-none-eabi/lib/thumb/v7e-m+fp/hard\libnosys.a
END GROUP
START GROUP
LOAD C:/ST/STM32CubeIDE_1.14.1/STM32CubeIDE/plugins/com.st.stm32cube.ide.mcu.externaltools.gnu-tools-for-stm32.11.3.rel1.win32_1.1.100.202309141235/tools/bin/../lib/gcc/arm-none-eabi/11.3.1/thumb/v7e-m+fp/hard\libgcc.a
LOAD C:/ST/STM32CubeIDE_1.14.1/STM32CubeIDE/plugins/com.st.stm32cube.ide.mcu.externaltools.gnu-tools-for-stm32.11.3.rel1.win32_1.1.100.202309141235/tools/bin/../lib/gcc/arm-none-eabi/11.3.1/../../../../arm-none-eabi/lib/thumb/v7e-m+fp/hard\libc_nano.a
LOAD C:/ST/STM32CubeIDE_1.14.1/STM32CubeIDE/plugins/com.st.stm32cube.ide.mcu.externaltools.gnu-tools-for-stm32.11.3.rel1.win32_1.1.100.202309141235/tools/bin/../lib/gcc/arm-none-eabi/11.3.1/../../../../arm-none-eabi/lib/thumb/v7e-m+fp/hard\libnosys.a
END GROUP
LOAD C:/ST/STM32CubeIDE_1.14.1/STM32CubeIDE/plugins/com.st.stm32cube.ide.mcu.externaltools.gnu-tools-for-stm32.11.3.rel1.win32_1.1.100.202309141235/tools/bin/../lib/gcc/arm-none-eabi/11.3.1/thumb/v7e-m+fp/hard/crtend.o
LOAD C:/ST/STM32CubeIDE_1.14.1/STM32CubeIDE/plugins/com.st.stm32cube.ide.mcu.externaltools.gnu-tools-for-stm32.11.3.rel1.win32_1.1.100.202309141235/tools/bin/../lib/gcc/arm-none-eabi/11.3.1/thumb/v7e-m+fp/hard/crtn.o
                0x0000000020020000                _estack = (ORIGIN (RAM) + LENGTH (RAM))
                0x0000000000000200                _Min_Heap_Size = 0x200
                0x0000000000000400                _Min_Stack_Size = 0x400

.isr_vector     0x0000000008000000      0x188
                0x0000000008000000                . = ALIGN (0x4)
 *(.isr_vector)
 .isr_vector    0x0000000008000000      0x188 ./Core/Startup/startup_stm32f407vgtx.o
                0x0000000008000000                g_pfnVectors
                0x0000000008000188                . = ALIGN (0x4)

.text           0x0000000008000188     0x5ff8
                0x0000000008000188                . = ALIGN (0x4)
 *(.text)
 .text          0x0000000008000188       0x40 C:/ST/STM32CubeIDE_1.14.1/STM32CubeIDE/plugins/com.st.stm32cube.ide.mcu.externaltools.gnu-tools-for-stm32.11.3.rel1.win32_1.1.100.202309141235/tools/bin/../lib/gcc/arm-none-eabi/11.3.1/thumb/v7e-m+fp/hard/crtbegin.o
 .text          0x00000000080001c8      0x254 C:/ST/STM32CubeIDE_1.14.1/STM32CubeIDE/plugins/com.st.stm32cube.ide.mcu.externaltools.gnu-tools-for-stm32.11.3.rel1.win32_1.1.100.202309141235/tools/bin/../lib/gcc/arm-none-eabi/11.3.1/thumb/v7e-m+fp/hard\libgcc.a(_arm_muldf3.o)
                0x00000000080001c8                __muldf3
                0x00000000080001c8                __aeabi_dmul
 .text          0x000000000800041c      0x378 C:/ST/STM32CubeIDE_1.14.1/STM32CubeIDE/plugins/com.st.stm32cube.ide.mcu.externaltools.gnu-tools-for-stm32.11.3.rel1.win32_1.1.100.202309141235/tools/bin/../lib/gcc/arm-none-eabi/11.3.1/thumb/v7e-m+fp/hard\libgcc.a(_arm_addsubdf3.o)
                0x000000000800041c                __aeabi_drsub
                0x0000000008000424                __aeabi_dsub
                0x0000000008000424                __subdf3
                0x0000000008000428                __aeabi_dadd
                0x0000000008000428                __adddf3
                0x00000000080006a0                __floatunsidf
                0x00000000080006a0                __aeabi_ui2d
                0x00000000080006c0                __floatsidf
                0x00000000080006c0                __aeabi_i2d
                0x00000000080006e4                __aeabi_f2d
                0x00000000080006e4                __extendsfdf2
                0x0000000008000728                __floatundidf
                0x0000000008000728                __aeabi_ul2d
                0x0000000008000738                __floatdidf
                0x0000000008000738                __aeabi_l2d
 .text          0x0000000008000794      0x110 C:/ST/STM32CubeIDE_1.14.1/STM32CubeIDE/plugins/com.st.stm32cube.ide.mcu.externaltools.gnu-tools-for-stm32.11.3.rel1.win32_1.1.100.202309141235/tools/bin/../lib/gcc/arm-none-eabi/11.3.1/thumb/v7e-m+fp/hard\libgcc.a(_arm_cmpdf2.o)
                0x0000000008000794                __gtdf2
                0x0000000008000794                __gedf2
                0x000000000800079c                __ltdf2
                0x000000000800079c                __ledf2
                0x00000000080007a4                __nedf2
                0x00000000080007a4                __eqdf2
                0x00000000080007a4                __cmpdf2
                0x0000000008000820                __aeabi_cdrcmple
                0x0000000008000830                __aeabi_cdcmpeq
                0x0000000008000830                __aeabi_cdcmple
                0x0000000008000840                __aeabi_dcmpeq
                0x0000000008000854                __aeabi_dcmplt
                0x0000000008000868                __aeabi_dcmple
                0x000000000800087c                __aeabi_dcmpge
                0x0000000008000890                __aeabi_dcmpgt
 .text          0x00000000080008a4       0x50 C:/ST/STM32CubeIDE_1.14.1/STM32CubeIDE/plugins/com.st.stm32cube.ide.mcu.externaltools.gnu-tools-for-stm32.11.3.rel1.win32_1.1.100.202309141235/tools/bin/../lib/gcc/arm-none-eabi/11.3.1/thumb/v7e-m+fp/hard\libgcc.a(_arm_fixdfsi.o)
                0x00000000080008a4                __aeabi_d2iz
                0x00000000080008a4                __fixdfsi
 .text          0x00000000080008f4       0x40 C:/ST/STM32CubeIDE_1.14.1/STM32CubeIDE/plugins/com.st.stm32cube.ide.mcu.externaltools.gnu-tools-for-stm32.11.3.rel1.win32_1.1.100.202309141235/tools/bin/../lib/gcc/arm-none-eabi/11.3.1/thumb/v7e-m+fp/hard\libgcc.a(_arm_fixunsdfsi.o)
                0x00000000080008f4                __aeabi_d2uiz
                0x00000000080008f4                __fixunsdfsi
 .text          0x0000000008000934       0xa0 C:/ST/STM32CubeIDE_1.14.1/STM32CubeIDE/plugins/com.st.stm32cube.ide.mcu.externaltools.gnu-tools-for-stm32.11.3.rel1.win32_1.1.100.202309141235/tools/bin/../lib/gcc/arm-none-eabi/11.3.1/thumb/v7e-m+fp/hard\libgcc.a(_arm_truncdfsf2.o)
                0x0000000008000934                __truncdfsf2
                0x0000000008000934                __aeabi_d2f
 .text          0x00000000080009d4       0x30 C:/ST/STM32CubeIDE_1.14.1/STM32CubeIDE/plugins/com.st.stm32cube.ide.mcu.externaltools.gnu-tools-for-stm32.11.3.rel1.win32_1.1.100.202309141235/tools/bin/../lib/gcc/arm-none-eabi/11.3.1/thumb/v7e-m+fp/hard\libgcc.a(_aeabi_uldivmod.o)
                0x00000000080009d4                __aeabi_uldivmod
 .text          0x0000000008000a04      0x2c8 C:/ST/STM32CubeIDE_1.14.1/STM32CubeIDE/plugins/com.st.stm32cube.ide.mcu.externaltools.gnu-tools-for-stm32.11.3.rel1.win32_1.1.100.202309141235/tools/bin/../lib/gcc/arm-none-eabi/11.3.1/thumb/v7e-m+fp/hard\libgcc.a(_udivmoddi4.o)
                0x0000000008000a04                __udivmoddi4
 .text          0x0000000008000ccc        0x4 C:/ST/STM32CubeIDE_1.14.1/STM32CubeIDE/plugins/com.st.stm32cube.ide.mcu.externaltools.gnu-tools-for-stm32.11.3.rel1.win32_1.1.100.202309141235/tools/bin/../lib/gcc/arm-none-eabi/11.3.1/thumb/v7e-m+fp/hard\libgcc.a(_dvmd_tls.o)
                0x0000000008000ccc                __aeabi_idiv0
                0x0000000008000ccc                __aeabi_ldiv0
 *(.text*)
 .text.AUDIO_OUT_Play
                0x0000000008000cd0       0x44 ./Core/Src/AUDIO.o
                0x0000000008000cd0                AUDIO_OUT_Play
 .text.AUDIO_OUT_SetVolume
                0x0000000008000d14       0x1c ./Core/Src/AUDIO.o
                0x0000000008000d14                AUDIO_OUT_SetVolume
 .text.AUDIO_OUT_MspInit
                0x0000000008000d30      0x120 ./Core/Src/AUDIO.o
                0x0000000008000d30                AUDIO_OUT_MspInit
 .text.AUDIO_OUT_Init
                0x0000000008000e50       0x8c ./Core/Src/AUDIO.o
                0x0000000008000e50                AUDIO_OUT_Init
 .text.HAL_I2S_TxCpltCallback
                0x0000000008000edc       0x18 ./Core/Src/AUDIO.o
                0x0000000008000edc                HAL_I2S_TxCpltCallback
 .text.HAL_I2S_TxHalfCpltCallback
                0x0000000008000ef4       0x18 ./Core/Src/AUDIO.o
                0x0000000008000ef4                HAL_I2S_TxHalfCpltCallback
 .text.AUDIO_OUT_Error_CallBack
                0x0000000008000f0c        0x4 ./Core/Src/AUDIO.o
                0x0000000008000f0c                AUDIO_OUT_Error_CallBack
 .text.HAL_I2S_ErrorCallback
                0x0000000008000f10       0x18 ./Core/Src/AUDIO.o
                0x0000000008000f10                HAL_I2S_ErrorCallback
 .text.I2Cx_Init.part.0
                0x0000000008000f28       0xbc ./Core/Src/AUDIO_LINK.o
 .text.AUDIO_IO_Init
                0x0000000008000fe4       0x74 ./Core/Src/AUDIO_LINK.o
                0x0000000008000fe4                AUDIO_IO_Init
 .text.AUDIO_IO_DeInit
                0x0000000008001058        0x4 ./Core/Src/AUDIO_LINK.o
                0x0000000008001058                AUDIO_IO_DeInit
 .text.AUDIO_IO_Write
                0x000000000800105c       0x4c ./Core/Src/AUDIO_LINK.o
                0x000000000800105c                AUDIO_IO_Write
 .text.AUDIO_IO_Read
                0x00000000080010a8       0x58 ./Core/Src/AUDIO_LINK.o
                0x00000000080010a8                AUDIO_IO_Read
 .text._Z9getInputsv
                0x0000000008001100      0x114 ./Core/Src/InputHandler.o
                0x0000000008001100                getInputs()
 .text._Z15fillAudioBufferv
                0x0000000008001214      0x598 ./Core/Src/audioBuffer.o
                0x0000000008001214                fillAudioBuffer()
 .text.AUDIO_OUT_HalfTransfer_CallBack
                0x00000000080017ac       0x4c ./Core/Src/audioBuffer.o
                0x00000000080017ac                AUDIO_OUT_HalfTransfer_CallBack
 .text.AUDIO_OUT_TransferComplete_CallBack
                0x00000000080017f8       0x4c ./Core/Src/audioBuffer.o
                0x00000000080017f8                AUDIO_OUT_TransferComplete_CallBack
 .text.cs43l22_SetFrequency
                0x0000000008001844        0x4 ./Core/Src/cs43l22.o
                0x0000000008001844                cs43l22_SetFrequency
 .text.cs43l22_Reset
                0x0000000008001848        0x4 ./Core/Src/cs43l22.o
                0x0000000008001848                cs43l22_Reset
 .text.cs43l22_SetVolume
                0x000000000800184c       0x58 ./Core/Src/cs43l22.o
                0x000000000800184c                cs43l22_SetVolume
 .text.cs43l22_DeInit
                0x00000000080018a4        0x4 ./Core/Src/cs43l22.o
                0x00000000080018a4                cs43l22_DeInit
 .text.cs43l22_ReadID
                0x00000000080018a8       0x18 ./Core/Src/cs43l22.o
                0x00000000080018a8                cs43l22_ReadID
 .text.cs43l22_SetMute
                0x00000000080018c0       0x5c ./Core/Src/cs43l22.o
                0x00000000080018c0                cs43l22_SetMute
 .text.cs43l22_SetOutputMode
                0x000000000800191c       0x64 ./Core/Src/cs43l22.o
                0x000000000800191c                cs43l22_SetOutputMode
 .text.cs43l22_Pause
                0x0000000008001980       0x38 ./Core/Src/cs43l22.o
                0x0000000008001980                cs43l22_Pause
 .text.cs43l22_Stop
                0x00000000080019b8       0x4c ./Core/Src/cs43l22.o
                0x00000000080019b8                cs43l22_Stop
 .text.cs43l22_Resume
                0x0000000008001a04       0x60 ./Core/Src/cs43l22.o
                0x0000000008001a04                cs43l22_Resume
 .text.cs43l22_Play
                0x0000000008001a64       0x5c ./Core/Src/cs43l22.o
                0x0000000008001a64                cs43l22_Play
 .text.cs43l22_Init
                0x0000000008001ac0      0x10c ./Core/Src/cs43l22.o
                0x0000000008001ac0                cs43l22_Init
 *fill*         0x0000000008001bcc        0x4 
 .text._Z12EventLoopCppv
                0x0000000008001bd0       0xe8 ./Core/Src/event_loop.o
                0x0000000008001bd0                EventLoopCpp()
 .text.EventLoopC
                0x0000000008001cb8        0x8 ./Core/Src/event_loop.o
                0x0000000008001cb8                EventLoopC
 .text.startup._GLOBAL__sub_I_synth
                0x0000000008001cc0      0x120 ./Core/Src/event_loop.o
 .text.SystemClock_Config
                0x0000000008001de0       0xa4 ./Core/Src/main.o
                0x0000000008001de0                SystemClock_Config
 .text.startup.main
                0x0000000008001e84      0x2bc ./Core/Src/main.o
                0x0000000008001e84                main
 .text.Error_Handler
                0x0000000008002140        0x4 ./Core/Src/main.o
                0x0000000008002140                Error_Handler
 .text.HAL_MspInit
                0x0000000008002144       0x3c ./Core/Src/stm32f4xx_hal_msp.o
                0x0000000008002144                HAL_MspInit
 .text.HAL_ADC_MspInit
                0x0000000008002180       0xac ./Core/Src/stm32f4xx_hal_msp.o
                0x0000000008002180                HAL_ADC_MspInit
 .text.HAL_I2C_MspInit
                0x000000000800222c       0x70 ./Core/Src/stm32f4xx_hal_msp.o
                0x000000000800222c                HAL_I2C_MspInit
 .text.HAL_I2C_MspDeInit
                0x000000000800229c       0x38 ./Core/Src/stm32f4xx_hal_msp.o
                0x000000000800229c                HAL_I2C_MspDeInit
 .text.HAL_I2S_MspInit
                0x00000000080022d4      0x120 ./Core/Src/stm32f4xx_hal_msp.o
                0x00000000080022d4                HAL_I2S_MspInit
 .text.HAL_SPI_MspInit
                0x00000000080023f4       0xa8 ./Core/Src/stm32f4xx_hal_msp.o
                0x00000000080023f4                HAL_SPI_MspInit
 .text.NMI_Handler
                0x000000000800249c        0x4 ./Core/Src/stm32f4xx_it.o
                0x000000000800249c                NMI_Handler
 .text.HardFault_Handler
                0x00000000080024a0        0x4 ./Core/Src/stm32f4xx_it.o
                0x00000000080024a0                HardFault_Handler
 .text.MemManage_Handler
                0x00000000080024a4        0x4 ./Core/Src/stm32f4xx_it.o
                0x00000000080024a4                MemManage_Handler
 .text.BusFault_Handler
                0x00000000080024a8        0x4 ./Core/Src/stm32f4xx_it.o
                0x00000000080024a8                BusFault_Handler
 .text.UsageFault_Handler
                0x00000000080024ac        0x4 ./Core/Src/stm32f4xx_it.o
                0x00000000080024ac                UsageFault_Handler
 .text.SVC_Handler
                0x00000000080024b0        0x4 ./Core/Src/stm32f4xx_it.o
                0x00000000080024b0                SVC_Handler
 .text.DebugMon_Handler
                0x00000000080024b4        0x4 ./Core/Src/stm32f4xx_it.o
                0x00000000080024b4                DebugMon_Handler
 .text.PendSV_Handler
                0x00000000080024b8        0x4 ./Core/Src/stm32f4xx_it.o
                0x00000000080024b8                PendSV_Handler
 .text.SysTick_Handler
                0x00000000080024bc        0x4 ./Core/Src/stm32f4xx_it.o
                0x00000000080024bc                SysTick_Handler
 .text.DMA1_Stream4_IRQHandler
                0x00000000080024c0       0x24 ./Core/Src/stm32f4xx_it.o
                0x00000000080024c0                DMA1_Stream4_IRQHandler
 .text.DMA1_Stream7_IRQHandler
                0x00000000080024e4        0xc ./Core/Src/stm32f4xx_it.o
                0x00000000080024e4                DMA1_Stream7_IRQHandler
 .text.DMA2_Stream0_IRQHandler
                0x00000000080024f0        0xc ./Core/Src/stm32f4xx_it.o
                0x00000000080024f0                DMA2_Stream0_IRQHandler
 .text.SystemInit
                0x00000000080024fc       0x14 ./Core/Src/system_stm32f4xx.o
                0x00000000080024fc                SystemInit
 .text._Z11ws2812_initv
                0x0000000008002510       0x34 ./Core/Src/ws2812-spi.o
                0x0000000008002510                ws2812_init()
 .text.Reset_Handler
                0x0000000008002544       0x50 ./Core/Startup/startup_stm32f407vgtx.o
                0x0000000008002544                Reset_Handler
 .text.Default_Handler
                0x0000000008002594        0x2 ./Core/Startup/startup_stm32f407vgtx.o
                0x0000000008002594                RTC_Alarm_IRQHandler
                0x0000000008002594                HASH_RNG_IRQHandler
                0x0000000008002594                EXTI2_IRQHandler
                0x0000000008002594                TIM8_CC_IRQHandler
                0x0000000008002594                TIM1_CC_IRQHandler
                0x0000000008002594                DMA2_Stream5_IRQHandler
                0x0000000008002594                DMA1_Stream5_IRQHandler
                0x0000000008002594                PVD_IRQHandler
                0x0000000008002594                SDIO_IRQHandler
                0x0000000008002594                TAMP_STAMP_IRQHandler
                0x0000000008002594                CAN2_RX1_IRQHandler
                0x0000000008002594                EXTI3_IRQHandler
                0x0000000008002594                TIM8_TRG_COM_TIM14_IRQHandler
                0x0000000008002594                TIM1_UP_TIM10_IRQHandler
                0x0000000008002594                TIM8_UP_TIM13_IRQHandler
                0x0000000008002594                I2C3_ER_IRQHandler
                0x0000000008002594                EXTI0_IRQHandler
                0x0000000008002594                I2C2_EV_IRQHandler
                0x0000000008002594                DMA1_Stream2_IRQHandler
                0x0000000008002594                CAN1_RX0_IRQHandler
                0x0000000008002594                FPU_IRQHandler
                0x0000000008002594                OTG_HS_WKUP_IRQHandler
                0x0000000008002594                CAN2_SCE_IRQHandler
                0x0000000008002594                DMA2_Stream2_IRQHandler
                0x0000000008002594                SPI1_IRQHandler
                0x0000000008002594                TIM6_DAC_IRQHandler
                0x0000000008002594                TIM1_BRK_TIM9_IRQHandler
                0x0000000008002594                DCMI_IRQHandler
                0x0000000008002594                CAN2_RX0_IRQHandler
                0x0000000008002594                DMA2_Stream3_IRQHandler
                0x0000000008002594                USART6_IRQHandler
                0x0000000008002594                USART3_IRQHandler
                0x0000000008002594                CAN1_RX1_IRQHandler
                0x0000000008002594                UART5_IRQHandler
                0x0000000008002594                TIM4_IRQHandler
                0x0000000008002594                I2C1_EV_IRQHandler
                0x0000000008002594                DMA1_Stream6_IRQHandler
                0x0000000008002594                DMA1_Stream1_IRQHandler
                0x0000000008002594                UART4_IRQHandler
                0x0000000008002594                TIM3_IRQHandler
                0x0000000008002594                RCC_IRQHandler
                0x0000000008002594                TIM8_BRK_TIM12_IRQHandler
                0x0000000008002594                Default_Handler
                0x0000000008002594                EXTI15_10_IRQHandler
                0x0000000008002594                ADC_IRQHandler
                0x0000000008002594                TIM7_IRQHandler
                0x0000000008002594                CAN2_TX_IRQHandler
                0x0000000008002594                TIM5_IRQHandler
                0x0000000008002594                DMA2_Stream7_IRQHandler
                0x0000000008002594                I2C3_EV_IRQHandler
                0x0000000008002594                EXTI9_5_IRQHandler
                0x0000000008002594                RTC_WKUP_IRQHandler
                0x0000000008002594                ETH_WKUP_IRQHandler
                0x0000000008002594                SPI2_IRQHandler
                0x0000000008002594                OTG_HS_EP1_IN_IRQHandler
                0x0000000008002594                DMA1_Stream0_IRQHandler
                0x0000000008002594                CAN1_TX_IRQHandler
                0x0000000008002594                EXTI4_IRQHandler
                0x0000000008002594                FSMC_IRQHandler
                0x0000000008002594                ETH_IRQHandler
                0x0000000008002594                OTG_HS_EP1_OUT_IRQHandler
                0x0000000008002594                WWDG_IRQHandler
                0x0000000008002594                TIM2_IRQHandler
                0x0000000008002594                OTG_FS_WKUP_IRQHandler
                0x0000000008002594                TIM1_TRG_COM_TIM11_IRQHandler
                0x0000000008002594                OTG_HS_IRQHandler
                0x0000000008002594                EXTI1_IRQHandler
                0x0000000008002594                USART2_IRQHandler
                0x0000000008002594                I2C2_ER_IRQHandler
                0x0000000008002594                DMA2_Stream1_IRQHandler
                0x0000000008002594                CAN1_SCE_IRQHandler
                0x0000000008002594                FLASH_IRQHandler
                0x0000000008002594                DMA2_Stream4_IRQHandler
                0x0000000008002594                USART1_IRQHandler
                0x0000000008002594                OTG_FS_IRQHandler
                0x0000000008002594                SPI3_IRQHandler
                0x0000000008002594                I2C1_ER_IRQHandler
                0x0000000008002594                DMA2_Stream6_IRQHandler
                0x0000000008002594                DMA1_Stream3_IRQHandler
 *fill*         0x0000000008002596        0x2 
 .text.HAL_InitTick
                0x0000000008002598       0x48 ./Drivers/STM32F4xx_HAL_Driver/Src/stm32f4xx_hal.o
                0x0000000008002598                HAL_InitTick
 .text.HAL_Init
                0x00000000080025e0       0x34 ./Drivers/STM32F4xx_HAL_Driver/Src/stm32f4xx_hal.o
                0x00000000080025e0                HAL_Init
 .text.HAL_IncTick
                0x0000000008002614       0x18 ./Drivers/STM32F4xx_HAL_Driver/Src/stm32f4xx_hal.o
                0x0000000008002614                HAL_IncTick
 .text.HAL_GetTick
                0x000000000800262c        0xc ./Drivers/STM32F4xx_HAL_Driver/Src/stm32f4xx_hal.o
                0x000000000800262c                HAL_GetTick
 .text.HAL_Delay
                0x0000000008002638       0x24 ./Drivers/STM32F4xx_HAL_Driver/Src/stm32f4xx_hal.o
                0x0000000008002638                HAL_Delay
 .text.HAL_ADC_Init
                0x000000000800265c      0x158 ./Drivers/STM32F4xx_HAL_Driver/Src/stm32f4xx_hal_adc.o
                0x000000000800265c                HAL_ADC_Init
 .text.HAL_ADC_Start_DMA
                0x00000000080027b4      0x16c ./Drivers/STM32F4xx_HAL_Driver/Src/stm32f4xx_hal_adc.o
                0x00000000080027b4                HAL_ADC_Start_DMA
 .text.HAL_ADC_ConvCpltCallback
                0x0000000008002920        0x4 ./Drivers/STM32F4xx_HAL_Driver/Src/stm32f4xx_hal_adc.o
                0x0000000008002920                HAL_ADC_ConvCpltCallback
 .text.HAL_ADC_ConvHalfCpltCallback
                0x0000000008002924        0x4 ./Drivers/STM32F4xx_HAL_Driver/Src/stm32f4xx_hal_adc.o
                0x0000000008002924                HAL_ADC_ConvHalfCpltCallback
 .text.ADC_DMAHalfConvCplt
                0x0000000008002928        0xc ./Drivers/STM32F4xx_HAL_Driver/Src/stm32f4xx_hal_adc.o
 .text.HAL_ADC_ErrorCallback
                0x0000000008002934        0x4 ./Drivers/STM32F4xx_HAL_Driver/Src/stm32f4xx_hal_adc.o
                0x0000000008002934                HAL_ADC_ErrorCallback
 .text.ADC_DMAError
                0x0000000008002938       0x18 ./Drivers/STM32F4xx_HAL_Driver/Src/stm32f4xx_hal_adc.o
 .text.ADC_DMAConvCplt
                0x0000000008002950       0x6c ./Drivers/STM32F4xx_HAL_Driver/Src/stm32f4xx_hal_adc.o
 .text.HAL_ADC_ConfigChannel
                0x00000000080029bc      0x15c ./Drivers/STM32F4xx_HAL_Driver/Src/stm32f4xx_hal_adc.o
                0x00000000080029bc                HAL_ADC_ConfigChannel
 .text.HAL_NVIC_SetPriorityGrouping
                0x0000000008002b18       0x24 ./Drivers/STM32F4xx_HAL_Driver/Src/stm32f4xx_hal_cortex.o
                0x0000000008002b18                HAL_NVIC_SetPriorityGrouping
 .text.HAL_NVIC_SetPriority
                0x0000000008002b3c       0x7c ./Drivers/STM32F4xx_HAL_Driver/Src/stm32f4xx_hal_cortex.o
                0x0000000008002b3c                HAL_NVIC_SetPriority
 .text.HAL_NVIC_EnableIRQ
                0x0000000008002bb8       0x1c ./Drivers/STM32F4xx_HAL_Driver/Src/stm32f4xx_hal_cortex.o
                0x0000000008002bb8                HAL_NVIC_EnableIRQ
 .text.HAL_SYSTICK_Config
                0x0000000008002bd4       0x34 ./Drivers/STM32F4xx_HAL_Driver/Src/stm32f4xx_hal_cortex.o
                0x0000000008002bd4                HAL_SYSTICK_Config
 .text.HAL_DMA_Init
                0x0000000008002c08      0x130 ./Drivers/STM32F4xx_HAL_Driver/Src/stm32f4xx_hal_dma.o
                0x0000000008002c08                HAL_DMA_Init
 .text.HAL_DMA_DeInit
                0x0000000008002d38       0x80 ./Drivers/STM32F4xx_HAL_Driver/Src/stm32f4xx_hal_dma.o
                0x0000000008002d38                HAL_DMA_DeInit
 .text.HAL_DMA_Start_IT
                0x0000000008002db8       0x80 ./Drivers/STM32F4xx_HAL_Driver/Src/stm32f4xx_hal_dma.o
                0x0000000008002db8                HAL_DMA_Start_IT
 .text.HAL_DMA_IRQHandler
                0x0000000008002e38      0x1ac ./Drivers/STM32F4xx_HAL_Driver/Src/stm32f4xx_hal_dma.o
                0x0000000008002e38                HAL_DMA_IRQHandler
 .text.HAL_GPIO_Init
                0x0000000008002fe4      0x244 ./Drivers/STM32F4xx_HAL_Driver/Src/stm32f4xx_hal_gpio.o
                0x0000000008002fe4                HAL_GPIO_Init
 .text.HAL_GPIO_DeInit
                0x0000000008003228      0x174 ./Drivers/STM32F4xx_HAL_Driver/Src/stm32f4xx_hal_gpio.o
                0x0000000008003228                HAL_GPIO_DeInit
 .text.HAL_GPIO_ReadPin
                0x000000000800339c        0xc ./Drivers/STM32F4xx_HAL_Driver/Src/stm32f4xx_hal_gpio.o
                0x000000000800339c                HAL_GPIO_ReadPin
 .text.HAL_GPIO_WritePin
                0x00000000080033a8        0x8 ./Drivers/STM32F4xx_HAL_Driver/Src/stm32f4xx_hal_gpio.o
                0x00000000080033a8                HAL_GPIO_WritePin
 .text.I2C_WaitOnMasterAddressFlagUntilTimeout.constprop.0
                0x00000000080033b0       0x94 ./Drivers/STM32F4xx_HAL_Driver/Src/stm32f4xx_hal_i2c.o
 .text.I2C_RequestMemoryWrite
                0x0000000008003444      0x18c ./Drivers/STM32F4xx_HAL_Driver/Src/stm32f4xx_hal_i2c.o
 .text.I2C_RequestMemoryRead
                0x00000000080035d0      0x230 ./Drivers/STM32F4xx_HAL_Driver/Src/stm32f4xx_hal_i2c.o
 .text.HAL_I2C_Init
                0x0000000008003800      0x190 ./Drivers/STM32F4xx_HAL_Driver/Src/stm32f4xx_hal_i2c.o
                0x0000000008003800                HAL_I2C_Init
 .text.HAL_I2C_DeInit
                0x0000000008003990       0x34 ./Drivers/STM32F4xx_HAL_Driver/Src/stm32f4xx_hal_i2c.o
                0x0000000008003990                HAL_I2C_DeInit
 .text.HAL_I2C_Mem_Write
                0x00000000080039c4      0x1f8 ./Drivers/STM32F4xx_HAL_Driver/Src/stm32f4xx_hal_i2c.o
                0x00000000080039c4                HAL_I2C_Mem_Write
 .text.HAL_I2C_Mem_Read
                0x0000000008003bbc      0x3b8 ./Drivers/STM32F4xx_HAL_Driver/Src/stm32f4xx_hal_i2c.o
                0x0000000008003bbc                HAL_I2C_Mem_Read
 .text.HAL_I2C_GetState
                0x0000000008003f74        0x8 ./Drivers/STM32F4xx_HAL_Driver/Src/stm32f4xx_hal_i2c.o
                0x0000000008003f74                HAL_I2C_GetState
 .text.HAL_I2S_Init
                0x0000000008003f7c      0x148 ./Drivers/STM32F4xx_HAL_Driver/Src/stm32f4xx_hal_i2s.o
                0x0000000008003f7c                HAL_I2S_Init
 .text.HAL_I2S_Transmit_DMA
                0x00000000080040c4       0xc4 ./Drivers/STM32F4xx_HAL_Driver/Src/stm32f4xx_hal_i2s.o
                0x00000000080040c4                HAL_I2S_Transmit_DMA
 .text.I2S_DMATxHalfCplt
                0x0000000008004188        0xc ./Drivers/STM32F4xx_HAL_Driver/Src/stm32f4xx_hal_i2s.o
 .text.I2S_DMATxCplt
                0x0000000008004194       0x24 ./Drivers/STM32F4xx_HAL_Driver/Src/stm32f4xx_hal_i2s.o
 .text.HAL_I2S_RxCpltCallback
                0x00000000080041b8        0x4 ./Drivers/STM32F4xx_HAL_Driver/Src/stm32f4xx_hal_i2s.o
                0x00000000080041b8                HAL_I2S_RxCpltCallback
 .text.I2S_IRQHandler
                0x00000000080041bc      0x108 ./Drivers/STM32F4xx_HAL_Driver/Src/stm32f4xx_hal_i2s.o
 .text.I2S_DMAError
                0x00000000080042c4       0x2c ./Drivers/STM32F4xx_HAL_Driver/Src/stm32f4xx_hal_i2s.o
 .text.HAL_I2S_GetState
                0x00000000080042f0        0x8 ./Drivers/STM32F4xx_HAL_Driver/Src/stm32f4xx_hal_i2s.o
                0x00000000080042f0                HAL_I2S_GetState
 .text.HAL_I2SEx_TxRxCpltCallback
                0x00000000080042f8        0x4 ./Drivers/STM32F4xx_HAL_Driver/Src/stm32f4xx_hal_i2s_ex.o
                0x00000000080042f8                HAL_I2SEx_TxRxCpltCallback
 .text.HAL_I2SEx_FullDuplex_IRQHandler
                0x00000000080042fc      0x25c ./Drivers/STM32F4xx_HAL_Driver/Src/stm32f4xx_hal_i2s_ex.o
                0x00000000080042fc                HAL_I2SEx_FullDuplex_IRQHandler
 .text.HAL_RCC_OscConfig
                0x0000000008004558      0x3c8 ./Drivers/STM32F4xx_HAL_Driver/Src/stm32f4xx_hal_rcc.o
                0x0000000008004558                HAL_RCC_OscConfig
 .text.HAL_RCC_GetSysClockFreq
                0x0000000008004920       0x68 ./Drivers/STM32F4xx_HAL_Driver/Src/stm32f4xx_hal_rcc.o
                0x0000000008004920                HAL_RCC_GetSysClockFreq
 .text.HAL_RCC_ClockConfig
                0x0000000008004988      0x13c ./Drivers/STM32F4xx_HAL_Driver/Src/stm32f4xx_hal_rcc.o
                0x0000000008004988                HAL_RCC_ClockConfig
 .text.HAL_RCC_GetPCLK1Freq
                0x0000000008004ac4       0x20 ./Drivers/STM32F4xx_HAL_Driver/Src/stm32f4xx_hal_rcc.o
                0x0000000008004ac4                HAL_RCC_GetPCLK1Freq
 .text.HAL_RCCEx_PeriphCLKConfig
                0x0000000008004ae4      0x140 ./Drivers/STM32F4xx_HAL_Driver/Src/stm32f4xx_hal_rcc_ex.o
                0x0000000008004ae4                HAL_RCCEx_PeriphCLKConfig
 .text.HAL_RCCEx_GetPeriphCLKFreq
                0x0000000008004c24       0x54 ./Drivers/STM32F4xx_HAL_Driver/Src/stm32f4xx_hal_rcc_ex.o
                0x0000000008004c24                HAL_RCCEx_GetPeriphCLKFreq
 .text.SPI_WaitFlagStateUntilTimeout
                0x0000000008004c78       0xd4 ./Drivers/STM32F4xx_HAL_Driver/Src/stm32f4xx_hal_spi.o
 .text.SPI_EndRxTxTransaction.constprop.0
                0x0000000008004d4c      0x114 ./Drivers/STM32F4xx_HAL_Driver/Src/stm32f4xx_hal_spi.o
 .text.HAL_SPI_Init
                0x0000000008004e60       0xc4 ./Drivers/STM32F4xx_HAL_Driver/Src/stm32f4xx_hal_spi.o
                0x0000000008004e60                HAL_SPI_Init
 .text.HAL_SPI_Transmit_DMA
                0x0000000008004f24       0xc4 ./Drivers/STM32F4xx_HAL_Driver/Src/stm32f4xx_hal_spi.o
                0x0000000008004f24                HAL_SPI_Transmit_DMA
 .text.HAL_SPI_TxCpltCallback
                0x0000000008004fe8        0x4 ./Drivers/STM32F4xx_HAL_Driver/Src/stm32f4xx_hal_spi.o
                0x0000000008004fe8                HAL_SPI_TxCpltCallback
 .text.HAL_SPI_TxHalfCpltCallback
                0x0000000008004fec        0x4 ./Drivers/STM32F4xx_HAL_Driver/Src/stm32f4xx_hal_spi.o
                0x0000000008004fec                HAL_SPI_TxHalfCpltCallback
 .text.SPI_DMAHalfTransmitCplt
                0x0000000008004ff0        0xc ./Drivers/STM32F4xx_HAL_Driver/Src/stm32f4xx_hal_spi.o
 .text.HAL_SPI_ErrorCallback
                0x0000000008004ffc        0x4 ./Drivers/STM32F4xx_HAL_Driver/Src/stm32f4xx_hal_spi.o
                0x0000000008004ffc                HAL_SPI_ErrorCallback
 .text.SPI_DMAError
                0x0000000008005000       0x24 ./Drivers/STM32F4xx_HAL_Driver/Src/stm32f4xx_hal_spi.o
 .text.SPI_DMATransmitCplt
                0x0000000008005024       0x6c ./Drivers/STM32F4xx_HAL_Driver/Src/stm32f4xx_hal_spi.o
 .text.sin      0x0000000008005090       0xb0 C:/ST/STM32CubeIDE_1.14.1/STM32CubeIDE/plugins/com.st.stm32cube.ide.mcu.externaltools.gnu-tools-for-stm32.11.3.rel1.win32_1.1.100.202309141235/tools/bin/../lib/gcc/arm-none-eabi/11.3.1/../../../../arm-none-eabi/lib/thumb/v7e-m+fp/hard\libm.a(libm_a-s_sin.o)
                0x0000000008005090                sin
 .text.__kernel_cos
                0x0000000008005140      0x18c C:/ST/STM32CubeIDE_1.14.1/STM32CubeIDE/plugins/com.st.stm32cube.ide.mcu.externaltools.gnu-tools-for-stm32.11.3.rel1.win32_1.1.100.202309141235/tools/bin/../lib/gcc/arm-none-eabi/11.3.1/../../../../arm-none-eabi/lib/thumb/v7e-m+fp/hard\libm.a(libm_a-k_cos.o)
                0x0000000008005140                __kernel_cos
 *fill*         0x00000000080052cc        0x4 
 .text.__kernel_sin
                0x00000000080052d0      0x17c C:/ST/STM32CubeIDE_1.14.1/STM32CubeIDE/plugins/com.st.stm32cube.ide.mcu.externaltools.gnu-tools-for-stm32.11.3.rel1.win32_1.1.100.202309141235/tools/bin/../lib/gcc/arm-none-eabi/11.3.1/../../../../arm-none-eabi/lib/thumb/v7e-m+fp/hard\libm.a(libm_a-k_sin.o)
                0x00000000080052d0                __kernel_sin
 *fill*         0x000000000800544c        0x4 
 .text.__ieee754_rem_pio2
                0x0000000008005450      0x40c C:/ST/STM32CubeIDE_1.14.1/STM32CubeIDE/plugins/com.st.stm32cube.ide.mcu.externaltools.gnu-tools-for-stm32.11.3.rel1.win32_1.1.100.202309141235/tools/bin/../lib/gcc/arm-none-eabi/11.3.1/../../../../arm-none-eabi/lib/thumb/v7e-m+fp/hard\libm.a(libm_a-e_rem_pio2.o)
                0x0000000008005450                __ieee754_rem_pio2
 .text.fabs     0x000000000800585c       0x12 C:/ST/STM32CubeIDE_1.14.1/STM32CubeIDE/plugins/com.st.stm32cube.ide.mcu.externaltools.gnu-tools-for-stm32.11.3.rel1.win32_1.1.100.202309141235/tools/bin/../lib/gcc/arm-none-eabi/11.3.1/../../../../arm-none-eabi/lib/thumb/v7e-m+fp/hard\libm.a(libm_a-s_fabs.o)
                0x000000000800585c                fabs
 *fill*         0x000000000800586e        0x2 
 .text.__kernel_rem_pio2
                0x0000000008005870      0x69c C:/ST/STM32CubeIDE_1.14.1/STM32CubeIDE/plugins/com.st.stm32cube.ide.mcu.externaltools.gnu-tools-for-stm32.11.3.rel1.win32_1.1.100.202309141235/tools/bin/../lib/gcc/arm-none-eabi/11.3.1/../../../../arm-none-eabi/lib/thumb/v7e-m+fp/hard\libm.a(libm_a-k_rem_pio2.o)
                0x0000000008005870                __kernel_rem_pio2
 *fill*         0x0000000008005f0c        0x4 
 .text.scalbn   0x0000000008005f10       0xfc C:/ST/STM32CubeIDE_1.14.1/STM32CubeIDE/plugins/com.st.stm32cube.ide.mcu.externaltools.gnu-tools-for-stm32.11.3.rel1.win32_1.1.100.202309141235/tools/bin/../lib/gcc/arm-none-eabi/11.3.1/../../../../arm-none-eabi/lib/thumb/v7e-m+fp/hard\libm.a(libm_a-s_scalbn.o)
                0x0000000008005f10                scalbn
 *fill*         0x000000000800600c        0x4 
 .text.floor    0x0000000008006010      0x100 C:/ST/STM32CubeIDE_1.14.1/STM32CubeIDE/plugins/com.st.stm32cube.ide.mcu.externaltools.gnu-tools-for-stm32.11.3.rel1.win32_1.1.100.202309141235/tools/bin/../lib/gcc/arm-none-eabi/11.3.1/../../../../arm-none-eabi/lib/thumb/v7e-m+fp/hard\libm.a(libm_a-s_floor.o)
                0x0000000008006010                floor
 .text.memset   0x0000000008006110       0x10 C:/ST/STM32CubeIDE_1.14.1/STM32CubeIDE/plugins/com.st.stm32cube.ide.mcu.externaltools.gnu-tools-for-stm32.11.3.rel1.win32_1.1.100.202309141235/tools/bin/../lib/gcc/arm-none-eabi/11.3.1/../../../../arm-none-eabi/lib/thumb/v7e-m+fp/hard\libc_nano.a(libc_a-memset.o)
                0x0000000008006110                memset
 .text.__libc_init_array
                0x0000000008006120       0x48 C:/ST/STM32CubeIDE_1.14.1/STM32CubeIDE/plugins/com.st.stm32cube.ide.mcu.externaltools.gnu-tools-for-stm32.11.3.rel1.win32_1.1.100.202309141235/tools/bin/../lib/gcc/arm-none-eabi/11.3.1/../../../../arm-none-eabi/lib/thumb/v7e-m+fp/hard\libc_nano.a(libc_a-init.o)
                0x0000000008006120                __libc_init_array
 *(.glue_7)
 .glue_7        0x0000000008006168        0x0 linker stubs
 *(.glue_7t)
 .glue_7t       0x0000000008006168        0x0 linker stubs
 *(.eh_frame)
 .eh_frame      0x0000000008006168        0x0 C:/ST/STM32CubeIDE_1.14.1/STM32CubeIDE/plugins/com.st.stm32cube.ide.mcu.externaltools.gnu-tools-for-stm32.11.3.rel1.win32_1.1.100.202309141235/tools/bin/../lib/gcc/arm-none-eabi/11.3.1/thumb/v7e-m+fp/hard/crtbegin.o
 *(.init)
 .init          0x0000000008006168        0x4 C:/ST/STM32CubeIDE_1.14.1/STM32CubeIDE/plugins/com.st.stm32cube.ide.mcu.externaltools.gnu-tools-for-stm32.11.3.rel1.win32_1.1.100.202309141235/tools/bin/../lib/gcc/arm-none-eabi/11.3.1/thumb/v7e-m+fp/hard/crti.o
                0x0000000008006168                _init
 .init          0x000000000800616c        0x8 C:/ST/STM32CubeIDE_1.14.1/STM32CubeIDE/plugins/com.st.stm32cube.ide.mcu.externaltools.gnu-tools-for-stm32.11.3.rel1.win32_1.1.100.202309141235/tools/bin/../lib/gcc/arm-none-eabi/11.3.1/thumb/v7e-m+fp/hard/crtn.o
 *(.fini)
 .fini          0x0000000008006174        0x4 C:/ST/STM32CubeIDE_1.14.1/STM32CubeIDE/plugins/com.st.stm32cube.ide.mcu.externaltools.gnu-tools-for-stm32.11.3.rel1.win32_1.1.100.202309141235/tools/bin/../lib/gcc/arm-none-eabi/11.3.1/thumb/v7e-m+fp/hard/crti.o
                0x0000000008006174                _fini
 .fini          0x0000000008006178        0x8 C:/ST/STM32CubeIDE_1.14.1/STM32CubeIDE/plugins/com.st.stm32cube.ide.mcu.externaltools.gnu-tools-for-stm32.11.3.rel1.win32_1.1.100.202309141235/tools/bin/../lib/gcc/arm-none-eabi/11.3.1/thumb/v7e-m+fp/hard/crtn.o
                0x0000000008006180                . = ALIGN (0x4)
                0x0000000008006180                _etext = .

.vfp11_veneer   0x0000000008006180        0x0
 .vfp11_veneer  0x0000000008006180        0x0 linker stubs

.v4_bx          0x0000000008006180        0x0
 .v4_bx         0x0000000008006180        0x0 linker stubs

.iplt           0x0000000008006180        0x0
 .iplt          0x0000000008006180        0x0 C:/ST/STM32CubeIDE_1.14.1/STM32CubeIDE/plugins/com.st.stm32cube.ide.mcu.externaltools.gnu-tools-for-stm32.11.3.rel1.win32_1.1.100.202309141235/tools/bin/../lib/gcc/arm-none-eabi/11.3.1/thumb/v7e-m+fp/hard/crtbegin.o

.rodata         0x0000000008006180      0x210
                0x0000000008006180                . = ALIGN (0x4)
 *(.rodata)
 *(.rodata*)
 .rodata._ZL15noteFrequencies
                0x0000000008006180       0x18 ./Core/Src/audioBuffer.o
 .rodata.AHBPrescTable
                0x0000000008006198       0x10 ./Core/Src/system_stm32f4xx.o
                0x0000000008006198                AHBPrescTable
 .rodata.APBPrescTable
                0x00000000080061a8        0x8 ./Core/Src/system_stm32f4xx.o
                0x00000000080061a8                APBPrescTable
 .rodata.flagBitshiftOffset.0
                0x00000000080061b0        0x8 ./Drivers/STM32F4xx_HAL_Driver/Src/stm32f4xx_hal_dma.o
 .rodata.npio2_hw
                0x00000000080061b8       0x80 C:/ST/STM32CubeIDE_1.14.1/STM32CubeIDE/plugins/com.st.stm32cube.ide.mcu.externaltools.gnu-tools-for-stm32.11.3.rel1.win32_1.1.100.202309141235/tools/bin/../lib/gcc/arm-none-eabi/11.3.1/../../../../arm-none-eabi/lib/thumb/v7e-m+fp/hard\libm.a(libm_a-e_rem_pio2.o)
 .rodata.two_over_pi
                0x0000000008006238      0x108 C:/ST/STM32CubeIDE_1.14.1/STM32CubeIDE/plugins/com.st.stm32cube.ide.mcu.externaltools.gnu-tools-for-stm32.11.3.rel1.win32_1.1.100.202309141235/tools/bin/../lib/gcc/arm-none-eabi/11.3.1/../../../../arm-none-eabi/lib/thumb/v7e-m+fp/hard\libm.a(libm_a-e_rem_pio2.o)
 .rodata.PIo2   0x0000000008006340       0x40 C:/ST/STM32CubeIDE_1.14.1/STM32CubeIDE/plugins/com.st.stm32cube.ide.mcu.externaltools.gnu-tools-for-stm32.11.3.rel1.win32_1.1.100.202309141235/tools/bin/../lib/gcc/arm-none-eabi/11.3.1/../../../../arm-none-eabi/lib/thumb/v7e-m+fp/hard\libm.a(libm_a-k_rem_pio2.o)
 .rodata.init_jk
                0x0000000008006380       0x10 C:/ST/STM32CubeIDE_1.14.1/STM32CubeIDE/plugins/com.st.stm32cube.ide.mcu.externaltools.gnu-tools-for-stm32.11.3.rel1.win32_1.1.100.202309141235/tools/bin/../lib/gcc/arm-none-eabi/11.3.1/../../../../arm-none-eabi/lib/thumb/v7e-m+fp/hard\libm.a(libm_a-k_rem_pio2.o)
                0x0000000008006390                . = ALIGN (0x4)

.ARM.extab      0x0000000008006390        0x0
                0x0000000008006390                . = ALIGN (0x4)
 *(.ARM.extab* .gnu.linkonce.armextab.*)
                0x0000000008006390                . = ALIGN (0x4)

.ARM            0x0000000008006390        0x8
                0x0000000008006390                . = ALIGN (0x4)
                0x0000000008006390                __exidx_start = .
 *(.ARM.exidx*)
 .ARM.exidx     0x0000000008006390        0x8 C:/ST/STM32CubeIDE_1.14.1/STM32CubeIDE/plugins/com.st.stm32cube.ide.mcu.externaltools.gnu-tools-for-stm32.11.3.rel1.win32_1.1.100.202309141235/tools/bin/../lib/gcc/arm-none-eabi/11.3.1/thumb/v7e-m+fp/hard\libgcc.a(_udivmoddi4.o)
                0x0000000008006398                __exidx_end = .
                0x0000000008006398                . = ALIGN (0x4)

.rel.dyn        0x0000000008006398        0x0
 .rel.iplt      0x0000000008006398        0x0 C:/ST/STM32CubeIDE_1.14.1/STM32CubeIDE/plugins/com.st.stm32cube.ide.mcu.externaltools.gnu-tools-for-stm32.11.3.rel1.win32_1.1.100.202309141235/tools/bin/../lib/gcc/arm-none-eabi/11.3.1/thumb/v7e-m+fp/hard/crtbegin.o

.preinit_array  0x0000000008006398        0x0
                0x0000000008006398                . = ALIGN (0x4)
                0x0000000008006398                PROVIDE (__preinit_array_start = .)
 *(.preinit_array*)
                0x0000000008006398                PROVIDE (__preinit_array_end = .)
                0x0000000008006398                . = ALIGN (0x4)

.init_array     0x0000000008006398        0x8
                0x0000000008006398                . = ALIGN (0x4)
                0x0000000008006398                PROVIDE (__init_array_start = .)
 *(SORT_BY_NAME(.init_array.*))
 *(.init_array*)
 .init_array    0x0000000008006398        0x4 C:/ST/STM32CubeIDE_1.14.1/STM32CubeIDE/plugins/com.st.stm32cube.ide.mcu.externaltools.gnu-tools-for-stm32.11.3.rel1.win32_1.1.100.202309141235/tools/bin/../lib/gcc/arm-none-eabi/11.3.1/thumb/v7e-m+fp/hard/crtbegin.o
 .init_array    0x000000000800639c        0x4 ./Core/Src/event_loop.o
                0x00000000080063a0                PROVIDE (__init_array_end = .)
                0x00000000080063a0                . = ALIGN (0x4)

.fini_array     0x00000000080063a0        0x4
                0x00000000080063a0                . = ALIGN (0x4)
                [!provide]                        PROVIDE (__fini_array_start = .)
 *(SORT_BY_NAME(.fini_array.*))
 *(.fini_array*)
 .fini_array    0x00000000080063a0        0x4 C:/ST/STM32CubeIDE_1.14.1/STM32CubeIDE/plugins/com.st.stm32cube.ide.mcu.externaltools.gnu-tools-for-stm32.11.3.rel1.win32_1.1.100.202309141235/tools/bin/../lib/gcc/arm-none-eabi/11.3.1/thumb/v7e-m+fp/hard/crtbegin.o
                [!provide]                        PROVIDE (__fini_array_end = .)
                0x00000000080063a4                . = ALIGN (0x4)
                0x00000000080063a4                _sidata = LOADADDR (.data)

.data           0x0000000020000000       0x7c load address 0x00000000080063a4
                0x0000000020000000                . = ALIGN (0x4)
                0x0000000020000000                _sdata = .
 *(.data)
 *(.data*)
 .data.I2cxTimeout
                0x0000000020000000        0x4 ./Core/Src/AUDIO_LINK.o
                0x0000000020000000                I2cxTimeout
 .data.analogInputs
                0x0000000020000004        0x8 ./Core/Src/InputHandler.o
                0x0000000020000004                analogInputs
 .data.colPins  0x000000002000000c        0x8 ./Core/Src/InputHandler.o
                0x000000002000000c                colPins
 .data.colPorts
                0x0000000020000014       0x10 ./Core/Src/InputHandler.o
                0x0000000020000014                colPorts
 .data.rowPins  0x0000000020000024        0x8 ./Core/Src/InputHandler.o
                0x0000000020000024                rowPins
 .data.rowPorts
                0x000000002000002c       0x10 ./Core/Src/InputHandler.o
                0x000000002000002c                rowPorts
 .data.Is_cs43l22_Stop
                0x000000002000003c        0x1 ./Core/Src/cs43l22.o
 *fill*         0x000000002000003d        0x3 
 .data.cs43l22_drv
                0x0000000020000040       0x30 ./Core/Src/cs43l22.o
                0x0000000020000040                cs43l22_drv
 .data.SystemCoreClock
                0x0000000020000070        0x4 ./Core/Src/system_stm32f4xx.o
                0x0000000020000070                SystemCoreClock
 .data.uwTickFreq
                0x0000000020000074        0x1 ./Drivers/STM32F4xx_HAL_Driver/Src/stm32f4xx_hal.o
                0x0000000020000074                uwTickFreq
 *fill*         0x0000000020000075        0x3 
 .data.uwTickPrio
                0x0000000020000078        0x4 ./Drivers/STM32F4xx_HAL_Driver/Src/stm32f4xx_hal.o
                0x0000000020000078                uwTickPrio
 *(.RamFunc)
 *(.RamFunc*)
                0x000000002000007c                . = ALIGN (0x4)
                0x000000002000007c                _edata = .
                0x0000000008006420                _siccmram = LOADADDR (.ccmram)

.igot.plt       0x000000002000007c        0x0 load address 0x0000000008006420
 .igot.plt      0x000000002000007c        0x0 C:/ST/STM32CubeIDE_1.14.1/STM32CubeIDE/plugins/com.st.stm32cube.ide.mcu.externaltools.gnu-tools-for-stm32.11.3.rel1.win32_1.1.100.202309141235/tools/bin/../lib/gcc/arm-none-eabi/11.3.1/thumb/v7e-m+fp/hard/crtbegin.o

.ccmram         0x0000000010000000        0x0 load address 0x0000000008006420
                0x0000000010000000                . = ALIGN (0x4)
                0x0000000010000000                _sccmram = .
 *(.ccmram)
 *(.ccmram*)
                0x0000000010000000                . = ALIGN (0x4)
                0x0000000010000000                _eccmram = .
                0x0000000010000000                . = ALIGN (0x4)

.bss            0x0000000020000080     0x8a14
                0x0000000020000080                _sbss = .
                0x0000000020000080                __bss_start__ = _sbss
 *(.bss)
 .bss           0x0000000020000080       0x1c C:/ST/STM32CubeIDE_1.14.1/STM32CubeIDE/plugins/com.st.stm32cube.ide.mcu.externaltools.gnu-tools-for-stm32.11.3.rel1.win32_1.1.100.202309141235/tools/bin/../lib/gcc/arm-none-eabi/11.3.1/thumb/v7e-m+fp/hard/crtbegin.o
 *(.bss*)
 .bss.hAudioOutI2s
                0x000000002000009c       0x48 ./Core/Src/AUDIO.o
                0x000000002000009c                hAudioOutI2s
 .bss.hdma_i2sTx.0
                0x00000000200000e4       0x60 ./Core/Src/AUDIO.o
 .bss.pAudioDrv
                0x0000000020000144        0x4 ./Core/Src/AUDIO.o
 .bss.I2cHandle
                0x0000000020000148       0x54 ./Core/Src/AUDIO_LINK.o
 .bss.adc1Buffer
                0x000000002000019c        0x8 ./Core/Src/InputHandler.o
                0x000000002000019c                adc1Buffer
 .bss.digitalInputs
                0x00000000200001a4       0x10 ./Core/Src/InputHandler.o
                0x00000000200001a4                digitalInputs
 .bss.nextInputTime
                0x00000000200001b4        0x4 ./Core/Src/InputHandler.o
                0x00000000200001b4                nextInputTime
 .bss.audioBuffer
                0x00000000200001b8      0x400 ./Core/Src/audioBuffer.o
                0x00000000200001b8                audioBuffer
 .bss.bufferHalf
                0x00000000200005b8        0x1 ./Core/Src/audioBuffer.o
                0x00000000200005b8                bufferHalf
 *fill*         0x00000000200005b9        0x3 
 .bss.time      0x00000000200005bc        0x4 ./Core/Src/audioBuffer.o
                0x00000000200005bc                time
 .bss.OutputDev
                0x00000000200005c0        0x1 ./Core/Src/cs43l22.o
                0x00000000200005c0                OutputDev
 *fill*         0x00000000200005c1        0x3 
 .bss.envelope  0x00000000200005c4       0x78 ./Core/Src/event_loop.o
                0x00000000200005c4                envelope
 .bss.filter    0x000000002000063c        0x4 ./Core/Src/event_loop.o
                0x000000002000063c                filter
 .bss.oscillator
                0x0000000020000640       0x28 ./Core/Src/event_loop.o
                0x0000000020000640                oscillator
 .bss.synth     0x0000000020000668     0x800c ./Core/Src/event_loop.o
                0x0000000020000668                synth
 *fill*         0x0000000020008674        0x4 
 .bss.hadc1     0x0000000020008678       0x48 ./Core/Src/main.o
                0x0000000020008678                hadc1
 .bss.hdma_adc1
                0x00000000200086c0       0x60 ./Core/Src/main.o
                0x00000000200086c0                hdma_adc1
 .bss.hdma_spi2_tx
                0x0000000020008720       0x60 ./Core/Src/main.o
                0x0000000020008720                hdma_spi2_tx
 .bss.hdma_spi3_tx
                0x0000000020008780       0x60 ./Core/Src/main.o
                0x0000000020008780                hdma_spi3_tx
 .bss.hi2c1     0x00000000200087e0       0x54 ./Core/Src/main.o
                0x00000000200087e0                hi2c1
 .bss.hi2s3     0x0000000020008834       0x48 ./Core/Src/main.o
                0x0000000020008834                hi2s3
 .bss.hspi2     0x000000002000887c       0x58 ./Core/Src/main.o
                0x000000002000887c                hspi2
 .bss.ws2812_buffer
                0x00000000200088d4      0x1bc ./Core/Src/ws2812-spi.o
                0x00000000200088d4                ws2812_buffer
 .bss.uwTick    0x0000000020008a90        0x4 ./Drivers/STM32F4xx_HAL_Driver/Src/stm32f4xx_hal.o
                0x0000000020008a90                uwTick
 *(COMMON)
                0x0000000020008a94                . = ALIGN (0x4)
                0x0000000020008a94                _ebss = .
                0x0000000020008a94                __bss_end__ = _ebss

._user_heap_stack
                0x0000000020008a94      0x604
                0x0000000020008a98                . = ALIGN (0x8)
 *fill*         0x0000000020008a94        0x4 
                [!provide]                        PROVIDE (end = .)
                0x0000000020008a98                PROVIDE (_end = .)
                0x0000000020008c98                . = (. + _Min_Heap_Size)
 *fill*         0x0000000020008a98      0x200 
                0x0000000020009098                . = (. + _Min_Stack_Size)
 *fill*         0x0000000020008c98      0x400 
                0x0000000020009098                . = ALIGN (0x8)

/DISCARD/
 libc.a(*)
 libm.a(*)
 libgcc.a(*)

.ARM.attributes
                0x0000000000000000       0x30
 *(.ARM.attributes)
 .ARM.attributes
                0x0000000000000000       0x1e C:/ST/STM32CubeIDE_1.14.1/STM32CubeIDE/plugins/com.st.stm32cube.ide.mcu.externaltools.gnu-tools-for-stm32.11.3.rel1.win32_1.1.100.202309141235/tools/bin/../lib/gcc/arm-none-eabi/11.3.1/thumb/v7e-m+fp/hard/crti.o
 .ARM.attributes
                0x000000000000001e       0x34 C:/ST/STM32CubeIDE_1.14.1/STM32CubeIDE/plugins/com.st.stm32cube.ide.mcu.externaltools.gnu-tools-for-stm32.11.3.rel1.win32_1.1.100.202309141235/tools/bin/../lib/gcc/arm-none-eabi/11.3.1/thumb/v7e-m+fp/hard/crtbegin.o
 .ARM.attributes
                0x0000000000000052       0x30 ./Core/Src/AUDIO.o
 .ARM.attributes
                0x0000000000000082       0x30 ./Core/Src/AUDIO_LINK.o
 .ARM.attributes
                0x00000000000000b2       0x30 ./Core/Src/InputHandler.o
 .ARM.attributes
                0x00000000000000e2       0x30 ./Core/Src/audioBuffer.o
 .ARM.attributes
                0x0000000000000112       0x30 ./Core/Src/cs43l22.o
 .ARM.attributes
                0x0000000000000142       0x30 ./Core/Src/event_loop.o
 .ARM.attributes
                0x0000000000000172       0x30 ./Core/Src/main.o
 .ARM.attributes
                0x00000000000001a2       0x30 ./Core/Src/stm32f4xx_hal_msp.o
 .ARM.attributes
                0x00000000000001d2       0x30 ./Core/Src/stm32f4xx_it.o
 .ARM.attributes
                0x0000000000000202       0x30 ./Core/Src/system_stm32f4xx.o
 .ARM.attributes
                0x0000000000000232       0x30 ./Core/Src/ws2812-spi.o
 .ARM.attributes
                0x0000000000000262       0x21 ./Core/Startup/startup_stm32f407vgtx.o
 .ARM.attributes
                0x0000000000000283       0x30 ./Drivers/STM32F4xx_HAL_Driver/Src/stm32f4xx_hal.o
 .ARM.attributes
                0x00000000000002b3       0x30 ./Drivers/STM32F4xx_HAL_Driver/Src/stm32f4xx_hal_adc.o
 .ARM.attributes
                0x00000000000002e3       0x30 ./Drivers/STM32F4xx_HAL_Driver/Src/stm32f4xx_hal_cortex.o
 .ARM.attributes
                0x0000000000000313       0x30 ./Drivers/STM32F4xx_HAL_Driver/Src/stm32f4xx_hal_dma.o
 .ARM.attributes
                0x0000000000000343       0x30 ./Drivers/STM32F4xx_HAL_Driver/Src/stm32f4xx_hal_gpio.o
 .ARM.attributes
                0x0000000000000373       0x30 ./Drivers/STM32F4xx_HAL_Driver/Src/stm32f4xx_hal_i2c.o
 .ARM.attributes
                0x00000000000003a3       0x30 ./Drivers/STM32F4xx_HAL_Driver/Src/stm32f4xx_hal_i2s.o
 .ARM.attributes
                0x00000000000003d3       0x30 ./Drivers/STM32F4xx_HAL_Driver/Src/stm32f4xx_hal_i2s_ex.o
 .ARM.attributes
                0x0000000000000403       0x30 ./Drivers/STM32F4xx_HAL_Driver/Src/stm32f4xx_hal_rcc.o
 .ARM.attributes
                0x0000000000000433       0x30 ./Drivers/STM32F4xx_HAL_Driver/Src/stm32f4xx_hal_rcc_ex.o
 .ARM.attributes
                0x0000000000000463       0x30 ./Drivers/STM32F4xx_HAL_Driver/Src/stm32f4xx_hal_spi.o
 .ARM.attributes
                0x0000000000000493       0x34 C:/ST/STM32CubeIDE_1.14.1/STM32CubeIDE/plugins/com.st.stm32cube.ide.mcu.externaltools.gnu-tools-for-stm32.11.3.rel1.win32_1.1.100.202309141235/tools/bin/../lib/gcc/arm-none-eabi/11.3.1/../../../../arm-none-eabi/lib/thumb/v7e-m+fp/hard\libm.a(libm_a-s_sin.o)
 .ARM.attributes
                0x00000000000004c7       0x34 C:/ST/STM32CubeIDE_1.14.1/STM32CubeIDE/plugins/com.st.stm32cube.ide.mcu.externaltools.gnu-tools-for-stm32.11.3.rel1.win32_1.1.100.202309141235/tools/bin/../lib/gcc/arm-none-eabi/11.3.1/../../../../arm-none-eabi/lib/thumb/v7e-m+fp/hard\libm.a(libm_a-k_cos.o)
 .ARM.attributes
                0x00000000000004fb       0x34 C:/ST/STM32CubeIDE_1.14.1/STM32CubeIDE/plugins/com.st.stm32cube.ide.mcu.externaltools.gnu-tools-for-stm32.11.3.rel1.win32_1.1.100.202309141235/tools/bin/../lib/gcc/arm-none-eabi/11.3.1/../../../../arm-none-eabi/lib/thumb/v7e-m+fp/hard\libm.a(libm_a-k_sin.o)
 .ARM.attributes
                0x000000000000052f       0x34 C:/ST/STM32CubeIDE_1.14.1/STM32CubeIDE/plugins/com.st.stm32cube.ide.mcu.externaltools.gnu-tools-for-stm32.11.3.rel1.win32_1.1.100.202309141235/tools/bin/../lib/gcc/arm-none-eabi/11.3.1/../../../../arm-none-eabi/lib/thumb/v7e-m+fp/hard\libm.a(libm_a-e_rem_pio2.o)
 .ARM.attributes
                0x0000000000000563       0x34 C:/ST/STM32CubeIDE_1.14.1/STM32CubeIDE/plugins/com.st.stm32cube.ide.mcu.externaltools.gnu-tools-for-stm32.11.3.rel1.win32_1.1.100.202309141235/tools/bin/../lib/gcc/arm-none-eabi/11.3.1/../../../../arm-none-eabi/lib/thumb/v7e-m+fp/hard\libm.a(libm_a-s_fabs.o)
 .ARM.attributes
                0x0000000000000597       0x34 C:/ST/STM32CubeIDE_1.14.1/STM32CubeIDE/plugins/com.st.stm32cube.ide.mcu.externaltools.gnu-tools-for-stm32.11.3.rel1.win32_1.1.100.202309141235/tools/bin/../lib/gcc/arm-none-eabi/11.3.1/../../../../arm-none-eabi/lib/thumb/v7e-m+fp/hard\libm.a(libm_a-k_rem_pio2.o)
 .ARM.attributes
                0x00000000000005cb       0x34 C:/ST/STM32CubeIDE_1.14.1/STM32CubeIDE/plugins/com.st.stm32cube.ide.mcu.externaltools.gnu-tools-for-stm32.11.3.rel1.win32_1.1.100.202309141235/tools/bin/../lib/gcc/arm-none-eabi/11.3.1/../../../../arm-none-eabi/lib/thumb/v7e-m+fp/hard\libm.a(libm_a-s_scalbn.o)
 .ARM.attributes
                0x00000000000005ff       0x34 C:/ST/STM32CubeIDE_1.14.1/STM32CubeIDE/plugins/com.st.stm32cube.ide.mcu.externaltools.gnu-tools-for-stm32.11.3.rel1.win32_1.1.100.202309141235/tools/bin/../lib/gcc/arm-none-eabi/11.3.1/../../../../arm-none-eabi/lib/thumb/v7e-m+fp/hard\libm.a(libm_a-s_floor.o)
 .ARM.attributes
                0x0000000000000633       0x34 C:/ST/STM32CubeIDE_1.14.1/STM32CubeIDE/plugins/com.st.stm32cube.ide.mcu.externaltools.gnu-tools-for-stm32.11.3.rel1.win32_1.1.100.202309141235/tools/bin/../lib/gcc/arm-none-eabi/11.3.1/../../../../arm-none-eabi/lib/thumb/v7e-m+fp/hard\libc_nano.a(libc_a-memset.o)
 .ARM.attributes
                0x0000000000000667       0x34 C:/ST/STM32CubeIDE_1.14.1/STM32CubeIDE/plugins/com.st.stm32cube.ide.mcu.externaltools.gnu-tools-for-stm32.11.3.rel1.win32_1.1.100.202309141235/tools/bin/../lib/gcc/arm-none-eabi/11.3.1/../../../../arm-none-eabi/lib/thumb/v7e-m+fp/hard\libc_nano.a(libc_a-init.o)
 .ARM.attributes
                0x000000000000069b       0x1e C:/ST/STM32CubeIDE_1.14.1/STM32CubeIDE/plugins/com.st.stm32cube.ide.mcu.externaltools.gnu-tools-for-stm32.11.3.rel1.win32_1.1.100.202309141235/tools/bin/../lib/gcc/arm-none-eabi/11.3.1/thumb/v7e-m+fp/hard\libgcc.a(_arm_muldf3.o)
 .ARM.attributes
                0x00000000000006b9       0x1e C:/ST/STM32CubeIDE_1.14.1/STM32CubeIDE/plugins/com.st.stm32cube.ide.mcu.externaltools.gnu-tools-for-stm32.11.3.rel1.win32_1.1.100.202309141235/tools/bin/../lib/gcc/arm-none-eabi/11.3.1/thumb/v7e-m+fp/hard\libgcc.a(_arm_addsubdf3.o)
 .ARM.attributes
                0x00000000000006d7       0x1e C:/ST/STM32CubeIDE_1.14.1/STM32CubeIDE/plugins/com.st.stm32cube.ide.mcu.externaltools.gnu-tools-for-stm32.11.3.rel1.win32_1.1.100.202309141235/tools/bin/../lib/gcc/arm-none-eabi/11.3.1/thumb/v7e-m+fp/hard\libgcc.a(_arm_cmpdf2.o)
 .ARM.attributes
                0x00000000000006f5       0x1e C:/ST/STM32CubeIDE_1.14.1/STM32CubeIDE/plugins/com.st.stm32cube.ide.mcu.externaltools.gnu-tools-for-stm32.11.3.rel1.win32_1.1.100.202309141235/tools/bin/../lib/gcc/arm-none-eabi/11.3.1/thumb/v7e-m+fp/hard\libgcc.a(_arm_fixdfsi.o)
 .ARM.attributes
                0x0000000000000713       0x1e C:/ST/STM32CubeIDE_1.14.1/STM32CubeIDE/plugins/com.st.stm32cube.ide.mcu.externaltools.gnu-tools-for-stm32.11.3.rel1.win32_1.1.100.202309141235/tools/bin/../lib/gcc/arm-none-eabi/11.3.1/thumb/v7e-m+fp/hard\libgcc.a(_arm_fixunsdfsi.o)
 .ARM.attributes
                0x0000000000000731       0x1e C:/ST/STM32CubeIDE_1.14.1/STM32CubeIDE/plugins/com.st.stm32cube.ide.mcu.externaltools.gnu-tools-for-stm32.11.3.rel1.win32_1.1.100.202309141235/tools/bin/../lib/gcc/arm-none-eabi/11.3.1/thumb/v7e-m+fp/hard\libgcc.a(_arm_truncdfsf2.o)
 .ARM.attributes
                0x000000000000074f       0x1e C:/ST/STM32CubeIDE_1.14.1/STM32CubeIDE/plugins/com.st.stm32cube.ide.mcu.externaltools.gnu-tools-for-stm32.11.3.rel1.win32_1.1.100.202309141235/tools/bin/../lib/gcc/arm-none-eabi/11.3.1/thumb/v7e-m+fp/hard\libgcc.a(_aeabi_uldivmod.o)
 .ARM.attributes
                0x000000000000076d       0x34 C:/ST/STM32CubeIDE_1.14.1/STM32CubeIDE/plugins/com.st.stm32cube.ide.mcu.externaltools.gnu-tools-for-stm32.11.3.rel1.win32_1.1.100.202309141235/tools/bin/../lib/gcc/arm-none-eabi/11.3.1/thumb/v7e-m+fp/hard\libgcc.a(_udivmoddi4.o)
 .ARM.attributes
                0x00000000000007a1       0x1e C:/ST/STM32CubeIDE_1.14.1/STM32CubeIDE/plugins/com.st.stm32cube.ide.mcu.externaltools.gnu-tools-for-stm32.11.3.rel1.win32_1.1.100.202309141235/tools/bin/../lib/gcc/arm-none-eabi/11.3.1/thumb/v7e-m+fp/hard\libgcc.a(_dvmd_tls.o)
 .ARM.attributes
                0x00000000000007bf       0x1e C:/ST/STM32CubeIDE_1.14.1/STM32CubeIDE/plugins/com.st.stm32cube.ide.mcu.externaltools.gnu-tools-for-stm32.11.3.rel1.win32_1.1.100.202309141235/tools/bin/../lib/gcc/arm-none-eabi/11.3.1/thumb/v7e-m+fp/hard/crtn.o
OUTPUT(Synth Board.elf elf32-littlearm)
LOAD linker stubs
LOAD C:/ST/STM32CubeIDE_1.14.1/STM32CubeIDE/plugins/com.st.stm32cube.ide.mcu.externaltools.gnu-tools-for-stm32.11.3.rel1.win32_1.1.100.202309141235/tools/bin/../lib/gcc/arm-none-eabi/11.3.1/../../../../arm-none-eabi/lib/thumb/v7e-m+fp/hard\libc.a
LOAD C:/ST/STM32CubeIDE_1.14.1/STM32CubeIDE/plugins/com.st.stm32cube.ide.mcu.externaltools.gnu-tools-for-stm32.11.3.rel1.win32_1.1.100.202309141235/tools/bin/../lib/gcc/arm-none-eabi/11.3.1/../../../../arm-none-eabi/lib/thumb/v7e-m+fp/hard\libm.a
LOAD C:/ST/STM32CubeIDE_1.14.1/STM32CubeIDE/plugins/com.st.stm32cube.ide.mcu.externaltools.gnu-tools-for-stm32.11.3.rel1.win32_1.1.100.202309141235/tools/bin/../lib/gcc/arm-none-eabi/11.3.1/thumb/v7e-m+fp/hard\libgcc.a

.comment        0x0000000000000000       0x43
 .comment       0x0000000000000000       0x43 C:/ST/STM32CubeIDE_1.14.1/STM32CubeIDE/plugins/com.st.stm32cube.ide.mcu.externaltools.gnu-tools-for-stm32.11.3.rel1.win32_1.1.100.202309141235/tools/bin/../lib/gcc/arm-none-eabi/11.3.1/thumb/v7e-m+fp/hard/crtbegin.o
                                         0x44 (size before relaxing)
 .comment       0x0000000000000043       0x44 ./Core/Src/AUDIO.o
 .comment       0x0000000000000043       0x44 ./Core/Src/AUDIO_LINK.o
 .comment       0x0000000000000043       0x44 ./Core/Src/InputHandler.o
 .comment       0x0000000000000043       0x44 ./Core/Src/audioBuffer.o
 .comment       0x0000000000000043       0x44 ./Core/Src/cs43l22.o
 .comment       0x0000000000000043       0x44 ./Core/Src/event_loop.o
 .comment       0x0000000000000043       0x44 ./Core/Src/main.o
 .comment       0x0000000000000043       0x44 ./Core/Src/stm32f4xx_hal_msp.o
 .comment       0x0000000000000043       0x44 ./Core/Src/stm32f4xx_it.o
 .comment       0x0000000000000043       0x44 ./Core/Src/system_stm32f4xx.o
 .comment       0x0000000000000043       0x44 ./Core/Src/ws2812-spi.o
 .comment       0x0000000000000043       0x44 ./Drivers/STM32F4xx_HAL_Driver/Src/stm32f4xx_hal.o
 .comment       0x0000000000000043       0x44 ./Drivers/STM32F4xx_HAL_Driver/Src/stm32f4xx_hal_adc.o
 .comment       0x0000000000000043       0x44 ./Drivers/STM32F4xx_HAL_Driver/Src/stm32f4xx_hal_cortex.o
 .comment       0x0000000000000043       0x44 ./Drivers/STM32F4xx_HAL_Driver/Src/stm32f4xx_hal_dma.o
 .comment       0x0000000000000043       0x44 ./Drivers/STM32F4xx_HAL_Driver/Src/stm32f4xx_hal_gpio.o
 .comment       0x0000000000000043       0x44 ./Drivers/STM32F4xx_HAL_Driver/Src/stm32f4xx_hal_i2c.o
 .comment       0x0000000000000043       0x44 ./Drivers/STM32F4xx_HAL_Driver/Src/stm32f4xx_hal_i2s.o
 .comment       0x0000000000000043       0x44 ./Drivers/STM32F4xx_HAL_Driver/Src/stm32f4xx_hal_i2s_ex.o
 .comment       0x0000000000000043       0x44 ./Drivers/STM32F4xx_HAL_Driver/Src/stm32f4xx_hal_rcc.o
 .comment       0x0000000000000043       0x44 ./Drivers/STM32F4xx_HAL_Driver/Src/stm32f4xx_hal_rcc_ex.o
 .comment       0x0000000000000043       0x44 ./Drivers/STM32F4xx_HAL_Driver/Src/stm32f4xx_hal_spi.o

.debug_frame    0x0000000000000000      0x4a8
 .debug_frame   0x0000000000000000       0x38 C:/ST/STM32CubeIDE_1.14.1/STM32CubeIDE/plugins/com.st.stm32cube.ide.mcu.externaltools.gnu-tools-for-stm32.11.3.rel1.win32_1.1.100.202309141235/tools/bin/../lib/gcc/arm-none-eabi/11.3.1/../../../../arm-none-eabi/lib/thumb/v7e-m+fp/hard\libm.a(libm_a-s_sin.o)
 .debug_frame   0x0000000000000038       0x3c C:/ST/STM32CubeIDE_1.14.1/STM32CubeIDE/plugins/com.st.stm32cube.ide.mcu.externaltools.gnu-tools-for-stm32.11.3.rel1.win32_1.1.100.202309141235/tools/bin/../lib/gcc/arm-none-eabi/11.3.1/../../../../arm-none-eabi/lib/thumb/v7e-m+fp/hard\libm.a(libm_a-k_cos.o)
 .debug_frame   0x0000000000000074       0x5c C:/ST/STM32CubeIDE_1.14.1/STM32CubeIDE/plugins/com.st.stm32cube.ide.mcu.externaltools.gnu-tools-for-stm32.11.3.rel1.win32_1.1.100.202309141235/tools/bin/../lib/gcc/arm-none-eabi/11.3.1/../../../../arm-none-eabi/lib/thumb/v7e-m+fp/hard\libm.a(libm_a-k_sin.o)
 .debug_frame   0x00000000000000d0       0x50 C:/ST/STM32CubeIDE_1.14.1/STM32CubeIDE/plugins/com.st.stm32cube.ide.mcu.externaltools.gnu-tools-for-stm32.11.3.rel1.win32_1.1.100.202309141235/tools/bin/../lib/gcc/arm-none-eabi/11.3.1/../../../../arm-none-eabi/lib/thumb/v7e-m+fp/hard\libm.a(libm_a-e_rem_pio2.o)
 .debug_frame   0x0000000000000120       0x20 C:/ST/STM32CubeIDE_1.14.1/STM32CubeIDE/plugins/com.st.stm32cube.ide.mcu.externaltools.gnu-tools-for-stm32.11.3.rel1.win32_1.1.100.202309141235/tools/bin/../lib/gcc/arm-none-eabi/11.3.1/../../../../arm-none-eabi/lib/thumb/v7e-m+fp/hard\libm.a(libm_a-s_fabs.o)
 .debug_frame   0x0000000000000140       0x54 C:/ST/STM32CubeIDE_1.14.1/STM32CubeIDE/plugins/com.st.stm32cube.ide.mcu.externaltools.gnu-tools-for-stm32.11.3.rel1.win32_1.1.100.202309141235/tools/bin/../lib/gcc/arm-none-eabi/11.3.1/../../../../arm-none-eabi/lib/thumb/v7e-m+fp/hard\libm.a(libm_a-k_rem_pio2.o)
 .debug_frame   0x0000000000000194       0x2c C:/ST/STM32CubeIDE_1.14.1/STM32CubeIDE/plugins/com.st.stm32cube.ide.mcu.externaltools.gnu-tools-for-stm32.11.3.rel1.win32_1.1.100.202309141235/tools/bin/../lib/gcc/arm-none-eabi/11.3.1/../../../../arm-none-eabi/lib/thumb/v7e-m+fp/hard\libm.a(libm_a-s_scalbn.o)
 .debug_frame   0x00000000000001c0       0x30 C:/ST/STM32CubeIDE_1.14.1/STM32CubeIDE/plugins/com.st.stm32cube.ide.mcu.externaltools.gnu-tools-for-stm32.11.3.rel1.win32_1.1.100.202309141235/tools/bin/../lib/gcc/arm-none-eabi/11.3.1/../../../../arm-none-eabi/lib/thumb/v7e-m+fp/hard\libm.a(libm_a-s_floor.o)
 .debug_frame   0x00000000000001f0       0x20 C:/ST/STM32CubeIDE_1.14.1/STM32CubeIDE/plugins/com.st.stm32cube.ide.mcu.externaltools.gnu-tools-for-stm32.11.3.rel1.win32_1.1.100.202309141235/tools/bin/../lib/gcc/arm-none-eabi/11.3.1/../../../../arm-none-eabi/lib/thumb/v7e-m+fp/hard\libc_nano.a(libc_a-memset.o)
 .debug_frame   0x0000000000000210       0x2c C:/ST/STM32CubeIDE_1.14.1/STM32CubeIDE/plugins/com.st.stm32cube.ide.mcu.externaltools.gnu-tools-for-stm32.11.3.rel1.win32_1.1.100.202309141235/tools/bin/../lib/gcc/arm-none-eabi/11.3.1/../../../../arm-none-eabi/lib/thumb/v7e-m+fp/hard\libc_nano.a(libc_a-init.o)
 .debug_frame   0x000000000000023c       0x30 C:/ST/STM32CubeIDE_1.14.1/STM32CubeIDE/plugins/com.st.stm32cube.ide.mcu.externaltools.gnu-tools-for-stm32.11.3.rel1.win32_1.1.100.202309141235/tools/bin/../lib/gcc/arm-none-eabi/11.3.1/thumb/v7e-m+fp/hard\libgcc.a(_arm_muldf3.o)
 .debug_frame   0x000000000000026c       0xac C:/ST/STM32CubeIDE_1.14.1/STM32CubeIDE/plugins/com.st.stm32cube.ide.mcu.externaltools.gnu-tools-for-stm32.11.3.rel1.win32_1.1.100.202309141235/tools/bin/../lib/gcc/arm-none-eabi/11.3.1/thumb/v7e-m+fp/hard\libgcc.a(_arm_addsubdf3.o)
 .debug_frame   0x0000000000000318       0xc4 C:/ST/STM32CubeIDE_1.14.1/STM32CubeIDE/plugins/com.st.stm32cube.ide.mcu.externaltools.gnu-tools-for-stm32.11.3.rel1.win32_1.1.100.202309141235/tools/bin/../lib/gcc/arm-none-eabi/11.3.1/thumb/v7e-m+fp/hard\libgcc.a(_arm_cmpdf2.o)
 .debug_frame   0x00000000000003dc       0x24 C:/ST/STM32CubeIDE_1.14.1/STM32CubeIDE/plugins/com.st.stm32cube.ide.mcu.externaltools.gnu-tools-for-stm32.11.3.rel1.win32_1.1.100.202309141235/tools/bin/../lib/gcc/arm-none-eabi/11.3.1/thumb/v7e-m+fp/hard\libgcc.a(_arm_fixdfsi.o)
 .debug_frame   0x0000000000000400       0x24 C:/ST/STM32CubeIDE_1.14.1/STM32CubeIDE/plugins/com.st.stm32cube.ide.mcu.externaltools.gnu-tools-for-stm32.11.3.rel1.win32_1.1.100.202309141235/tools/bin/../lib/gcc/arm-none-eabi/11.3.1/thumb/v7e-m+fp/hard\libgcc.a(_arm_fixunsdfsi.o)
 .debug_frame   0x0000000000000424       0x24 C:/ST/STM32CubeIDE_1.14.1/STM32CubeIDE/plugins/com.st.stm32cube.ide.mcu.externaltools.gnu-tools-for-stm32.11.3.rel1.win32_1.1.100.202309141235/tools/bin/../lib/gcc/arm-none-eabi/11.3.1/thumb/v7e-m+fp/hard\libgcc.a(_arm_truncdfsf2.o)
 .debug_frame   0x0000000000000448       0x2c C:/ST/STM32CubeIDE_1.14.1/STM32CubeIDE/plugins/com.st.stm32cube.ide.mcu.externaltools.gnu-tools-for-stm32.11.3.rel1.win32_1.1.100.202309141235/tools/bin/../lib/gcc/arm-none-eabi/11.3.1/thumb/v7e-m+fp/hard\libgcc.a(_aeabi_uldivmod.o)
 .debug_frame   0x0000000000000474       0x34 C:/ST/STM32CubeIDE_1.14.1/STM32CubeIDE/plugins/com.st.stm32cube.ide.mcu.externaltools.gnu-tools-for-stm32.11.3.rel1.win32_1.1.100.202309141235/tools/bin/../lib/gcc/arm-none-eabi/11.3.1/thumb/v7e-m+fp/hard\libgcc.a(_udivmoddi4.o)

Cross Reference Table

Symbol                                            File
ADC_IRQHandler                                    ./Core/Startup/startup_stm32f407vgtx.o
AHBPrescTable                                     ./Core/Src/system_stm32f4xx.o
                                                  ./Drivers/STM32F4xx_HAL_Driver/Src/stm32f4xx_hal_rcc.o
APBPrescTable                                     ./Core/Src/system_stm32f4xx.o
                                                  ./Drivers/STM32F4xx_HAL_Driver/Src/stm32f4xx_hal_rcc.o
AUDIO_IO_DeInit                                   ./Core/Src/AUDIO_LINK.o
                                                  ./Core/Src/cs43l22.o
AUDIO_IO_Init                                     ./Core/Src/AUDIO_LINK.o
                                                  ./Core/Src/cs43l22.o
AUDIO_IO_Read                                     ./Core/Src/AUDIO_LINK.o
                                                  ./Core/Src/cs43l22.o
AUDIO_IO_Write                                    ./Core/Src/AUDIO_LINK.o
                                                  ./Core/Src/cs43l22.o
AUDIO_OUT_ChangeBuffer                            ./Core/Src/AUDIO.o
AUDIO_OUT_ClockConfig                             ./Core/Src/AUDIO.o
AUDIO_OUT_Error_CallBack                          ./Core/Src/AUDIO.o
AUDIO_OUT_HalfTransfer_CallBack                   ./Core/Src/audioBuffer.o
                                                  ./Core/Src/AUDIO.o
AUDIO_OUT_Init                                    ./Core/Src/AUDIO.o
                                                  ./Core/Src/event_loop.o
AUDIO_OUT_MspDeInit                               ./Core/Src/AUDIO.o
AUDIO_OUT_MspInit                                 ./Core/Src/AUDIO.o
AUDIO_OUT_Pause                                   ./Core/Src/AUDIO.o
AUDIO_OUT_Play                                    ./Core/Src/AUDIO.o
                                                  ./Core/Src/event_loop.o
AUDIO_OUT_Resume                                  ./Core/Src/AUDIO.o
AUDIO_OUT_SetFrequency                            ./Core/Src/AUDIO.o
AUDIO_OUT_SetMute                                 ./Core/Src/AUDIO.o
AUDIO_OUT_SetOutputMode                           ./Core/Src/AUDIO.o
AUDIO_OUT_SetVolume                               ./Core/Src/AUDIO.o
                                                  ./Core/Src/event_loop.o
AUDIO_OUT_Stop                                    ./Core/Src/AUDIO.o
AUDIO_OUT_TransferComplete_CallBack               ./Core/Src/audioBuffer.o
                                                  ./Core/Src/AUDIO.o
BusFault_Handler                                  ./Core/Src/stm32f4xx_it.o
CAN1_RX0_IRQHandler                               ./Core/Startup/startup_stm32f407vgtx.o
CAN1_RX1_IRQHandler                               ./Core/Startup/startup_stm32f407vgtx.o
CAN1_SCE_IRQHandler                               ./Core/Startup/startup_stm32f407vgtx.o
CAN1_TX_IRQHandler                                ./Core/Startup/startup_stm32f407vgtx.o
CAN2_RX0_IRQHandler                               ./Core/Startup/startup_stm32f407vgtx.o
CAN2_RX1_IRQHandler                               ./Core/Startup/startup_stm32f407vgtx.o
CAN2_SCE_IRQHandler                               ./Core/Startup/startup_stm32f407vgtx.o
CAN2_TX_IRQHandler                                ./Core/Startup/startup_stm32f407vgtx.o
DCMI_IRQHandler                                   ./Core/Startup/startup_stm32f407vgtx.o
DMA1_Stream0_IRQHandler                           ./Core/Startup/startup_stm32f407vgtx.o
DMA1_Stream1_IRQHandler                           ./Core/Startup/startup_stm32f407vgtx.o
DMA1_Stream2_IRQHandler                           ./Core/Startup/startup_stm32f407vgtx.o
DMA1_Stream3_IRQHandler                           ./Core/Startup/startup_stm32f407vgtx.o
DMA1_Stream4_IRQHandler                           ./Core/Src/stm32f4xx_it.o
DMA1_Stream5_IRQHandler                           ./Core/Startup/startup_stm32f407vgtx.o
DMA1_Stream6_IRQHandler                           ./Core/Startup/startup_stm32f407vgtx.o
DMA1_Stream7_IRQHandler                           ./Core/Src/stm32f4xx_it.o
DMA2_Stream0_IRQHandler                           ./Core/Src/stm32f4xx_it.o
DMA2_Stream1_IRQHandler                           ./Core/Startup/startup_stm32f407vgtx.o
DMA2_Stream2_IRQHandler                           ./Core/Startup/startup_stm32f407vgtx.o
DMA2_Stream3_IRQHandler                           ./Core/Startup/startup_stm32f407vgtx.o
DMA2_Stream4_IRQHandler                           ./Core/Startup/startup_stm32f407vgtx.o
DMA2_Stream5_IRQHandler                           ./Core/Startup/startup_stm32f407vgtx.o
DMA2_Stream6_IRQHandler                           ./Core/Startup/startup_stm32f407vgtx.o
DMA2_Stream7_IRQHandler                           ./Core/Startup/startup_stm32f407vgtx.o
DebugMon_Handler                                  ./Core/Src/stm32f4xx_it.o
Default_Handler                                   ./Core/Startup/startup_stm32f407vgtx.o
ETH_IRQHandler                                    ./Core/Startup/startup_stm32f407vgtx.o
ETH_WKUP_IRQHandler                               ./Core/Startup/startup_stm32f407vgtx.o
EXTI0_IRQHandler                                  ./Core/Startup/startup_stm32f407vgtx.o
EXTI15_10_IRQHandler                              ./Core/Startup/startup_stm32f407vgtx.o
EXTI1_IRQHandler                                  ./Core/Startup/startup_stm32f407vgtx.o
EXTI2_IRQHandler                                  ./Core/Startup/startup_stm32f407vgtx.o
EXTI3_IRQHandler                                  ./Core/Startup/startup_stm32f407vgtx.o
EXTI4_IRQHandler                                  ./Core/Startup/startup_stm32f407vgtx.o
EXTI9_5_IRQHandler                                ./Core/Startup/startup_stm32f407vgtx.o
Error_Handler                                     ./Core/Src/main.o
                                                  ./Core/Src/stm32f4xx_hal_msp.o
EventLoopC                                        ./Core/Src/event_loop.o
                                                  ./Core/Src/main.o
EventLoopCpp()                                    ./Core/Src/event_loop.o
FLASH_Erase_Sector                                ./Drivers/STM32F4xx_HAL_Driver/Src/stm32f4xx_hal_flash_ex.o
                                                  ./Drivers/STM32F4xx_HAL_Driver/Src/stm32f4xx_hal_flash.o
FLASH_FlushCaches                                 ./Drivers/STM32F4xx_HAL_Driver/Src/stm32f4xx_hal_flash_ex.o
                                                  ./Drivers/STM32F4xx_HAL_Driver/Src/stm32f4xx_hal_flash.o
FLASH_IRQHandler                                  ./Core/Startup/startup_stm32f407vgtx.o
FLASH_WaitForLastOperation                        ./Drivers/STM32F4xx_HAL_Driver/Src/stm32f4xx_hal_flash.o
                                                  ./Drivers/STM32F4xx_HAL_Driver/Src/stm32f4xx_hal_flash_ex.o
FPU_IRQHandler                                    ./Core/Startup/startup_stm32f407vgtx.o
FSMC_IRQHandler                                   ./Core/Startup/startup_stm32f407vgtx.o
HAL_ADCEx_InjectedConfigChannel                   ./Drivers/STM32F4xx_HAL_Driver/Src/stm32f4xx_hal_adc_ex.o
HAL_ADCEx_InjectedConvCpltCallback                ./Drivers/STM32F4xx_HAL_Driver/Src/stm32f4xx_hal_adc_ex.o
                                                  ./Drivers/STM32F4xx_HAL_Driver/Src/stm32f4xx_hal_adc.o
HAL_ADCEx_InjectedGetValue                        ./Drivers/STM32F4xx_HAL_Driver/Src/stm32f4xx_hal_adc_ex.o
HAL_ADCEx_InjectedPollForConversion               ./Drivers/STM32F4xx_HAL_Driver/Src/stm32f4xx_hal_adc_ex.o
HAL_ADCEx_InjectedStart                           ./Drivers/STM32F4xx_HAL_Driver/Src/stm32f4xx_hal_adc_ex.o
HAL_ADCEx_InjectedStart_IT                        ./Drivers/STM32F4xx_HAL_Driver/Src/stm32f4xx_hal_adc_ex.o
HAL_ADCEx_InjectedStop                            ./Drivers/STM32F4xx_HAL_Driver/Src/stm32f4xx_hal_adc_ex.o
HAL_ADCEx_InjectedStop_IT                         ./Drivers/STM32F4xx_HAL_Driver/Src/stm32f4xx_hal_adc_ex.o
HAL_ADCEx_MultiModeConfigChannel                  ./Drivers/STM32F4xx_HAL_Driver/Src/stm32f4xx_hal_adc_ex.o
HAL_ADCEx_MultiModeGetValue                       ./Drivers/STM32F4xx_HAL_Driver/Src/stm32f4xx_hal_adc_ex.o
HAL_ADCEx_MultiModeStart_DMA                      ./Drivers/STM32F4xx_HAL_Driver/Src/stm32f4xx_hal_adc_ex.o
HAL_ADCEx_MultiModeStop_DMA                       ./Drivers/STM32F4xx_HAL_Driver/Src/stm32f4xx_hal_adc_ex.o
HAL_ADC_AnalogWDGConfig                           ./Drivers/STM32F4xx_HAL_Driver/Src/stm32f4xx_hal_adc.o
HAL_ADC_ConfigChannel                             ./Drivers/STM32F4xx_HAL_Driver/Src/stm32f4xx_hal_adc.o
                                                  ./Core/Src/main.o
HAL_ADC_ConvCpltCallback                          ./Drivers/STM32F4xx_HAL_Driver/Src/stm32f4xx_hal_adc.o
                                                  ./Drivers/STM32F4xx_HAL_Driver/Src/stm32f4xx_hal_adc_ex.o
HAL_ADC_ConvHalfCpltCallback                      ./Drivers/STM32F4xx_HAL_Driver/Src/stm32f4xx_hal_adc.o
                                                  ./Drivers/STM32F4xx_HAL_Driver/Src/stm32f4xx_hal_adc_ex.o
HAL_ADC_DeInit                                    ./Drivers/STM32F4xx_HAL_Driver/Src/stm32f4xx_hal_adc.o
HAL_ADC_ErrorCallback                             ./Drivers/STM32F4xx_HAL_Driver/Src/stm32f4xx_hal_adc.o
                                                  ./Drivers/STM32F4xx_HAL_Driver/Src/stm32f4xx_hal_adc_ex.o
HAL_ADC_GetError                                  ./Drivers/STM32F4xx_HAL_Driver/Src/stm32f4xx_hal_adc.o
HAL_ADC_GetState                                  ./Drivers/STM32F4xx_HAL_Driver/Src/stm32f4xx_hal_adc.o
HAL_ADC_GetValue                                  ./Drivers/STM32F4xx_HAL_Driver/Src/stm32f4xx_hal_adc.o
HAL_ADC_IRQHandler                                ./Drivers/STM32F4xx_HAL_Driver/Src/stm32f4xx_hal_adc.o
HAL_ADC_Init                                      ./Drivers/STM32F4xx_HAL_Driver/Src/stm32f4xx_hal_adc.o
                                                  ./Core/Src/main.o
HAL_ADC_LevelOutOfWindowCallback                  ./Drivers/STM32F4xx_HAL_Driver/Src/stm32f4xx_hal_adc.o
HAL_ADC_MspDeInit                                 ./Core/Src/stm32f4xx_hal_msp.o
HAL_ADC_MspInit                                   ./Core/Src/stm32f4xx_hal_msp.o
HAL_ADC_PollForConversion                         ./Drivers/STM32F4xx_HAL_Driver/Src/stm32f4xx_hal_adc.o
HAL_ADC_PollForEvent                              ./Drivers/STM32F4xx_HAL_Driver/Src/stm32f4xx_hal_adc.o
HAL_ADC_Start                                     ./Drivers/STM32F4xx_HAL_Driver/Src/stm32f4xx_hal_adc.o
HAL_ADC_Start_DMA                                 ./Drivers/STM32F4xx_HAL_Driver/Src/stm32f4xx_hal_adc.o
                                                  ./Core/Src/event_loop.o
HAL_ADC_Start_IT                                  ./Drivers/STM32F4xx_HAL_Driver/Src/stm32f4xx_hal_adc.o
HAL_ADC_Stop                                      ./Drivers/STM32F4xx_HAL_Driver/Src/stm32f4xx_hal_adc.o
HAL_ADC_Stop_DMA                                  ./Drivers/STM32F4xx_HAL_Driver/Src/stm32f4xx_hal_adc.o
HAL_ADC_Stop_IT                                   ./Drivers/STM32F4xx_HAL_Driver/Src/stm32f4xx_hal_adc.o
HAL_CORTEX_ClearEvent                             ./Drivers/STM32F4xx_HAL_Driver/Src/stm32f4xx_hal_cortex.o
HAL_DBGMCU_DisableDBGSleepMode                    ./Drivers/STM32F4xx_HAL_Driver/Src/stm32f4xx_hal.o
HAL_DBGMCU_DisableDBGStandbyMode                  ./Drivers/STM32F4xx_HAL_Driver/Src/stm32f4xx_hal.o
HAL_DBGMCU_DisableDBGStopMode                     ./Drivers/STM32F4xx_HAL_Driver/Src/stm32f4xx_hal.o
HAL_DBGMCU_EnableDBGSleepMode                     ./Drivers/STM32F4xx_HAL_Driver/Src/stm32f4xx_hal.o
HAL_DBGMCU_EnableDBGStandbyMode                   ./Drivers/STM32F4xx_HAL_Driver/Src/stm32f4xx_hal.o
HAL_DBGMCU_EnableDBGStopMode                      ./Drivers/STM32F4xx_HAL_Driver/Src/stm32f4xx_hal.o
HAL_DMAEx_ChangeMemory                            ./Drivers/STM32F4xx_HAL_Driver/Src/stm32f4xx_hal_dma_ex.o
HAL_DMAEx_MultiBufferStart                        ./Drivers/STM32F4xx_HAL_Driver/Src/stm32f4xx_hal_dma_ex.o
HAL_DMAEx_MultiBufferStart_IT                     ./Drivers/STM32F4xx_HAL_Driver/Src/stm32f4xx_hal_dma_ex.o
HAL_DMA_Abort                                     ./Drivers/STM32F4xx_HAL_Driver/Src/stm32f4xx_hal_dma.o
                                                  ./Drivers/STM32F4xx_HAL_Driver/Src/stm32f4xx_hal_spi.o
                                                  ./Drivers/STM32F4xx_HAL_Driver/Src/stm32f4xx_hal_i2s.o
                                                  ./Drivers/STM32F4xx_HAL_Driver/Src/stm32f4xx_hal_adc_ex.o
                                                  ./Drivers/STM32F4xx_HAL_Driver/Src/stm32f4xx_hal_adc.o
HAL_DMA_Abort_IT                                  ./Drivers/STM32F4xx_HAL_Driver/Src/stm32f4xx_hal_dma.o
                                                  ./Drivers/STM32F4xx_HAL_Driver/Src/stm32f4xx_hal_spi.o
                                                  ./Drivers/STM32F4xx_HAL_Driver/Src/stm32f4xx_hal_i2c.o
HAL_DMA_DeInit                                    ./Drivers/STM32F4xx_HAL_Driver/Src/stm32f4xx_hal_dma.o
                                                  ./Core/Src/stm32f4xx_hal_msp.o
                                                  ./Core/Src/AUDIO.o
HAL_DMA_GetError                                  ./Drivers/STM32F4xx_HAL_Driver/Src/stm32f4xx_hal_dma.o
                                                  ./Drivers/STM32F4xx_HAL_Driver/Src/stm32f4xx_hal_i2c.o
HAL_DMA_GetState                                  ./Drivers/STM32F4xx_HAL_Driver/Src/stm32f4xx_hal_dma.o
                                                  ./Drivers/STM32F4xx_HAL_Driver/Src/stm32f4xx_hal_i2c.o
HAL_DMA_IRQHandler                                ./Drivers/STM32F4xx_HAL_Driver/Src/stm32f4xx_hal_dma.o
                                                  ./Core/Src/stm32f4xx_it.o
HAL_DMA_Init                                      ./Drivers/STM32F4xx_HAL_Driver/Src/stm32f4xx_hal_dma.o
                                                  ./Core/Src/stm32f4xx_hal_msp.o
                                                  ./Core/Src/AUDIO.o
HAL_DMA_PollForTransfer                           ./Drivers/STM32F4xx_HAL_Driver/Src/stm32f4xx_hal_dma.o
HAL_DMA_RegisterCallback                          ./Drivers/STM32F4xx_HAL_Driver/Src/stm32f4xx_hal_dma.o
HAL_DMA_Start                                     ./Drivers/STM32F4xx_HAL_Driver/Src/stm32f4xx_hal_dma.o
HAL_DMA_Start_IT                                  ./Drivers/STM32F4xx_HAL_Driver/Src/stm32f4xx_hal_dma.o
                                                  ./Drivers/STM32F4xx_HAL_Driver/Src/stm32f4xx_hal_spi.o
                                                  ./Drivers/STM32F4xx_HAL_Driver/Src/stm32f4xx_hal_i2s_ex.o
                                                  ./Drivers/STM32F4xx_HAL_Driver/Src/stm32f4xx_hal_i2s.o
                                                  ./Drivers/STM32F4xx_HAL_Driver/Src/stm32f4xx_hal_i2c.o
                                                  ./Drivers/STM32F4xx_HAL_Driver/Src/stm32f4xx_hal_adc_ex.o
                                                  ./Drivers/STM32F4xx_HAL_Driver/Src/stm32f4xx_hal_adc.o
HAL_DMA_UnRegisterCallback                        ./Drivers/STM32F4xx_HAL_Driver/Src/stm32f4xx_hal_dma.o
HAL_DeInit                                        ./Drivers/STM32F4xx_HAL_Driver/Src/stm32f4xx_hal.o
HAL_Delay                                         ./Drivers/STM32F4xx_HAL_Driver/Src/stm32f4xx_hal.o
                                                  ./Core/Src/AUDIO_LINK.o
                                                  ./Core/Src/AUDIO.o
HAL_DisableCompensationCell                       ./Drivers/STM32F4xx_HAL_Driver/Src/stm32f4xx_hal.o
HAL_EXTI_ClearConfigLine                          ./Drivers/STM32F4xx_HAL_Driver/Src/stm32f4xx_hal_exti.o
HAL_EXTI_ClearPending                             ./Drivers/STM32F4xx_HAL_Driver/Src/stm32f4xx_hal_exti.o
HAL_EXTI_GenerateSWI                              ./Drivers/STM32F4xx_HAL_Driver/Src/stm32f4xx_hal_exti.o
HAL_EXTI_GetConfigLine                            ./Drivers/STM32F4xx_HAL_Driver/Src/stm32f4xx_hal_exti.o
HAL_EXTI_GetHandle                                ./Drivers/STM32F4xx_HAL_Driver/Src/stm32f4xx_hal_exti.o
HAL_EXTI_GetPending                               ./Drivers/STM32F4xx_HAL_Driver/Src/stm32f4xx_hal_exti.o
HAL_EXTI_IRQHandler                               ./Drivers/STM32F4xx_HAL_Driver/Src/stm32f4xx_hal_exti.o
HAL_EXTI_RegisterCallback                         ./Drivers/STM32F4xx_HAL_Driver/Src/stm32f4xx_hal_exti.o
HAL_EXTI_SetConfigLine                            ./Drivers/STM32F4xx_HAL_Driver/Src/stm32f4xx_hal_exti.o
HAL_EnableCompensationCell                        ./Drivers/STM32F4xx_HAL_Driver/Src/stm32f4xx_hal.o
HAL_FLASHEx_Erase                                 ./Drivers/STM32F4xx_HAL_Driver/Src/stm32f4xx_hal_flash_ex.o
HAL_FLASHEx_Erase_IT                              ./Drivers/STM32F4xx_HAL_Driver/Src/stm32f4xx_hal_flash_ex.o
HAL_FLASHEx_OBGetConfig                           ./Drivers/STM32F4xx_HAL_Driver/Src/stm32f4xx_hal_flash_ex.o
HAL_FLASHEx_OBProgram                             ./Drivers/STM32F4xx_HAL_Driver/Src/stm32f4xx_hal_flash_ex.o
HAL_FLASH_EndOfOperationCallback                  ./Drivers/STM32F4xx_HAL_Driver/Src/stm32f4xx_hal_flash.o
HAL_FLASH_GetError                                ./Drivers/STM32F4xx_HAL_Driver/Src/stm32f4xx_hal_flash.o
HAL_FLASH_IRQHandler                              ./Drivers/STM32F4xx_HAL_Driver/Src/stm32f4xx_hal_flash.o
HAL_FLASH_Lock                                    ./Drivers/STM32F4xx_HAL_Driver/Src/stm32f4xx_hal_flash.o
HAL_FLASH_OB_Launch                               ./Drivers/STM32F4xx_HAL_Driver/Src/stm32f4xx_hal_flash.o
HAL_FLASH_OB_Lock                                 ./Drivers/STM32F4xx_HAL_Driver/Src/stm32f4xx_hal_flash.o
HAL_FLASH_OB_Unlock                               ./Drivers/STM32F4xx_HAL_Driver/Src/stm32f4xx_hal_flash.o
HAL_FLASH_OperationErrorCallback                  ./Drivers/STM32F4xx_HAL_Driver/Src/stm32f4xx_hal_flash.o
HAL_FLASH_Program                                 ./Drivers/STM32F4xx_HAL_Driver/Src/stm32f4xx_hal_flash.o
HAL_FLASH_Program_IT                              ./Drivers/STM32F4xx_HAL_Driver/Src/stm32f4xx_hal_flash.o
HAL_FLASH_Unlock                                  ./Drivers/STM32F4xx_HAL_Driver/Src/stm32f4xx_hal_flash.o
HAL_GPIO_DeInit                                   ./Drivers/STM32F4xx_HAL_Driver/Src/stm32f4xx_hal_gpio.o
                                                  ./Core/Src/stm32f4xx_hal_msp.o
                                                  ./Core/Src/AUDIO.o
HAL_GPIO_EXTI_Callback                            ./Drivers/STM32F4xx_HAL_Driver/Src/stm32f4xx_hal_gpio.o
HAL_GPIO_EXTI_IRQHandler                          ./Drivers/STM32F4xx_HAL_Driver/Src/stm32f4xx_hal_gpio.o
HAL_GPIO_Init                                     ./Drivers/STM32F4xx_HAL_Driver/Src/stm32f4xx_hal_gpio.o
                                                  ./Drivers/STM32F4xx_HAL_Driver/Src/stm32f4xx_hal_rcc.o
                                                  ./Core/Src/stm32f4xx_hal_msp.o
                                                  ./Core/Src/main.o
                                                  ./Core/Src/InputHandler.o
                                                  ./Core/Src/AUDIO_LINK.o
                                                  ./Core/Src/AUDIO.o
HAL_GPIO_LockPin                                  ./Drivers/STM32F4xx_HAL_Driver/Src/stm32f4xx_hal_gpio.o
HAL_GPIO_ReadPin                                  ./Drivers/STM32F4xx_HAL_Driver/Src/stm32f4xx_hal_gpio.o
                                                  ./Core/Src/InputHandler.o
HAL_GPIO_TogglePin                                ./Drivers/STM32F4xx_HAL_Driver/Src/stm32f4xx_hal_gpio.o
HAL_GPIO_WritePin                                 ./Drivers/STM32F4xx_HAL_Driver/Src/stm32f4xx_hal_gpio.o
                                                  ./Core/Src/InputHandler.o
                                                  ./Core/Src/AUDIO_LINK.o
                                                  ./Core/Src/AUDIO.o
HAL_GetDEVID                                      ./Drivers/STM32F4xx_HAL_Driver/Src/stm32f4xx_hal.o