Archive member included to satisfy reference by file (symbol)

C:/ST/STM32CubeIDE_1.14.1/STM32CubeIDE/plugins/com.st.stm32cube.ide.mcu.externaltools.gnu-tools-for-stm32.11.3.rel1.win32_1.1.100.202309141235/tools/bin/../lib/gcc/arm-none-eabi/11.3.1/../../../../arm-none-eabi/lib/thumb/v7e-m+fp/hard\libm.a(libm_a-s_sin.o)
                              ./Core/Src/event_loop.o (sin)
C:/ST/STM32CubeIDE_1.14.1/STM32CubeIDE/plugins/com.st.stm32cube.ide.mcu.externaltools.gnu-tools-for-stm32.11.3.rel1.win32_1.1.100.202309141235/tools/bin/../lib/gcc/arm-none-eabi/11.3.1/../../../../arm-none-eabi/lib/thumb/v7e-m+fp/hard\libm.a(libm_a-k_cos.o)
                              C:/ST/STM32CubeIDE_1.14.1/STM32CubeIDE/plugins/com.st.stm32cube.ide.mcu.externaltools.gnu-tools-for-stm32.11.3.rel1.win32_1.1.100.202309141235/tools/bin/../lib/gcc/arm-none-eabi/11.3.1/../../../../arm-none-eabi/lib/thumb/v7e-m+fp/hard\libm.a(libm_a-s_sin.o) (__kernel_cos)
C:/ST/STM32CubeIDE_1.14.1/STM32CubeIDE/plugins/com.st.stm32cube.ide.mcu.externaltools.gnu-tools-for-stm32.11.3.rel1.win32_1.1.100.202309141235/tools/bin/../lib/gcc/arm-none-eabi/11.3.1/../../../../arm-none-eabi/lib/thumb/v7e-m+fp/hard\libm.a(libm_a-k_sin.o)
                              C:/ST/STM32CubeIDE_1.14.1/STM32CubeIDE/plugins/com.st.stm32cube.ide.mcu.externaltools.gnu-tools-for-stm32.11.3.rel1.win32_1.1.100.202309141235/tools/bin/../lib/gcc/arm-none-eabi/11.3.1/../../../../arm-none-eabi/lib/thumb/v7e-m+fp/hard\libm.a(libm_a-s_sin.o) (__kernel_sin)
C:/ST/STM32CubeIDE_1.14.1/STM32CubeIDE/plugins/com.st.stm32cube.ide.mcu.externaltools.gnu-tools-for-stm32.11.3.rel1.win32_1.1.100.202309141235/tools/bin/../lib/gcc/arm-none-eabi/11.3.1/../../../../arm-none-eabi/lib/thumb/v7e-m+fp/hard\libm.a(libm_a-e_rem_pio2.o)
                              C:/ST/STM32CubeIDE_1.14.1/STM32CubeIDE/plugins/com.st.stm32cube.ide.mcu.externaltools.gnu-tools-for-stm32.11.3.rel1.win32_1.1.100.202309141235/tools/bin/../lib/gcc/arm-none-eabi/11.3.1/../../../../arm-none-eabi/lib/thumb/v7e-m+fp/hard\libm.a(libm_a-s_sin.o) (__ieee754_rem_pio2)
C:/ST/STM32CubeIDE_1.14.1/STM32CubeIDE/plugins/com.st.stm32cube.ide.mcu.externaltools.gnu-tools-for-stm32.11.3.rel1.win32_1.1.100.202309141235/tools/bin/../lib/gcc/arm-none-eabi/11.3.1/../../../../arm-none-eabi/lib/thumb/v7e-m+fp/hard\libm.a(libm_a-s_fabs.o)
                              C:/ST/STM32CubeIDE_1.14.1/STM32CubeIDE/plugins/com.st.stm32cube.ide.mcu.externaltools.gnu-tools-for-stm32.11.3.rel1.win32_1.1.100.202309141235/tools/bin/../lib/gcc/arm-none-eabi/11.3.1/../../../../arm-none-eabi/lib/thumb/v7e-m+fp/hard\libm.a(libm_a-e_rem_pio2.o) (fabs)
C:/ST/STM32CubeIDE_1.14.1/STM32CubeIDE/plugins/com.st.stm32cube.ide.mcu.externaltools.gnu-tools-for-stm32.11.3.rel1.win32_1.1.100.202309141235/tools/bin/../lib/gcc/arm-none-eabi/11.3.1/../../../../arm-none-eabi/lib/thumb/v7e-m+fp/hard\libm.a(libm_a-k_rem_pio2.o)
                              C:/ST/STM32CubeIDE_1.14.1/STM32CubeIDE/plugins/com.st.stm32cube.ide.mcu.externaltools.gnu-tools-for-stm32.11.3.rel1.win32_1.1.100.202309141235/tools/bin/../lib/gcc/arm-none-eabi/11.3.1/../../../../arm-none-eabi/lib/thumb/v7e-m+fp/hard\libm.a(libm_a-e_rem_pio2.o) (__kernel_rem_pio2)
C:/ST/STM32CubeIDE_1.14.1/STM32CubeIDE/plugins/com.st.stm32cube.ide.mcu.externaltools.gnu-tools-for-stm32.11.3.rel1.win32_1.1.100.202309141235/tools/bin/../lib/gcc/arm-none-eabi/11.3.1/../../../../arm-none-eabi/lib/thumb/v7e-m+fp/hard\libm.a(libm_a-s_scalbn.o)
                              C:/ST/STM32CubeIDE_1.14.1/STM32CubeIDE/plugins/com.st.stm32cube.ide.mcu.externaltools.gnu-tools-for-stm32.11.3.rel1.win32_1.1.100.202309141235/tools/bin/../lib/gcc/arm-none-eabi/11.3.1/../../../../arm-none-eabi/lib/thumb/v7e-m+fp/hard\libm.a(libm_a-k_rem_pio2.o) (scalbn)
C:/ST/STM32CubeIDE_1.14.1/STM32CubeIDE/plugins/com.st.stm32cube.ide.mcu.externaltools.gnu-tools-for-stm32.11.3.rel1.win32_1.1.100.202309141235/tools/bin/../lib/gcc/arm-none-eabi/11.3.1/../../../../arm-none-eabi/lib/thumb/v7e-m+fp/hard\libm.a(libm_a-s_floor.o)
                              C:/ST/STM32CubeIDE_1.14.1/STM32CubeIDE/plugins/com.st.stm32cube.ide.mcu.externaltools.gnu-tools-for-stm32.11.3.rel1.win32_1.1.100.202309141235/tools/bin/../lib/gcc/arm-none-eabi/11.3.1/../../../../arm-none-eabi/lib/thumb/v7e-m+fp/hard\libm.a(libm_a-k_rem_pio2.o) (floor)
C:/ST/STM32CubeIDE_1.14.1/STM32CubeIDE/plugins/com.st.stm32cube.ide.mcu.externaltools.gnu-tools-for-stm32.11.3.rel1.win32_1.1.100.202309141235/tools/bin/../lib/gcc/arm-none-eabi/11.3.1/../../../../arm-none-eabi/lib/thumb/v7e-m+fp/hard\libc_nano.a(libc_a-exit.o)
                              C:/ST/STM32CubeIDE_1.14.1/STM32CubeIDE/plugins/com.st.stm32cube.ide.mcu.externaltools.gnu-tools-for-stm32.11.3.rel1.win32_1.1.100.202309141235/tools/bin/../lib/gcc/arm-none-eabi/11.3.1/../../../../arm-none-eabi/lib/thumb/v7e-m+fp/hard/crt0.o (exit)
[...]
Memory Configuration

Name             Origin             Length             Attributes
CCMRAM           0x0000000010000000 0x0000000000010000 xrw
RAM              0x0000000020000000 0x0000000000020000 xrw
FLASH            0x0000000008000000 0x0000000000100000 xr
*default*        0x0000000000000000 0xffffffffffffffff

Linker script and memory map

LOAD C:/ST/STM32CubeIDE_1.14.1/STM32CubeIDE/plugins/com.st.stm32cube.ide.mcu.externaltools.gnu-tools-for-stm32.11.3.rel1.win32_1.1.100.202309141235/tools/bin/../lib/gcc/arm-none-eabi/11.3.1/thumb/v7e-m+fp/hard/crti.o
LOAD C:/ST/STM32CubeIDE_1.14.1/STM32CubeIDE/plugins/com.st.stm32cube.ide.mcu.externaltools.gnu-tools-for-stm32.11.3.rel1.win32_1.1.100.202309141235/tools/bin/../lib/gcc/arm-none-eabi/11.3.1/thumb/v7e-m+fp/hard/crtbegin.o
LOAD C:/ST/STM32CubeIDE_1.14.1/STM32CubeIDE/plugins/com.st.stm32cube.ide.mcu.externaltools.gnu-tools-for-stm32.11.3.rel1.win32_1.1.100.202309141235/tools/bin/../lib/gcc/arm-none-eabi/11.3.1/../../../../arm-none-eabi/lib/thumb/v7e-m+fp/hard/crt0.o
LOAD ./Core/Src/AUDIO.o
LOAD ./Core/Src/AUDIO_LINK.o
LOAD ./Core/Src/InputHandler.o
LOAD ./Core/Src/audioBuffer.o
LOAD ./Core/Src/cs43l22.o
LOAD ./Core/Src/event_loop.o
LOAD ./Core/Src/main.o
LOAD ./Core/Src/stm32f4xx_hal_msp.o
LOAD ./Core/Src/stm32f4xx_it.o
LOAD ./Core/Src/syscalls.o
LOAD ./Core/Src/sysmem.o
LOAD ./Core/Src/system_stm32f4xx.o
LOAD ./Core/Src/ws2812-spi.o
LOAD ./Core/Startup/startup_stm32f407vgtx.o
LOAD ./Drivers/STM32F4xx_HAL_Driver/Src/stm32f4xx_hal.o
LOAD ./Drivers/STM32F4xx_HAL_Driver/Src/stm32f4xx_hal_adc.o
LOAD ./Drivers/STM32F4xx_HAL_Driver/Src/stm32f4xx_hal_adc_ex.o
LOAD ./Drivers/STM32F4xx_HAL_Driver/Src/stm32f4xx_hal_cortex.o
LOAD ./Drivers/STM32F4xx_HAL_Driver/Src/stm32f4xx_hal_dma.o
LOAD ./Drivers/STM32F4xx_HAL_Driver/Src/stm32f4xx_hal_dma_ex.o
LOAD ./Drivers/STM32F4xx_HAL_Driver/Src/stm32f4xx_hal_exti.o
LOAD ./Drivers/STM32F4xx_HAL_Driver/Src/stm32f4xx_hal_flash.o
LOAD ./Drivers/STM32F4xx_HAL_Driver/Src/stm32f4xx_hal_flash_ex.o
LOAD ./Drivers/STM32F4xx_HAL_Driver/Src/stm32f4xx_hal_flash_ramfunc.o
LOAD ./Drivers/STM32F4xx_HAL_Driver/Src/stm32f4xx_hal_gpio.o
LOAD ./Drivers/STM32F4xx_HAL_Driver/Src/stm32f4xx_hal_i2c.o
LOAD ./Drivers/STM32F4xx_HAL_Driver/Src/stm32f4xx_hal_i2c_ex.o
LOAD ./Drivers/STM32F4xx_HAL_Driver/Src/stm32f4xx_hal_i2s.o
LOAD ./Drivers/STM32F4xx_HAL_Driver/Src/stm32f4xx_hal_i2s_ex.o
LOAD ./Drivers/STM32F4xx_HAL_Driver/Src/stm32f4xx_hal_pwr.o
LOAD ./Drivers/STM32F4xx_HAL_Driver/Src/stm32f4xx_hal_pwr_ex.o
LOAD ./Drivers/STM32F4xx_HAL_Driver/Src/stm32f4xx_hal_rcc.o
LOAD ./Drivers/STM32F4xx_HAL_Driver/Src/stm32f4xx_hal_rcc_ex.o
LOAD ./Drivers/STM32F4xx_HAL_Driver/Src/stm32f4xx_hal_spi.o
LOAD ./Drivers/STM32F4xx_HAL_Driver/Src/stm32f4xx_hal_tim.o
LOAD ./Drivers/STM32F4xx_HAL_Driver/Src/stm32f4xx_hal_tim_ex.o
LOAD ./Drivers/STM32F4xx_HAL_Driver/Src/stm32f4xx_ll_adc.o
START GROUP
LOAD C:/ST/STM32CubeIDE_1.14.1/STM32CubeIDE/plugins/com.st.stm32cube.ide.mcu.externaltools.gnu-tools-for-stm32.11.3.rel1.win32_1.1.100.202309141235/tools/bin/../lib/gcc/arm-none-eabi/11.3.1/../../../../arm-none-eabi/lib/thumb/v7e-m+fp/hard\libstdc++_nano.a
LOAD C:/ST/STM32CubeIDE_1.14.1/STM32CubeIDE/plugins/com.st.stm32cube.ide.mcu.externaltools.gnu-tools-for-stm32.11.3.rel1.win32_1.1.100.202309141235/tools/bin/../lib/gcc/arm-none-eabi/11.3.1/../../../../arm-none-eabi/lib/thumb/v7e-m+fp/hard\libsupc++_nano.a
END GROUP
LOAD C:/ST/STM32CubeIDE_1.14.1/STM32CubeIDE/plugins/com.st.stm32cube.ide.mcu.externaltools.gnu-tools-for-stm32.11.3.rel1.win32_1.1.100.202309141235/tools/bin/../lib/gcc/arm-none-eabi/11.3.1/../../../../arm-none-eabi/lib/thumb/v7e-m+fp/hard\libstdc++_nano.a
LOAD C:/ST/STM32CubeIDE_1.14.1/STM32CubeIDE/plugins/com.st.stm32cube.ide.mcu.externaltools.gnu-tools-for-stm32.11.3.rel1.win32_1.1.100.202309141235/tools/bin/../lib/gcc/arm-none-eabi/11.3.1/../../../../arm-none-eabi/lib/thumb/v7e-m+fp/hard\libm.a
LOAD C:/ST/STM32CubeIDE_1.14.1/STM32CubeIDE/plugins/com.st.stm32cube.ide.mcu.externaltools.gnu-tools-for-stm32.11.3.rel1.win32_1.1.100.202309141235/tools/bin/../lib/gcc/arm-none-eabi/11.3.1/../../../../arm-none-eabi/lib/thumb/v7e-m+fp/hard\libc_nano.a
START GROUP
LOAD C:/ST/STM32CubeIDE_1.14.1/STM32CubeIDE/plugins/com.st.stm32cube.ide.mcu.externaltools.gnu-tools-for-stm32.11.3.rel1.win32_1.1.100.202309141235/tools/bin/../lib/gcc/arm-none-eabi/11.3.1/thumb/v7e-m+fp/hard\libgcc.a
LOAD C:/ST/STM32CubeIDE_1.14.1/STM32CubeIDE/plugins/com.st.stm32cube.ide.mcu.externaltools.gnu-tools-for-stm32.11.3.rel1.win32_1.1.100.202309141235/tools/bin/../lib/gcc/arm-none-eabi/11.3.1/../../../../arm-none-eabi/lib/thumb/v7e-m+fp/hard\libc_nano.a
END GROUP
START GROUP
LOAD C:/ST/STM32CubeIDE_1.14.1/STM32CubeIDE/plugins/com.st.stm32cube.ide.mcu.externaltools.gnu-tools-for-stm32.11.3.rel1.win32_1.1.100.202309141235/tools/bin/../lib/gcc/arm-none-eabi/11.3.1/thumb/v7e-m+fp/hard\libgcc.a
LOAD C:/ST/STM32CubeIDE_1.14.1/STM32CubeIDE/plugins/com.st.stm32cube.ide.mcu.externaltools.gnu-tools-for-stm32.11.3.rel1.win32_1.1.100.202309141235/tools/bin/../lib/gcc/arm-none-eabi/11.3.1/../../../../arm-none-eabi/lib/thumb/v7e-m+fp/hard\libc_nano.a
LOAD C:/ST/STM32CubeIDE_1.14.1/STM32CubeIDE/plugins/com.st.stm32cube.ide.mcu.externaltools.gnu-tools-for-stm32.11.3.rel1.win32_1.1.100.202309141235/tools/bin/../lib/gcc/arm-none-eabi/11.3.1/../../../../arm-none-eabi/lib/thumb/v7e-m+fp/hard\libnosys.a
END GROUP
START GROUP
LOAD C:/ST/STM32CubeIDE_1.14.1/STM32CubeIDE/plugins/com.st.stm32cube.ide.mcu.externaltools.gnu-tools-for-stm32.11.3.rel1.win32_1.1.100.202309141235/tools/bin/../lib/gcc/arm-none-eabi/11.3.1/thumb/v7e-m+fp/hard\libgcc.a
LOAD C:/ST/STM32CubeIDE_1.14.1/STM32CubeIDE/plugins/com.st.stm32cube.ide.mcu.externaltools.gnu-tools-for-stm32.11.3.rel1.win32_1.1.100.202309141235/tools/bin/../lib/gcc/arm-none-eabi/11.3.1/../../../../arm-none-eabi/lib/thumb/v7e-m+fp/hard\libc_nano.a
LOAD C:/ST/STM32CubeIDE_1.14.1/STM32CubeIDE/plugins/com.st.stm32cube.ide.mcu.externaltools.gnu-tools-for-stm32.11.3.rel1.win32_1.1.100.202309141235/tools/bin/../lib/gcc/arm-none-eabi/11.3.1/../../../../arm-none-eabi/lib/thumb/v7e-m+fp/hard\libnosys.a
END GROUP
LOAD C:/ST/STM32CubeIDE_1.14.1/STM32CubeIDE/plugins/com.st.stm32cube.ide.mcu.externaltools.gnu-tools-for-stm32.11.3.rel1.win32_1.1.100.202309141235/tools/bin/../lib/gcc/arm-none-eabi/11.3.1/thumb/v7e-m+fp/hard/crtend.o
LOAD C:/ST/STM32CubeIDE_1.14.1/STM32CubeIDE/plugins/com.st.stm32cube.ide.mcu.externaltools.gnu-tools-for-stm32.11.3.rel1.win32_1.1.100.202309141235/tools/bin/../lib/gcc/arm-none-eabi/11.3.1/thumb/v7e-m+fp/hard/crtn.o
                0x0000000020020000                _estack = (ORIGIN (RAM) + LENGTH (RAM))
                0x0000000000000200                _Min_Heap_Size = 0x200
                0x0000000000000400                _Min_Stack_Size = 0x400

.isr_vector     0x0000000008000000      0x188
                0x0000000008000000                . = ALIGN (0x4)
 *(.isr_vector)
 .isr_vector    0x0000000008000000      0x188 ./Core/Startup/startup_stm32f407vgtx.o
                0x0000000008000000                g_pfnVectors
                0x0000000008000188                . = ALIGN (0x4)

.text           0x0000000008000188     0x8c00
                0x0000000008000188                . = ALIGN (0x4)
 *(.text)
 .text          0x0000000008000188       0x40 C:/ST/STM32CubeIDE_1.14.1/STM32CubeIDE/plugins/com.st.stm32cube.ide.mcu.externaltools.gnu-tools-for-stm32.11.3.rel1.win32_1.1.100.202309141235/tools/bin/../lib/gcc/arm-none-eabi/11.3.1/thumb/v7e-m+fp/hard/crtbegin.o
 .text          0x00000000080001c8      0x378 C:/ST/STM32CubeIDE_1.14.1/STM32CubeIDE/plugins/com.st.stm32cube.ide.mcu.externaltools.gnu-tools-for-stm32.11.3.rel1.win32_1.1.100.202309141235/tools/bin/../lib/gcc/arm-none-eabi/11.3.1/thumb/v7e-m+fp/hard\libgcc.a(_arm_addsubdf3.o)
                0x00000000080001c8                __aeabi_drsub
                0x00000000080001d0                __aeabi_dsub
                0x00000000080001d0                __subdf3
                0x00000000080001d4                __aeabi_dadd
                0x00000000080001d4                __adddf3
                0x000000000800044c                __floatunsidf
                0x000000000800044c                __aeabi_ui2d
                0x000000000800046c                __floatsidf
                0x000000000800046c                __aeabi_i2d
                0x0000000008000490                __aeabi_f2d
                0x0000000008000490                __extendsfdf2
                0x00000000080004d4                __floatundidf
                0x00000000080004d4                __aeabi_ul2d
                0x00000000080004e4                __floatdidf
                0x00000000080004e4                __aeabi_l2d
 .text          0x0000000008000540      0x424 C:/ST/STM32CubeIDE_1.14.1/STM32CubeIDE/plugins/com.st.stm32cube.ide.mcu.externaltools.gnu-tools-for-stm32.11.3.rel1.win32_1.1.100.202309141235/tools/bin/../lib/gcc/arm-none-eabi/11.3.1/thumb/v7e-m+fp/hard\libgcc.a(_arm_muldivdf3.o)
                0x0000000008000540                __aeabi_dmul
                0x0000000008000540                __muldf3
                0x0000000008000794                __divdf3
                0x0000000008000794                __aeabi_ddiv
 .text          0x0000000008000964      0x110 C:/ST/STM32CubeIDE_1.14.1/STM32CubeIDE/plugins/com.st.stm32cube.ide.mcu.externaltools.gnu-tools-for-stm32.11.3.rel1.win32_1.1.100.202309141235/tools/bin/../lib/gcc/arm-none-eabi/11.3.1/thumb/v7e-m+fp/hard\libgcc.a(_arm_cmpdf2.o)
                0x0000000008000964                __gtdf2
                0x0000000008000964                __gedf2
                0x000000000800096c                __ltdf2
                0x000000000800096c                __ledf2
                0x0000000008000974                __nedf2
                0x0000000008000974                __eqdf2
                0x0000000008000974                __cmpdf2
                0x00000000080009f0                __aeabi_cdrcmple
                0x0000000008000a00                __aeabi_cdcmpeq
                0x0000000008000a00                __aeabi_cdcmple
                0x0000000008000a10                __aeabi_dcmpeq
                0x0000000008000a24                __aeabi_dcmplt
                0x0000000008000a38                __aeabi_dcmple
                0x0000000008000a4c                __aeabi_dcmpge
                0x0000000008000a60                __aeabi_dcmpgt
 .text          0x0000000008000a74       0x50 C:/ST/STM32CubeIDE_1.14.1/STM32CubeIDE/plugins/com.st.stm32cube.ide.mcu.externaltools.gnu-tools-for-stm32.11.3.rel1.win32_1.1.100.202309141235/tools/bin/../lib/gcc/arm-none-eabi/11.3.1/thumb/v7e-m+fp/hard\libgcc.a(_arm_fixdfsi.o)
                0x0000000008000a74                __aeabi_d2iz
                0x0000000008000a74                __fixdfsi
 .text          0x0000000008000ac4       0x40 C:/ST/STM32CubeIDE_1.14.1/STM32CubeIDE/plugins/com.st.stm32cube.ide.mcu.externaltools.gnu-tools-for-stm32.11.3.rel1.win32_1.1.100.202309141235/tools/bin/../lib/gcc/arm-none-eabi/11.3.1/thumb/v7e-m+fp/hard\libgcc.a(_arm_fixunsdfsi.o)
                0x0000000008000ac4                __aeabi_d2uiz
                0x0000000008000ac4                __fixunsdfsi
 .text          0x0000000008000b04       0xa0 C:/ST/STM32CubeIDE_1.14.1/STM32CubeIDE/plugins/com.st.stm32cube.ide.mcu.externaltools.gnu-tools-for-stm32.11.3.rel1.win32_1.1.100.202309141235/tools/bin/../lib/gcc/arm-none-eabi/11.3.1/thumb/v7e-m+fp/hard\libgcc.a(_arm_truncdfsf2.o)
                0x0000000008000b04                __truncdfsf2
                0x0000000008000b04                __aeabi_d2f
 .text          0x0000000008000ba4       0x30 C:/ST/STM32CubeIDE_1.14.1/STM32CubeIDE/plugins/com.st.stm32cube.ide.mcu.externaltools.gnu-tools-for-stm32.11.3.rel1.win32_1.1.100.202309141235/tools/bin/../lib/gcc/arm-none-eabi/11.3.1/thumb/v7e-m+fp/hard\libgcc.a(_aeabi_uldivmod.o)
                0x0000000008000ba4                __aeabi_uldivmod
 .text          0x0000000008000bd4      0x2c8 C:/ST/STM32CubeIDE_1.14.1/STM32CubeIDE/plugins/com.st.stm32cube.ide.mcu.externaltools.gnu-tools-for-stm32.11.3.rel1.win32_1.1.100.202309141235/tools/bin/../lib/gcc/arm-none-eabi/11.3.1/thumb/v7e-m+fp/hard\libgcc.a(_udivmoddi4.o)
                0x0000000008000bd4                __udivmoddi4
 .text          0x0000000008000e9c        0x4 C:/ST/STM32CubeIDE_1.14.1/STM32CubeIDE/plugins/com.st.stm32cube.ide.mcu.externaltools.gnu-tools-for-stm32.11.3.rel1.win32_1.1.100.202309141235/tools/bin/../lib/gcc/arm-none-eabi/11.3.1/thumb/v7e-m+fp/hard\libgcc.a(_dvmd_tls.o)
                0x0000000008000e9c                __aeabi_idiv0
                0x0000000008000e9c                __aeabi_ldiv0
 *(.text*)
 .text.AUDIO_OUT_Init
                0x0000000008000ea0       0x94 ./Core/Src/AUDIO.o
                0x0000000008000ea0                AUDIO_OUT_Init
 .text.AUDIO_OUT_Play
                0x0000000008000f34       0x54 ./Core/Src/AUDIO.o
                0x0000000008000f34                AUDIO_OUT_Play
 .text.AUDIO_OUT_SetVolume
                0x0000000008000f88       0x30 ./Core/Src/AUDIO.o
                0x0000000008000f88                AUDIO_OUT_SetVolume
 .text.HAL_I2S_TxCpltCallback
                0x0000000008000fb8       0x24 ./Core/Src/AUDIO.o
                0x0000000008000fb8                HAL_I2S_TxCpltCallback
 .text.HAL_I2S_TxHalfCpltCallback
                0x0000000008000fdc       0x24 ./Core/Src/AUDIO.o
                0x0000000008000fdc                HAL_I2S_TxHalfCpltCallback
 .text.AUDIO_OUT_MspInit
                0x0000000008001000      0x180 ./Core/Src/AUDIO.o
                0x0000000008001000                AUDIO_OUT_MspInit
 .text.AUDIO_OUT_Error_CallBack
                0x0000000008001180        0xe ./Core/Src/AUDIO.o
                0x0000000008001180                AUDIO_OUT_Error_CallBack
 *fill*         0x000000000800118e        0x2 
 .text.I2S3_Init
                0x0000000008001190       0x70 ./Core/Src/AUDIO.o
 .text.HAL_I2S_ErrorCallback
                0x0000000008001200       0x24 ./Core/Src/AUDIO.o
                0x0000000008001200                HAL_I2S_ErrorCallback
 .text.I2Cx_Init
                0x0000000008001224       0x64 ./Core/Src/AUDIO_LINK.o
 .text.I2Cx_WriteData
                0x0000000008001288       0x50 ./Core/Src/AUDIO_LINK.o
 .text.I2Cx_ReadData
                0x00000000080012d8       0x58 ./Core/Src/AUDIO_LINK.o
 .text.I2Cx_Error
                0x0000000008001330       0x18 ./Core/Src/AUDIO_LINK.o
 .text.I2Cx_MspInit
                0x0000000008001348       0xac ./Core/Src/AUDIO_LINK.o
 .text.AUDIO_IO_Init
                0x00000000080013f4       0x70 ./Core/Src/AUDIO_LINK.o
                0x00000000080013f4                AUDIO_IO_Init
 .text.AUDIO_IO_DeInit
                0x0000000008001464        0xe ./Core/Src/AUDIO_LINK.o
                0x0000000008001464                AUDIO_IO_DeInit
 .text.AUDIO_IO_Write
                0x0000000008001472       0x28 ./Core/Src/AUDIO_LINK.o
                0x0000000008001472                AUDIO_IO_Write
 .text.AUDIO_IO_Read
                0x000000000800149a       0x28 ./Core/Src/AUDIO_LINK.o
                0x000000000800149a                AUDIO_IO_Read
 *fill*         0x00000000080014c2        0x6 
 .text._Z9getInputsv
                0x00000000080014c8      0x228 ./Core/Src/InputHandler.o
                0x00000000080014c8                getInputs()
 .text._ZSt17__size_to_integeri
                0x00000000080016f0       0x16 ./Core/Src/audioBuffer.o
                0x00000000080016f0                std::__size_to_integer(int)
 *fill*         0x0000000008001706        0x2 
 .text._ZN11Synthesizer16generateSineWaveEth
                0x0000000008001708       0xb8 ./Core/Src/audioBuffer.o
                0x0000000008001708                Synthesizer::generateSineWave(unsigned short, unsigned char)
 .text._ZN11Synthesizer18generateSquareWaveEth
                0x00000000080017c0       0xc0 ./Core/Src/audioBuffer.o
                0x00000000080017c0                Synthesizer::generateSquareWave(unsigned short, unsigned char)
 .text._ZN11Synthesizer20generateSawtoothWaveEth
                0x0000000008001880       0xb4 ./Core/Src/audioBuffer.o
                0x0000000008001880                Synthesizer::generateSawtoothWave(unsigned short, unsigned char)
 .text._ZN11Synthesizer20generateTriangleWaveEth
                0x0000000008001934      0x15c ./Core/Src/audioBuffer.o
                0x0000000008001934                Synthesizer::generateTriangleWave(unsigned short, unsigned char)
 .text._ZN10Oscillator10nextSampleERA16_s
                0x0000000008001a90      0x144 ./Core/Src/audioBuffer.o
                0x0000000008001a90                Oscillator::nextSample(short (&) [16])
 .text._ZN13LowPassFilter7processEs
                0x0000000008001bd4       0x58 ./Core/Src/audioBuffer.o
                0x0000000008001bd4                LowPassFilter::process(short)
 .text._ZN12ADSREnvelope10nextSampleERA16_t
                0x0000000008001c2c      0x268 ./Core/Src/audioBuffer.o
                0x0000000008001c2c                ADSREnvelope::nextSample(unsigned short (&) [16])
 .text._ZNK12ADSREnvelope19getActiveNotesCountEv
                0x0000000008001e94       0x1a ./Core/Src/audioBuffer.o
                0x0000000008001e94                ADSREnvelope::getActiveNotesCount() const
 .text._ZSt6fill_nIPtiiET_S1_T0_RKT1_
                0x0000000008001eae       0x36 ./Core/Src/audioBuffer.o
                0x0000000008001eae                unsigned short* std::fill_n<unsigned short*, int, int>(unsigned short*, int, int const&)
 .text._Z15fillAudioBufferv
                0x0000000008001ee4      0x164 ./Core/Src/audioBuffer.o
                0x0000000008001ee4                fillAudioBuffer()
 .text.AUDIO_OUT_HalfTransfer_CallBack
                0x0000000008002048       0x58 ./Core/Src/audioBuffer.o
                0x0000000008002048                AUDIO_OUT_HalfTransfer_CallBack
 .text.AUDIO_OUT_TransferComplete_CallBack
                0x00000000080020a0       0x58 ./Core/Src/audioBuffer.o
                0x00000000080020a0                AUDIO_OUT_TransferComplete_CallBack
 .text._ZSt19__iterator_categoryIPtENSt15iterator_traitsIT_E17iterator_categoryERKS2_
                0x00000000080020f8       0x14 ./Core/Src/audioBuffer.o
                0x00000000080020f8                std::iterator_traits<unsigned short*>::iterator_category std::__iterator_category<unsigned short*>(unsigned short* const&)
 .text._ZSt10__fill_n_aIPtiiET_S1_T0_RKT1_St26random_access_iterator_tag
                0x000000000800210c       0x3a ./Core/Src/audioBuffer.o
                0x000000000800210c                unsigned short* std::__fill_n_a<unsigned short*, int, int>(unsigned short*, int, int const&, std::random_access_iterator_tag)
 .text._ZSt8__fill_aIPtiEvT_S1_RKT0_
                0x0000000008002146       0x1e ./Core/Src/audioBuffer.o
                0x0000000008002146                void std::__fill_a<unsigned short*, int>(unsigned short*, unsigned short*, int const&)
 .text._ZSt9__fill_a1IPtiEN9__gnu_cxx11__enable_ifIXsrSt11__is_scalarIT0_E7__valueEvE6__typeET_S8_RKS4_
                0x0000000008002164       0x38 ./Core/Src/audioBuffer.o
                0x0000000008002164                __gnu_cxx::__enable_if<std::__is_scalar<int>::__value, void>::__type std::__fill_a1<unsigned short*, int>(unsigned short*, unsigned short*, int const&)
 .text.cs43l22_Init
                0x000000000800219c      0x1c8 ./Core/Src/cs43l22.o
                0x000000000800219c                cs43l22_Init
 .text.cs43l22_DeInit
                0x0000000008002364        0xc ./Core/Src/cs43l22.o
                0x0000000008002364                cs43l22_DeInit
 .text.cs43l22_ReadID
                0x0000000008002370       0x30 ./Core/Src/cs43l22.o
                0x0000000008002370                cs43l22_ReadID
 .text.cs43l22_Play
                0x00000000080023a0       0x74 ./Core/Src/cs43l22.o
                0x00000000080023a0                cs43l22_Play
 .text.cs43l22_Pause
                0x0000000008002414       0x42 ./Core/Src/cs43l22.o
                0x0000000008002414                cs43l22_Pause
 *fill*         0x0000000008002456        0x2 
 .text.cs43l22_Resume
                0x0000000008002458       0x78 ./Core/Src/cs43l22.o
                0x0000000008002458                cs43l22_Resume
 .text.cs43l22_Stop
                0x00000000080024d0       0x68 ./Core/Src/cs43l22.o
                0x00000000080024d0                cs43l22_Stop
 .text.cs43l22_SetVolume
                0x0000000008002538       0xbc ./Core/Src/cs43l22.o
                0x0000000008002538                cs43l22_SetVolume
 .text.cs43l22_SetFrequency
                0x00000000080025f4       0x1a ./Core/Src/cs43l22.o
                0x00000000080025f4                cs43l22_SetFrequency
 *fill*         0x000000000800260e        0x2 
 .text.cs43l22_SetMute
                0x0000000008002610       0xbc ./Core/Src/cs43l22.o
                0x0000000008002610                cs43l22_SetMute
 .text.cs43l22_SetOutputMode
                0x00000000080026cc       0xe4 ./Core/Src/cs43l22.o
                0x00000000080026cc                cs43l22_SetOutputMode
 .text.cs43l22_Reset
                0x00000000080027b0       0x18 ./Core/Src/cs43l22.o
                0x00000000080027b0                cs43l22_Reset
 .text.CODEC_IO_Write
                0x00000000080027c8       0x2e ./Core/Src/cs43l22.o
 .text._ZN11SynthesizerC2Ev
                0x00000000080027f6       0x18 ./Core/Src/event_loop.o
                0x00000000080027f6                Synthesizer::Synthesizer()
                0x00000000080027f6                Synthesizer::Synthesizer()
 *fill*         0x000000000800280e        0x2 
 .text._ZN11Synthesizer19initializeSineTableEv
                0x0000000008002810       0xa0 ./Core/Src/event_loop.o
                0x0000000008002810                Synthesizer::initializeSineTable()
 .text._ZN10OscillatorC2ER11SynthesizerRA_Kbhh
                0x00000000080028b0       0x4c ./Core/Src/event_loop.o
                0x00000000080028b0                Oscillator::Oscillator(Synthesizer&, bool const (&) [], unsigned char, unsigned char)
                0x00000000080028b0                Oscillator::Oscillator(Synthesizer&, bool const (&) [], unsigned char, unsigned char)
 .text._ZN10Oscillator17determineWaveformEh
                0x00000000080028fc       0x22 ./Core/Src/event_loop.o
                0x00000000080028fc                Oscillator::determineWaveform(unsigned char)
 .text._ZN10Oscillator12setHarmonicsEh
                0x000000000800291e       0x28 ./Core/Src/event_loop.o
                0x000000000800291e                Oscillator::setHarmonics(unsigned char)
 .text._ZN13LowPassFilterC2Eh
                0x0000000008002946       0x2e ./Core/Src/event_loop.o
                0x0000000008002946                LowPassFilter::LowPassFilter(unsigned char)
                0x0000000008002946                LowPassFilter::LowPassFilter(unsigned char)
 .text._ZN13LowPassFilter6updateEh
                0x0000000008002974       0x2c ./Core/Src/event_loop.o
                0x0000000008002974                LowPassFilter::update(unsigned char)
 .text._ZN12ADSREnvelopeC2ERA_KbRKhS4_S4_S4_
                0x00000000080029a0       0x60 ./Core/Src/event_loop.o
                0x00000000080029a0                ADSREnvelope::ADSREnvelope(bool const (&) [], unsigned char const&, unsigned char const&, unsigned char const&, unsigned char const&)
                0x00000000080029a0                ADSREnvelope::ADSREnvelope(bool const (&) [], unsigned char const&, unsigned char const&, unsigned char const&, unsigned char const&)
 .text._ZN12ADSREnvelope9NoteStateC2Ev
                0x0000000008002a00       0x22 ./Core/Src/event_loop.o
                0x0000000008002a00                ADSREnvelope::NoteState::NoteState()
                0x0000000008002a00                ADSREnvelope::NoteState::NoteState()
 *fill*         0x0000000008002a22        0x6 
 .text._Z12EventLoopCppv
                0x0000000008002a28       0xf0 ./Core/Src/event_loop.o
                0x0000000008002a28                EventLoopCpp()
 .text.EventLoopC
                0x0000000008002b18        0xc ./Core/Src/event_loop.o
                0x0000000008002b18                EventLoopC
 .text._Z41__static_initialization_and_destruction_0ii
                0x0000000008002b24       0x88 ./Core/Src/event_loop.o
 .text._GLOBAL__sub_I_synth
                0x0000000008002bac       0x10 ./Core/Src/event_loop.o
 .text.main     0x0000000008002bbc       0x2a ./Core/Src/main.o
                0x0000000008002bbc                main
 *fill*         0x0000000008002be6        0x2 
 .text.SystemClock_Config
                0x0000000008002be8       0xd4 ./Core/Src/main.o
                0x0000000008002be8                SystemClock_Config
 .text.MX_ADC1_Init
                0x0000000008002cbc      0x16c ./Core/Src/main.o
 .text.MX_I2C1_Init
                0x0000000008002e28       0x5c ./Core/Src/main.o
 .text.MX_I2S3_Init
                0x0000000008002e84       0x5c ./Core/Src/main.o
 .text.MX_SPI2_Init
                0x0000000008002ee0       0x70 ./Core/Src/main.o
 .text.MX_DMA_Init
                0x0000000008002f50       0x7c ./Core/Src/main.o
 .text.MX_GPIO_Init
                0x0000000008002fcc      0x100 ./Core/Src/main.o
 .text.Error_Handler
                0x00000000080030cc        0xa ./Core/Src/main.o
                0x00000000080030cc                Error_Handler
 *fill*         0x00000000080030d6        0x2 
 .text.HAL_MspInit
                0x00000000080030d8       0x50 ./Core/Src/stm32f4xx_hal_msp.o
                0x00000000080030d8                HAL_MspInit
 .text.HAL_ADC_MspInit
                0x0000000008003128       0xec ./Core/Src/stm32f4xx_hal_msp.o
                0x0000000008003128                HAL_ADC_MspInit
 .text.HAL_I2C_MspInit
                0x0000000008003214       0x90 ./Core/Src/stm32f4xx_hal_msp.o
                0x0000000008003214                HAL_I2C_MspInit
 .text.HAL_I2C_MspDeInit
                0x00000000080032a4       0x44 ./Core/Src/stm32f4xx_hal_msp.o
                0x00000000080032a4                HAL_I2C_MspDeInit
 .text.HAL_I2S_MspInit
                0x00000000080032e8      0x180 ./Core/Src/stm32f4xx_hal_msp.o
                0x00000000080032e8                HAL_I2S_MspInit
 .text.HAL_SPI_MspInit
                0x0000000008003468       0xf4 ./Core/Src/stm32f4xx_hal_msp.o
                0x0000000008003468                HAL_SPI_MspInit
 .text.NMI_Handler
                0x000000000800355c        0x6 ./Core/Src/stm32f4xx_it.o
                0x000000000800355c                NMI_Handler
 .text.HardFault_Handler
                0x0000000008003562        0x6 ./Core/Src/stm32f4xx_it.o
                0x0000000008003562                HardFault_Handler
 .text.MemManage_Handler
                0x0000000008003568        0x6 ./Core/Src/stm32f4xx_it.o
                0x0000000008003568                MemManage_Handler
 .text.BusFault_Handler
                0x000000000800356e        0x6 ./Core/Src/stm32f4xx_it.o
                0x000000000800356e                BusFault_Handler
 .text.UsageFault_Handler
                0x0000000008003574        0x6 ./Core/Src/stm32f4xx_it.o
                0x0000000008003574                UsageFault_Handler
 .text.SVC_Handler
                0x000000000800357a        0xe ./Core/Src/stm32f4xx_it.o
                0x000000000800357a                SVC_Handler
 .text.DebugMon_Handler
                0x0000000008003588        0xe ./Core/Src/stm32f4xx_it.o
                0x0000000008003588                DebugMon_Handler
 .text.PendSV_Handler
                0x0000000008003596        0xe ./Core/Src/stm32f4xx_it.o
                0x0000000008003596                PendSV_Handler
 .text.SysTick_Handler
                0x00000000080035a4        0xc ./Core/Src/stm32f4xx_it.o
                0x00000000080035a4                SysTick_Handler
 .text.DMA1_Stream4_IRQHandler
                0x00000000080035b0       0x28 ./Core/Src/stm32f4xx_it.o
                0x00000000080035b0                DMA1_Stream4_IRQHandler
 .text.DMA1_Stream7_IRQHandler
                0x00000000080035d8       0x14 ./Core/Src/stm32f4xx_it.o
                0x00000000080035d8                DMA1_Stream7_IRQHandler
 .text.DMA2_Stream0_IRQHandler
                0x00000000080035ec       0x14 ./Core/Src/stm32f4xx_it.o
                0x00000000080035ec                DMA2_Stream0_IRQHandler
 .text.SystemInit
                0x0000000008003600       0x24 ./Core/Src/system_stm32f4xx.o
                0x0000000008003600                SystemInit
 .text._Z11ws2812_initv
                0x0000000008003624       0x34 ./Core/Src/ws2812-spi.o
                0x0000000008003624                ws2812_init()
 .text._Z12ws2812_pixelthhh
                0x0000000008003658       0xdc ./Core/Src/ws2812-spi.o
                0x0000000008003658                ws2812_pixel(unsigned short, unsigned char, unsigned char, unsigned char)
 .text.Reset_Handler
                0x0000000008003734       0x50 ./Core/Startup/startup_stm32f407vgtx.o
                0x0000000008003734                Reset_Handler
 .text.Default_Handler
                0x0000000008003784        0x2 ./Core/Startup/startup_stm32f407vgtx.o
                0x0000000008003784                RTC_Alarm_IRQHandler
                0x0000000008003784                HASH_RNG_IRQHandler
                0x0000000008003784                EXTI2_IRQHandler
                0x0000000008003784                TIM8_CC_IRQHandler
                0x0000000008003784                TIM1_CC_IRQHandler
                0x0000000008003784                DMA2_Stream5_IRQHandler
                0x0000000008003784                DMA1_Stream5_IRQHandler
                0x0000000008003784                PVD_IRQHandler
                0x0000000008003784                SDIO_IRQHandler
                0x0000000008003784                TAMP_STAMP_IRQHandler
                0x0000000008003784                CAN2_RX1_IRQHandler
                0x0000000008003784                EXTI3_IRQHandler
                0x0000000008003784                TIM8_TRG_COM_TIM14_IRQHandler
                0x0000000008003784                TIM1_UP_TIM10_IRQHandler
                0x0000000008003784                TIM8_UP_TIM13_IRQHandler
                0x0000000008003784                I2C3_ER_IRQHandler
                0x0000000008003784                EXTI0_IRQHandler
                0x0000000008003784                I2C2_EV_IRQHandler
                0x0000000008003784                DMA1_Stream2_IRQHandler
                0x0000000008003784                CAN1_RX0_IRQHandler
                0x0000000008003784                FPU_IRQHandler
                0x0000000008003784                OTG_HS_WKUP_IRQHandler
                0x0000000008003784                CAN2_SCE_IRQHandler
                0x0000000008003784                DMA2_Stream2_IRQHandler
                0x0000000008003784                SPI1_IRQHandler
                0x0000000008003784                TIM6_DAC_IRQHandler
                0x0000000008003784                TIM1_BRK_TIM9_IRQHandler
                0x0000000008003784                DCMI_IRQHandler
                0x0000000008003784                CAN2_RX0_IRQHandler
                0x0000000008003784                DMA2_Stream3_IRQHandler
                0x0000000008003784                USART6_IRQHandler
                0x0000000008003784                USART3_IRQHandler
                0x0000000008003784                CAN1_RX1_IRQHandler
                0x0000000008003784                UART5_IRQHandler
                0x0000000008003784                TIM4_IRQHandler
                0x0000000008003784                I2C1_EV_IRQHandler
                0x0000000008003784                DMA1_Stream6_IRQHandler
                0x0000000008003784                DMA1_Stream1_IRQHandler
                0x0000000008003784                UART4_IRQHandler
                0x0000000008003784                TIM3_IRQHandler
                0x0000000008003784                RCC_IRQHandler
                0x0000000008003784                TIM8_BRK_TIM12_IRQHandler
                0x0000000008003784                Default_Handler
                0x0000000008003784                EXTI15_10_IRQHandler
                0x0000000008003784                ADC_IRQHandler
                0x0000000008003784                TIM7_IRQHandler
                0x0000000008003784                CAN2_TX_IRQHandler
                0x0000000008003784                TIM5_IRQHandler
                0x0000000008003784                DMA2_Stream7_IRQHandler
                0x0000000008003784                I2C3_EV_IRQHandler
                0x0000000008003784                EXTI9_5_IRQHandler
                0x0000000008003784                RTC_WKUP_IRQHandler
                0x0000000008003784                ETH_WKUP_IRQHandler
                0x0000000008003784                SPI2_IRQHandler
                0x0000000008003784                OTG_HS_EP1_IN_IRQHandler
                0x0000000008003784                DMA1_Stream0_IRQHandler
                0x0000000008003784                CAN1_TX_IRQHandler
                0x0000000008003784                EXTI4_IRQHandler
                0x0000000008003784                FSMC_IRQHandler
                0x0000000008003784                ETH_IRQHandler
                0x0000000008003784                OTG_HS_EP1_OUT_IRQHandler
                0x0000000008003784                WWDG_IRQHandler
                0x0000000008003784                TIM2_IRQHandler
                0x0000000008003784                OTG_FS_WKUP_IRQHandler
                0x0000000008003784                TIM1_TRG_COM_TIM11_IRQHandler
                0x0000000008003784                OTG_HS_IRQHandler
                0x0000000008003784                EXTI1_IRQHandler
                0x0000000008003784                USART2_IRQHandler
                0x0000000008003784                I2C2_ER_IRQHandler
                0x0000000008003784                DMA2_Stream1_IRQHandler
                0x0000000008003784                CAN1_SCE_IRQHandler
                0x0000000008003784                FLASH_IRQHandler
                0x0000000008003784                DMA2_Stream4_IRQHandler
                0x0000000008003784                USART1_IRQHandler
                0x0000000008003784                OTG_FS_IRQHandler
                0x0000000008003784                SPI3_IRQHandler
                0x0000000008003784                I2C1_ER_IRQHandler
                0x0000000008003784                DMA2_Stream6_IRQHandler
                0x0000000008003784                DMA1_Stream3_IRQHandler
 *fill*         0x0000000008003786        0x2 
 .text.HAL_Init
                0x0000000008003788       0x44 ./Drivers/STM32F4xx_HAL_Driver/Src/stm32f4xx_hal.o
                0x0000000008003788                HAL_Init
 .text.HAL_InitTick
                0x00000000080037cc       0x60 ./Drivers/STM32F4xx_HAL_Driver/Src/stm32f4xx_hal.o
                0x00000000080037cc                HAL_InitTick
 .text.HAL_IncTick
                0x000000000800382c       0x28 ./Drivers/STM32F4xx_HAL_Driver/Src/stm32f4xx_hal.o
                0x000000000800382c                HAL_IncTick
 .text.HAL_GetTick
                0x0000000008003854       0x18 ./Drivers/STM32F4xx_HAL_Driver/Src/stm32f4xx_hal.o
                0x0000000008003854                HAL_GetTick
 .text.HAL_Delay
                0x000000000800386c       0x48 ./Drivers/STM32F4xx_HAL_Driver/Src/stm32f4xx_hal.o
                0x000000000800386c                HAL_Delay
 .text.HAL_ADC_Init
                0x00000000080038b4       0x86 ./Drivers/STM32F4xx_HAL_Driver/Src/stm32f4xx_hal_adc.o
                0x00000000080038b4                HAL_ADC_Init
 *fill*         0x000000000800393a        0x2 
 .text.HAL_ADC_Start_DMA
                0x000000000800393c      0x220 ./Drivers/STM32F4xx_HAL_Driver/Src/stm32f4xx_hal_adc.o
                0x000000000800393c                HAL_ADC_Start_DMA
 .text.HAL_ADC_ConvCpltCallback
                0x0000000008003b5c       0x14 ./Drivers/STM32F4xx_HAL_Driver/Src/stm32f4xx_hal_adc.o
                0x0000000008003b5c                HAL_ADC_ConvCpltCallback
 .text.HAL_ADC_ConvHalfCpltCallback
                0x0000000008003b70       0x14 ./Drivers/STM32F4xx_HAL_Driver/Src/stm32f4xx_hal_adc.o
                0x0000000008003b70                HAL_ADC_ConvHalfCpltCallback
 .text.HAL_ADC_ErrorCallback
                0x0000000008003b84       0x14 ./Drivers/STM32F4xx_HAL_Driver/Src/stm32f4xx_hal_adc.o
                0x0000000008003b84                HAL_ADC_ErrorCallback
 .text.HAL_ADC_ConfigChannel
                0x0000000008003b98      0x244 ./Drivers/STM32F4xx_HAL_Driver/Src/stm32f4xx_hal_adc.o
                0x0000000008003b98                HAL_ADC_ConfigChannel
 .text.ADC_Init
                0x0000000008003ddc      0x1f8 ./Drivers/STM32F4xx_HAL_Driver/Src/stm32f4xx_hal_adc.o
 .text.ADC_DMAConvCplt
                0x0000000008003fd4       0xba ./Drivers/STM32F4xx_HAL_Driver/Src/stm32f4xx_hal_adc.o
 .text.ADC_DMAHalfConvCplt
                0x000000000800408e       0x1c ./Drivers/STM32F4xx_HAL_Driver/Src/stm32f4xx_hal_adc.o
 .text.ADC_DMAError
                0x00000000080040aa       0x2e ./Drivers/STM32F4xx_HAL_Driver/Src/stm32f4xx_hal_adc.o
 .text.__NVIC_SetPriorityGrouping
                0x00000000080040d8       0x48 ./Drivers/STM32F4xx_HAL_Driver/Src/stm32f4xx_hal_cortex.o
 .text.__NVIC_GetPriorityGrouping
                0x0000000008004120       0x1c ./Drivers/STM32F4xx_HAL_Driver/Src/stm32f4xx_hal_cortex.o
 .text.__NVIC_EnableIRQ
                0x000000000800413c       0x3c ./Drivers/STM32F4xx_HAL_Driver/Src/stm32f4xx_hal_cortex.o
 .text.__NVIC_SetPriority
                0x0000000008004178       0x54 ./Drivers/STM32F4xx_HAL_Driver/Src/stm32f4xx_hal_cortex.o
 .text.NVIC_EncodePriority
                0x00000000080041cc       0x66 ./Drivers/STM32F4xx_HAL_Driver/Src/stm32f4xx_hal_cortex.o
 *fill*         0x0000000008004232        0x2 
 .text.SysTick_Config
                0x0000000008004234       0x44 ./Drivers/STM32F4xx_HAL_Driver/Src/stm32f4xx_hal_cortex.o
 .text.HAL_NVIC_SetPriorityGrouping
                0x0000000008004278       0x16 ./Drivers/STM32F4xx_HAL_Driver/Src/stm32f4xx_hal_cortex.o
                0x0000000008004278                HAL_NVIC_SetPriorityGrouping
 .text.HAL_NVIC_SetPriority
                0x000000000800428e       0x38 ./Drivers/STM32F4xx_HAL_Driver/Src/stm32f4xx_hal_cortex.o
                0x000000000800428e                HAL_NVIC_SetPriority
 .text.HAL_NVIC_EnableIRQ
                0x00000000080042c6       0x1c ./Drivers/STM32F4xx_HAL_Driver/Src/stm32f4xx_hal_cortex.o
                0x00000000080042c6                HAL_NVIC_EnableIRQ
 .text.HAL_SYSTICK_Config
                0x00000000080042e2       0x18 ./Drivers/STM32F4xx_HAL_Driver/Src/stm32f4xx_hal_cortex.o
                0x00000000080042e2                HAL_SYSTICK_Config
 *fill*         0x00000000080042fa        0x2 
 .text.HAL_DMA_Init
                0x00000000080042fc      0x15c ./Drivers/STM32F4xx_HAL_Driver/Src/stm32f4xx_hal_dma.o
                0x00000000080042fc                HAL_DMA_Init
 .text.HAL_DMA_DeInit
                0x0000000008004458       0xbc ./Drivers/STM32F4xx_HAL_Driver/Src/stm32f4xx_hal_dma.o
                0x0000000008004458                HAL_DMA_DeInit
 .text.HAL_DMA_Start_IT
                0x0000000008004514       0xb0 ./Drivers/STM32F4xx_HAL_Driver/Src/stm32f4xx_hal_dma.o
                0x0000000008004514                HAL_DMA_Start_IT
 .text.HAL_DMA_IRQHandler
                0x00000000080045c4      0x314 ./Drivers/STM32F4xx_HAL_Driver/Src/stm32f4xx_hal_dma.o
                0x00000000080045c4                HAL_DMA_IRQHandler
 .text.DMA_SetConfig
                0x00000000080048d8       0x5c ./Drivers/STM32F4xx_HAL_Driver/Src/stm32f4xx_hal_dma.o
 .text.DMA_CalcBaseAndBitshift
                0x0000000008004934       0x6c ./Drivers/STM32F4xx_HAL_Driver/Src/stm32f4xx_hal_dma.o
 .text.DMA_CheckFifoParam
                0x00000000080049a0       0xf8 ./Drivers/STM32F4xx_HAL_Driver/Src/stm32f4xx_hal_dma.o
 .text.HAL_GPIO_Init
                0x0000000008004a98      0x338 ./Drivers/STM32F4xx_HAL_Driver/Src/stm32f4xx_hal_gpio.o
                0x0000000008004a98                HAL_GPIO_Init
 .text.HAL_GPIO_DeInit
                0x0000000008004dd0      0x1f8 ./Drivers/STM32F4xx_HAL_Driver/Src/stm32f4xx_hal_gpio.o
                0x0000000008004dd0                HAL_GPIO_DeInit
 .text.HAL_GPIO_ReadPin
                0x0000000008004fc8       0x30 ./Drivers/STM32F4xx_HAL_Driver/Src/stm32f4xx_hal_gpio.o
                0x0000000008004fc8                HAL_GPIO_ReadPin
 .text.HAL_GPIO_WritePin
                0x0000000008004ff8       0x32 ./Drivers/STM32F4xx_HAL_Driver/Src/stm32f4xx_hal_gpio.o
                0x0000000008004ff8                HAL_GPIO_WritePin
 *fill*         0x000000000800502a        0x2 
 .text.HAL_I2C_Init
                0x000000000800502c      0x288 ./Drivers/STM32F4xx_HAL_Driver/Src/stm32f4xx_hal_i2c.o
                0x000000000800502c                HAL_I2C_Init
 .text.HAL_I2C_DeInit
                0x00000000080052b4       0x5e ./Drivers/STM32F4xx_HAL_Driver/Src/stm32f4xx_hal_i2c.o
                0x00000000080052b4                HAL_I2C_DeInit
 *fill*         0x0000000008005312        0x2 
 .text.HAL_I2C_Mem_Write
                0x0000000008005314      0x1f4 ./Drivers/STM32F4xx_HAL_Driver/Src/stm32f4xx_hal_i2c.o
                0x0000000008005314                HAL_I2C_Mem_Write
 .text.HAL_I2C_Mem_Read
                0x0000000008005508      0x464 ./Drivers/STM32F4xx_HAL_Driver/Src/stm32f4xx_hal_i2c.o
                0x0000000008005508                HAL_I2C_Mem_Read
 .text.HAL_I2C_GetState
                0x000000000800596c       0x1c ./Drivers/STM32F4xx_HAL_Driver/Src/stm32f4xx_hal_i2c.o
                0x000000000800596c                HAL_I2C_GetState
 .text.I2C_RequestMemoryWrite
                0x0000000008005988      0x12c ./Drivers/STM32F4xx_HAL_Driver/Src/stm32f4xx_hal_i2c.o
 .text.I2C_RequestMemoryRead
                0x0000000008005ab4      0x1d0 ./Drivers/STM32F4xx_HAL_Driver/Src/stm32f4xx_hal_i2c.o
 .text.I2C_WaitOnFlagUntilTimeout
                0x0000000008005c84       0xf4 ./Drivers/STM32F4xx_HAL_Driver/Src/stm32f4xx_hal_i2c.o
 .text.I2C_WaitOnMasterAddressFlagUntilTimeout
                0x0000000008005d78      0x140 ./Drivers/STM32F4xx_HAL_Driver/Src/stm32f4xx_hal_i2c.o
 .text.I2C_WaitOnTXEFlagUntilTimeout
                0x0000000008005eb8       0x90 ./Drivers/STM32F4xx_HAL_Driver/Src/stm32f4xx_hal_i2c.o
 .text.I2C_WaitOnBTFFlagUntilTimeout
                0x0000000008005f48       0x90 ./Drivers/STM32F4xx_HAL_Driver/Src/stm32f4xx_hal_i2c.o
 .text.I2C_WaitOnRXNEFlagUntilTimeout
                0x0000000008005fd8       0xba ./Drivers/STM32F4xx_HAL_Driver/Src/stm32f4xx_hal_i2c.o
 .text.I2C_IsAcknowledgeFailed
                0x0000000008006092       0x5e ./Drivers/STM32F4xx_HAL_Driver/Src/stm32f4xx_hal_i2c.o
 .text.HAL_I2S_Init
                0x00000000080060f0      0x280 ./Drivers/STM32F4xx_HAL_Driver/Src/stm32f4xx_hal_i2s.o
                0x00000000080060f0                HAL_I2S_Init
 .text.HAL_I2S_Transmit_DMA
                0x0000000008006370      0x150 ./Drivers/STM32F4xx_HAL_Driver/Src/stm32f4xx_hal_i2s.o
                0x0000000008006370                HAL_I2S_Transmit_DMA
 .text.HAL_I2S_RxCpltCallback
                0x00000000080064c0       0x14 ./Drivers/STM32F4xx_HAL_Driver/Src/stm32f4xx_hal_i2s.o
                0x00000000080064c0                HAL_I2S_RxCpltCallback
 .text.HAL_I2S_GetState
                0x00000000080064d4       0x1c ./Drivers/STM32F4xx_HAL_Driver/Src/stm32f4xx_hal_i2s.o
                0x00000000080064d4                HAL_I2S_GetState
 .text.I2S_DMATxCplt
                0x00000000080064f0       0x42 ./Drivers/STM32F4xx_HAL_Driver/Src/stm32f4xx_hal_i2s.o
 .text.I2S_DMATxHalfCplt
                0x0000000008006532       0x1c ./Drivers/STM32F4xx_HAL_Driver/Src/stm32f4xx_hal_i2s.o
 .text.I2S_DMAError
                0x000000000800654e       0x4c ./Drivers/STM32F4xx_HAL_Driver/Src/stm32f4xx_hal_i2s.o
 .text.I2S_Transmit_IT
                0x000000000800659a       0x5c ./Drivers/STM32F4xx_HAL_Driver/Src/stm32f4xx_hal_i2s.o
 .text.I2S_Receive_IT
                0x00000000080065f6       0x5e ./Drivers/STM32F4xx_HAL_Driver/Src/stm32f4xx_hal_i2s.o
 .text.I2S_IRQHandler
                0x0000000008006654      0x114 ./Drivers/STM32F4xx_HAL_Driver/Src/stm32f4xx_hal_i2s.o
 .text.HAL_I2SEx_FullDuplex_IRQHandler
                0x0000000008006768      0x2a8 ./Drivers/STM32F4xx_HAL_Driver/Src/stm32f4xx_hal_i2s_ex.o
                0x0000000008006768                HAL_I2SEx_FullDuplex_IRQHandler
 .text.HAL_I2SEx_TxRxCpltCallback
                0x0000000008006a10       0x14 ./Drivers/STM32F4xx_HAL_Driver/Src/stm32f4xx_hal_i2s_ex.o
                0x0000000008006a10                HAL_I2SEx_TxRxCpltCallback
 .text.I2SEx_TxISR_I2S
                0x0000000008006a24       0x62 ./Drivers/STM32F4xx_HAL_Driver/Src/stm32f4xx_hal_i2s_ex.o
 *fill*         0x0000000008006a86        0x2 
 .text.I2SEx_TxISR_I2SExt
                0x0000000008006a88       0x98 ./Drivers/STM32F4xx_HAL_Driver/Src/stm32f4xx_hal_i2s_ex.o
 .text.I2SEx_RxISR_I2S
                0x0000000008006b20       0x64 ./Drivers/STM32F4xx_HAL_Driver/Src/stm32f4xx_hal_i2s_ex.o
 .text.I2SEx_RxISR_I2SExt
                0x0000000008006b84       0x98 ./Drivers/STM32F4xx_HAL_Driver/Src/stm32f4xx_hal_i2s_ex.o
 .text.HAL_RCC_OscConfig
                0x0000000008006c1c      0x4f0 ./Drivers/STM32F4xx_HAL_Driver/Src/stm32f4xx_hal_rcc.o
                0x0000000008006c1c                HAL_RCC_OscConfig
 .text.HAL_RCC_ClockConfig
                0x000000000800710c      0x1cc ./Drivers/STM32F4xx_HAL_Driver/Src/stm32f4xx_hal_rcc.o
                0x000000000800710c                HAL_RCC_ClockConfig
 .text.HAL_RCC_GetSysClockFreq
                0x00000000080072d8      0x18c ./Drivers/STM32F4xx_HAL_Driver/Src/stm32f4xx_hal_rcc.o
                0x00000000080072d8                HAL_RCC_GetSysClockFreq
 .text.HAL_RCC_GetHCLKFreq
                0x0000000008007464       0x18 ./Drivers/STM32F4xx_HAL_Driver/Src/stm32f4xx_hal_rcc.o
                0x0000000008007464                HAL_RCC_GetHCLKFreq
 .text.HAL_RCC_GetPCLK1Freq
                0x000000000800747c       0x28 ./Drivers/STM32F4xx_HAL_Driver/Src/stm32f4xx_hal_rcc.o
                0x000000000800747c                HAL_RCC_GetPCLK1Freq
 .text.HAL_RCCEx_PeriphCLKConfig
                0x00000000080074a4      0x1c4 ./Drivers/STM32F4xx_HAL_Driver/Src/stm32f4xx_hal_rcc_ex.o
                0x00000000080074a4                HAL_RCCEx_PeriphCLKConfig
 .text.HAL_RCCEx_GetPeriphCLKFreq
                0x0000000008007668       0xc0 ./Drivers/STM32F4xx_HAL_Driver/Src/stm32f4xx_hal_rcc_ex.o
                0x0000000008007668                HAL_RCCEx_GetPeriphCLKFreq
 .text.HAL_SPI_Init
                0x0000000008007728      0x112 ./Drivers/STM32F4xx_HAL_Driver/Src/stm32f4xx_hal_spi.o
                0x0000000008007728                HAL_SPI_Init
 *fill*         0x000000000800783a        0x2 
 .text.HAL_SPI_Transmit_DMA
                0x000000000800783c      0x164 ./Drivers/STM32F4xx_HAL_Driver/Src/stm32f4xx_hal_spi.o
                0x000000000800783c                HAL_SPI_Transmit_DMA
 .text.HAL_SPI_TxCpltCallback
                0x00000000080079a0       0x14 ./Drivers/STM32F4xx_HAL_Driver/Src/stm32f4xx_hal_spi.o
                0x00000000080079a0                HAL_SPI_TxCpltCallback
 .text.HAL_SPI_TxHalfCpltCallback
                0x00000000080079b4       0x14 ./Drivers/STM32F4xx_HAL_Driver/Src/stm32f4xx_hal_spi.o
                0x00000000080079b4                HAL_SPI_TxHalfCpltCallback
 .text.HAL_SPI_ErrorCallback
                0x00000000080079c8       0x14 ./Drivers/STM32F4xx_HAL_Driver/Src/stm32f4xx_hal_spi.o
                0x00000000080079c8                HAL_SPI_ErrorCallback
 .text.SPI_DMATransmitCplt
                0x00000000080079dc       0xa8 ./Drivers/STM32F4xx_HAL_Driver/Src/stm32f4xx_hal_spi.o
 .text.SPI_DMAHalfTransmitCplt
                0x0000000008007a84       0x1c ./Drivers/STM32F4xx_HAL_Driver/Src/stm32f4xx_hal_spi.o
 .text.SPI_DMAError
                0x0000000008007aa0       0x40 ./Drivers/STM32F4xx_HAL_Driver/Src/stm32f4xx_hal_spi.o
 .text.SPI_WaitFlagStateUntilTimeout
                0x0000000008007ae0      0x110 ./Drivers/STM32F4xx_HAL_Driver/Src/stm32f4xx_hal_spi.o
 .text.SPI_EndRxTxTransaction
                0x0000000008007bf0       0xa8 ./Drivers/STM32F4xx_HAL_Driver/Src/stm32f4xx_hal_spi.o
 .text.sin      0x0000000008007c98       0xb0 C:/ST/STM32CubeIDE_1.14.1/STM32CubeIDE/plugins/com.st.stm32cube.ide.mcu.externaltools.gnu-tools-for-stm32.11.3.rel1.win32_1.1.100.202309141235/tools/bin/../lib/gcc/arm-none-eabi/11.3.1/../../../../arm-none-eabi/lib/thumb/v7e-m+fp/hard\libm.a(libm_a-s_sin.o)
                0x0000000008007c98                sin
 .text.__kernel_cos
                0x0000000008007d48      0x18c C:/ST/STM32CubeIDE_1.14.1/STM32CubeIDE/plugins/com.st.stm32cube.ide.mcu.externaltools.gnu-tools-for-stm32.11.3.rel1.win32_1.1.100.202309141235/tools/bin/../lib/gcc/arm-none-eabi/11.3.1/../../../../arm-none-eabi/lib/thumb/v7e-m+fp/hard\libm.a(libm_a-k_cos.o)
                0x0000000008007d48                __kernel_cos
 *fill*         0x0000000008007ed4        0x4 
 .text.__kernel_sin
                0x0000000008007ed8      0x17c C:/ST/STM32CubeIDE_1.14.1/STM32CubeIDE/plugins/com.st.stm32cube.ide.mcu.externaltools.gnu-tools-for-stm32.11.3.rel1.win32_1.1.100.202309141235/tools/bin/../lib/gcc/arm-none-eabi/11.3.1/../../../../arm-none-eabi/lib/thumb/v7e-m+fp/hard\libm.a(libm_a-k_sin.o)
                0x0000000008007ed8                __kernel_sin
 *fill*         0x0000000008008054        0x4 
 .text.__ieee754_rem_pio2
                0x0000000008008058      0x40c C:/ST/STM32CubeIDE_1.14.1/STM32CubeIDE/plugins/com.st.stm32cube.ide.mcu.externaltools.gnu-tools-for-stm32.11.3.rel1.win32_1.1.100.202309141235/tools/bin/../lib/gcc/arm-none-eabi/11.3.1/../../../../arm-none-eabi/lib/thumb/v7e-m+fp/hard\libm.a(libm_a-e_rem_pio2.o)
                0x0000000008008058                __ieee754_rem_pio2
 .text.fabs     0x0000000008008464       0x12 C:/ST/STM32CubeIDE_1.14.1/STM32CubeIDE/plugins/com.st.stm32cube.ide.mcu.externaltools.gnu-tools-for-stm32.11.3.rel1.win32_1.1.100.202309141235/tools/bin/../lib/gcc/arm-none-eabi/11.3.1/../../../../arm-none-eabi/lib/thumb/v7e-m+fp/hard\libm.a(libm_a-s_fabs.o)
                0x0000000008008464                fabs
 *fill*         0x0000000008008476        0x2 
 .text.__kernel_rem_pio2
                0x0000000008008478      0x69c C:/ST/STM32CubeIDE_1.14.1/STM32CubeIDE/plugins/com.st.stm32cube.ide.mcu.externaltools.gnu-tools-for-stm32.11.3.rel1.win32_1.1.100.202309141235/tools/bin/../lib/gcc/arm-none-eabi/11.3.1/../../../../arm-none-eabi/lib/thumb/v7e-m+fp/hard\libm.a(libm_a-k_rem_pio2.o)
                0x0000000008008478                __kernel_rem_pio2
 *fill*         0x0000000008008b14        0x4 
 .text.scalbn   0x0000000008008b18       0xfc C:/ST/STM32CubeIDE_1.14.1/STM32CubeIDE/plugins/com.st.stm32cube.ide.mcu.externaltools.gnu-tools-for-stm32.11.3.rel1.win32_1.1.100.202309141235/tools/bin/../lib/gcc/arm-none-eabi/11.3.1/../../../../arm-none-eabi/lib/thumb/v7e-m+fp/hard\libm.a(libm_a-s_scalbn.o)
                0x0000000008008b18                scalbn
 *fill*         0x0000000008008c14        0x4 
 .text.floor    0x0000000008008c18      0x100 C:/ST/STM32CubeIDE_1.14.1/STM32CubeIDE/plugins/com.st.stm32cube.ide.mcu.externaltools.gnu-tools-for-stm32.11.3.rel1.win32_1.1.100.202309141235/tools/bin/../lib/gcc/arm-none-eabi/11.3.1/../../../../arm-none-eabi/lib/thumb/v7e-m+fp/hard\libm.a(libm_a-s_floor.o)
                0x0000000008008c18                floor
 .text.memset   0x0000000008008d18       0x10 C:/ST/STM32CubeIDE_1.14.1/STM32CubeIDE/plugins/com.st.stm32cube.ide.mcu.externaltools.gnu-tools-for-stm32.11.3.rel1.win32_1.1.100.202309141235/tools/bin/../lib/gcc/arm-none-eabi/11.3.1/../../../../arm-none-eabi/lib/thumb/v7e-m+fp/hard\libc_nano.a(libc_a-memset.o)
                0x0000000008008d18                memset
 .text.__libc_init_array
                0x0000000008008d28       0x48 C:/ST/STM32CubeIDE_1.14.1/STM32CubeIDE/plugins/com.st.stm32cube.ide.mcu.externaltools.gnu-tools-for-stm32.11.3.rel1.win32_1.1.100.202309141235/tools/bin/../lib/gcc/arm-none-eabi/11.3.1/../../../../arm-none-eabi/lib/thumb/v7e-m+fp/hard\libc_nano.a(libc_a-init.o)
                0x0000000008008d28                __libc_init_array
 *(.glue_7)
 .glue_7        0x0000000008008d70        0x0 linker stubs
 *(.glue_7t)
 .glue_7t       0x0000000008008d70        0x0 linker stubs
 *(.eh_frame)
 .eh_frame      0x0000000008008d70        0x0 C:/ST/STM32CubeIDE_1.14.1/STM32CubeIDE/plugins/com.st.stm32cube.ide.mcu.externaltools.gnu-tools-for-stm32.11.3.rel1.win32_1.1.100.202309141235/tools/bin/../lib/gcc/arm-none-eabi/11.3.1/thumb/v7e-m+fp/hard/crtbegin.o
 *(.init)
 .init          0x0000000008008d70        0x4 C:/ST/STM32CubeIDE_1.14.1/STM32CubeIDE/plugins/com.st.stm32cube.ide.mcu.externaltools.gnu-tools-for-stm32.11.3.rel1.win32_1.1.100.202309141235/tools/bin/../lib/gcc/arm-none-eabi/11.3.1/thumb/v7e-m+fp/hard/crti.o
                0x0000000008008d70                _init
 .init          0x0000000008008d74        0x8 C:/ST/STM32CubeIDE_1.14.1/STM32CubeIDE/plugins/com.st.stm32cube.ide.mcu.externaltools.gnu-tools-for-stm32.11.3.rel1.win32_1.1.100.202309141235/tools/bin/../lib/gcc/arm-none-eabi/11.3.1/thumb/v7e-m+fp/hard/crtn.o
 *(.fini)
 .fini          0x0000000008008d7c        0x4 C:/ST/STM32CubeIDE_1.14.1/STM32CubeIDE/plugins/com.st.stm32cube.ide.mcu.externaltools.gnu-tools-for-stm32.11.3.rel1.win32_1.1.100.202309141235/tools/bin/../lib/gcc/arm-none-eabi/11.3.1/thumb/v7e-m+fp/hard/crti.o
                0x0000000008008d7c                _fini
 .fini          0x0000000008008d80        0x8 C:/ST/STM32CubeIDE_1.14.1/STM32CubeIDE/plugins/com.st.stm32cube.ide.mcu.externaltools.gnu-tools-for-stm32.11.3.rel1.win32_1.1.100.202309141235/tools/bin/../lib/gcc/arm-none-eabi/11.3.1/thumb/v7e-m+fp/hard/crtn.o
                0x0000000008008d88                . = ALIGN (0x4)
                0x0000000008008d88                _etext = .

.vfp11_veneer   0x0000000008008d88        0x0
 .vfp11_veneer  0x0000000008008d88        0x0 linker stubs

.v4_bx          0x0000000008008d88        0x0
 .v4_bx         0x0000000008008d88        0x0 linker stubs

.iplt           0x0000000008008d88        0x0
 .iplt          0x0000000008008d88        0x0 C:/ST/STM32CubeIDE_1.14.1/STM32CubeIDE/plugins/com.st.stm32cube.ide.mcu.externaltools.gnu-tools-for-stm32.11.3.rel1.win32_1.1.100.202309141235/tools/bin/../lib/gcc/arm-none-eabi/11.3.1/thumb/v7e-m+fp/hard/crtbegin.o

.rodata         0x0000000008008d88      0x218
                0x0000000008008d88                . = ALIGN (0x4)
 *(.rodata)
 *(.rodata*)
 .rodata._ZL15noteFrequencies
                0x0000000008008d88       0x20 ./Core/Src/audioBuffer.o
 .rodata.AHBPrescTable
                0x0000000008008da8       0x10 ./Core/Src/system_stm32f4xx.o
                0x0000000008008da8                AHBPrescTable
 .rodata.APBPrescTable
                0x0000000008008db8        0x8 ./Core/Src/system_stm32f4xx.o
                0x0000000008008db8                APBPrescTable
 .rodata.flagBitshiftOffset.0
                0x0000000008008dc0        0x8 ./Drivers/STM32F4xx_HAL_Driver/Src/stm32f4xx_hal_dma.o
 .rodata.npio2_hw
                0x0000000008008dc8       0x80 C:/ST/STM32CubeIDE_1.14.1/STM32CubeIDE/plugins/com.st.stm32cube.ide.mcu.externaltools.gnu-tools-for-stm32.11.3.rel1.win32_1.1.100.202309141235/tools/bin/../lib/gcc/arm-none-eabi/11.3.1/../../../../arm-none-eabi/lib/thumb/v7e-m+fp/hard\libm.a(libm_a-e_rem_pio2.o)
 .rodata.two_over_pi
                0x0000000008008e48      0x108 C:/ST/STM32CubeIDE_1.14.1/STM32CubeIDE/plugins/com.st.stm32cube.ide.mcu.externaltools.gnu-tools-for-stm32.11.3.rel1.win32_1.1.100.202309141235/tools/bin/../lib/gcc/arm-none-eabi/11.3.1/../../../../arm-none-eabi/lib/thumb/v7e-m+fp/hard\libm.a(libm_a-e_rem_pio2.o)
 .rodata.PIo2   0x0000000008008f50       0x40 C:/ST/STM32CubeIDE_1.14.1/STM32CubeIDE/plugins/com.st.stm32cube.ide.mcu.externaltools.gnu-tools-for-stm32.11.3.rel1.win32_1.1.100.202309141235/tools/bin/../lib/gcc/arm-none-eabi/11.3.1/../../../../arm-none-eabi/lib/thumb/v7e-m+fp/hard\libm.a(libm_a-k_rem_pio2.o)
 .rodata.init_jk
                0x0000000008008f90       0x10 C:/ST/STM32CubeIDE_1.14.1/STM32CubeIDE/plugins/com.st.stm32cube.ide.mcu.externaltools.gnu-tools-for-stm32.11.3.rel1.win32_1.1.100.202309141235/tools/bin/../lib/gcc/arm-none-eabi/11.3.1/../../../../arm-none-eabi/lib/thumb/v7e-m+fp/hard\libm.a(libm_a-k_rem_pio2.o)
                0x0000000008008fa0                . = ALIGN (0x4)

.ARM.extab      0x0000000008008fa0        0x0
                0x0000000008008fa0                . = ALIGN (0x4)
 *(.ARM.extab* .gnu.linkonce.armextab.*)
                0x0000000008008fa0                . = ALIGN (0x4)

.ARM            0x0000000008008fa0        0x8
                0x0000000008008fa0                . = ALIGN (0x4)
                0x0000000008008fa0                __exidx_start = .
 *(.ARM.exidx*)
 .ARM.exidx     0x0000000008008fa0        0x8 C:/ST/STM32CubeIDE_1.14.1/STM32CubeIDE/plugins/com.st.stm32cube.ide.mcu.externaltools.gnu-tools-for-stm32.11.3.rel1.win32_1.1.100.202309141235/tools/bin/../lib/gcc/arm-none-eabi/11.3.1/thumb/v7e-m+fp/hard\libgcc.a(_udivmoddi4.o)
                0x0000000008008fa8                __exidx_end = .
                0x0000000008008fa8                . = ALIGN (0x4)

.rel.dyn        0x0000000008008fa8        0x0
 .rel.iplt      0x0000000008008fa8        0x0 C:/ST/STM32CubeIDE_1.14.1/STM32CubeIDE/plugins/com.st.stm32cube.ide.mcu.externaltools.gnu-tools-for-stm32.11.3.rel1.win32_1.1.100.202309141235/tools/bin/../lib/gcc/arm-none-eabi/11.3.1/thumb/v7e-m+fp/hard/crtbegin.o

.preinit_array  0x0000000008008fa8        0x0
                0x0000000008008fa8                . = ALIGN (0x4)
                0x0000000008008fa8                PROVIDE (__preinit_array_start = .)
 *(.preinit_array*)
                0x0000000008008fa8                PROVIDE (__preinit_array_end = .)
                0x0000000008008fa8                . = ALIGN (0x4)

.init_array     0x0000000008008fa8        0x8
                0x0000000008008fa8                . = ALIGN (0x4)
                0x0000000008008fa8                PROVIDE (__init_array_start = .)
 *(SORT_BY_NAME(.init_array.*))
 *(.init_array*)
 .init_array    0x0000000008008fa8        0x4 C:/ST/STM32CubeIDE_1.14.1/STM32CubeIDE/plugins/com.st.stm32cube.ide.mcu.externaltools.gnu-tools-for-stm32.11.3.rel1.win32_1.1.100.202309141235/tools/bin/../lib/gcc/arm-none-eabi/11.3.1/thumb/v7e-m+fp/hard/crtbegin.o
 .init_array    0x0000000008008fac        0x4 ./Core/Src/event_loop.o
                0x0000000008008fb0                PROVIDE (__init_array_end = .)
                0x0000000008008fb0                . = ALIGN (0x4)

.fini_array     0x0000000008008fb0        0x4
                0x0000000008008fb0                . = ALIGN (0x4)
                [!provide]                        PROVIDE (__fini_array_start = .)
 *(SORT_BY_NAME(.fini_array.*))
 *(.fini_array*)
 .fini_array    0x0000000008008fb0        0x4 C:/ST/STM32CubeIDE_1.14.1/STM32CubeIDE/plugins/com.st.stm32cube.ide.mcu.externaltools.gnu-tools-for-stm32.11.3.rel1.win32_1.1.100.202309141235/tools/bin/../lib/gcc/arm-none-eabi/11.3.1/thumb/v7e-m+fp/hard/crtbegin.o
                [!provide]                        PROVIDE (__fini_array_end = .)
                0x0000000008008fb4                . = ALIGN (0x4)
                0x0000000008008fb4                _sidata = LOADADDR (.data)

.data           0x0000000020000000       0xbc load address 0x0000000008008fb4
                0x0000000020000000                . = ALIGN (0x4)
                0x0000000020000000                _sdata = .
 *(.data)
 *(.data*)
 .data.I2cxTimeout
                0x0000000020000000        0x4 ./Core/Src/AUDIO_LINK.o
                0x0000000020000000                I2cxTimeout
 .data.analogInputs
                0x0000000020000004        0x8 ./Core/Src/InputHandler.o
                0x0000000020000004                analogInputs
 .data.rowPorts
                0x000000002000000c       0x10 ./Core/Src/InputHandler.o
                0x000000002000000c                rowPorts
 .data.rowPins  0x000000002000001c        0x8 ./Core/Src/InputHandler.o
                0x000000002000001c                rowPins
 .data.colPorts
                0x0000000020000024       0x10 ./Core/Src/InputHandler.o
                0x0000000020000024                colPorts
 .data.colPins  0x0000000020000034        0x8 ./Core/Src/InputHandler.o
                0x0000000020000034                colPins
 .data.ledButtonMap
                0x000000002000003c       0x10 ./Core/Src/InputHandler.o
                0x000000002000003c                ledButtonMap
 .data.ledColors
                0x000000002000004c       0x30 ./Core/Src/InputHandler.o
                0x000000002000004c                ledColors
 .data.cs43l22_drv
                0x000000002000007c       0x30 ./Core/Src/cs43l22.o
                0x000000002000007c                cs43l22_drv
 .data.Is_cs43l22_Stop
                0x00000000200000ac        0x1 ./Core/Src/cs43l22.o
 *fill*         0x00000000200000ad        0x3 
 .data.SystemCoreClock
                0x00000000200000b0        0x4 ./Core/Src/system_stm32f4xx.o
                0x00000000200000b0                SystemCoreClock
 .data.uwTickPrio
                0x00000000200000b4        0x4 ./Drivers/STM32F4xx_HAL_Driver/Src/stm32f4xx_hal.o
                0x00000000200000b4                uwTickPrio
 .data.uwTickFreq
                0x00000000200000b8        0x1 ./Drivers/STM32F4xx_HAL_Driver/Src/stm32f4xx_hal.o
                0x00000000200000b8                uwTickFreq
 *(.RamFunc)
 *(.RamFunc*)
                0x00000000200000bc                . = ALIGN (0x4)
 *fill*         0x00000000200000b9        0x3 
                0x00000000200000bc                _edata = .
                0x0000000008009070                _siccmram = LOADADDR (.ccmram)

.igot.plt       0x00000000200000bc        0x0 load address 0x0000000008009070
 .igot.plt      0x00000000200000bc        0x0 C:/ST/STM32CubeIDE_1.14.1/STM32CubeIDE/plugins/com.st.stm32cube.ide.mcu.externaltools.gnu-tools-for-stm32.11.3.rel1.win32_1.1.100.202309141235/tools/bin/../lib/gcc/arm-none-eabi/11.3.1/thumb/v7e-m+fp/hard/crtbegin.o

.ccmram         0x0000000010000000        0x0 load address 0x0000000008009070
                0x0000000010000000                . = ALIGN (0x4)
                0x0000000010000000                _sccmram = .
 *(.ccmram)
 *(.ccmram*)
                0x0000000010000000                . = ALIGN (0x4)
                0x0000000010000000                _eccmram = .
                0x0000000010000000                . = ALIGN (0x4)

.bss            0x00000000200000bc     0x8a38
                0x00000000200000bc                _sbss = .
                0x00000000200000bc                __bss_start__ = _sbss
 *(.bss)
 .bss           0x00000000200000bc       0x1c C:/ST/STM32CubeIDE_1.14.1/STM32CubeIDE/plugins/com.st.stm32cube.ide.mcu.externaltools.gnu-tools-for-stm32.11.3.rel1.win32_1.1.100.202309141235/tools/bin/../lib/gcc/arm-none-eabi/11.3.1/thumb/v7e-m+fp/hard/crtbegin.o
 *(.bss*)
 .bss.pAudioDrv
                0x00000000200000d8        0x4 ./Core/Src/AUDIO.o
 .bss.hAudioOutI2s
                0x00000000200000dc       0x48 ./Core/Src/AUDIO.o
                0x00000000200000dc                hAudioOutI2s
 .bss.hdma_i2sTx.0
                0x0000000020000124       0x60 ./Core/Src/AUDIO.o
 .bss.I2cHandle
                0x0000000020000184       0x54 ./Core/Src/AUDIO_LINK.o
 .bss.adc1Buffer
                0x00000000200001d8        0x8 ./Core/Src/InputHandler.o
                0x00000000200001d8                adc1Buffer
 .bss.nextInputTime
                0x00000000200001e0        0x4 ./Core/Src/InputHandler.o
                0x00000000200001e0                nextInputTime
 .bss.digitalInputs
                0x00000000200001e4       0x10 ./Core/Src/InputHandler.o
                0x00000000200001e4                digitalInputs
 .bss.audioBuffer
                0x00000000200001f4      0x400 ./Core/Src/audioBuffer.o
                0x00000000200001f4                audioBuffer
 .bss.bufferHalf
                0x00000000200005f4        0x1 ./Core/Src/audioBuffer.o
                0x00000000200005f4                bufferHalf
 *fill*         0x00000000200005f5        0x3 
 .bss.time      0x00000000200005f8        0x4 ./Core/Src/audioBuffer.o
                0x00000000200005f8                time
 .bss.OutputDev
                0x00000000200005fc        0x1 ./Core/Src/cs43l22.o
                0x00000000200005fc                OutputDev
 *fill*         0x00000000200005fd        0x3 
 .bss.synth     0x0000000020000600     0x800c ./Core/Src/event_loop.o
                0x0000000020000600                synth
 .bss.oscillator
                0x000000002000860c       0x30 ./Core/Src/event_loop.o
                0x000000002000860c                oscillator
 .bss.envelope  0x000000002000863c       0x98 ./Core/Src/event_loop.o
                0x000000002000863c                envelope
 .bss.filter    0x00000000200086d4        0x4 ./Core/Src/event_loop.o
                0x00000000200086d4                filter
 .bss.hadc1     0x00000000200086d8       0x48 ./Core/Src/main.o
                0x00000000200086d8                hadc1
 .bss.hdma_adc1
                0x0000000020008720       0x60 ./Core/Src/main.o
                0x0000000020008720                hdma_adc1
 .bss.hi2c1     0x0000000020008780       0x54 ./Core/Src/main.o
                0x0000000020008780                hi2c1
 .bss.hi2s3     0x00000000200087d4       0x48 ./Core/Src/main.o
                0x00000000200087d4                hi2s3
 .bss.hdma_spi3_tx
                0x000000002000881c       0x60 ./Core/Src/main.o
                0x000000002000881c                hdma_spi3_tx
 .bss.hspi2     0x000000002000887c       0x58 ./Core/Src/main.o
                0x000000002000887c                hspi2
 .bss.hdma_spi2_tx
                0x00000000200088d4       0x60 ./Core/Src/main.o
                0x00000000200088d4                hdma_spi2_tx
 .bss.ws2812_buffer
                0x0000000020008934      0x1bc ./Core/Src/ws2812-spi.o
                0x0000000020008934                ws2812_buffer
 .bss.uwTick    0x0000000020008af0        0x4 ./Drivers/STM32F4xx_HAL_Driver/Src/stm32f4xx_hal.o
                0x0000000020008af0                uwTick
 *(COMMON)
                0x0000000020008af4                . = ALIGN (0x4)
                0x0000000020008af4                _ebss = .
                0x0000000020008af4                __bss_end__ = _ebss

._user_heap_stack
                0x0000000020008af4      0x604
                0x0000000020008af8                . = ALIGN (0x8)
 *fill*         0x0000000020008af4        0x4 
                [!provide]                        PROVIDE (end = .)
                0x0000000020008af8                PROVIDE (_end = .)
                0x0000000020008cf8                . = (. + _Min_Heap_Size)
 *fill*         0x0000000020008af8      0x200 
                0x00000000200090f8                . = (. + _Min_Stack_Size)
 *fill*         0x0000000020008cf8      0x400 
                0x00000000200090f8                . = ALIGN (0x8)

/DISCARD/
 libc.a(*)
 libm.a(*)
 libgcc.a(*)

.ARM.attributes
                0x0000000000000000       0x30
 *(.ARM.attributes)
 .ARM.attributes
                0x0000000000000000       0x1e C:/ST/STM32CubeIDE_1.14.1/STM32CubeIDE/plugins/com.st.stm32cube.ide.mcu.externaltools.gnu-tools-for-stm32.11.3.rel1.win32_1.1.100.202309141235/tools/bin/../lib/gcc/arm-none-eabi/11.3.1/thumb/v7e-m+fp/hard/crti.o
 .ARM.attributes
                0x000000000000001e       0x34 C:/ST/STM32CubeIDE_1.14.1/STM32CubeIDE/plugins/com.st.stm32cube.ide.mcu.externaltools.gnu-tools-for-stm32.11.3.rel1.win32_1.1.100.202309141235/tools/bin/../lib/gcc/arm-none-eabi/11.3.1/thumb/v7e-m+fp/hard/crtbegin.o
 .ARM.attributes
                0x0000000000000052       0x34 ./Core/Src/AUDIO.o
 .ARM.attributes
                0x0000000000000086       0x34 ./Core/Src/AUDIO_LINK.o
 .ARM.attributes
                0x00000000000000ba       0x34 ./Core/Src/InputHandler.o
 .ARM.attributes
                0x00000000000000ee       0x34 ./Core/Src/audioBuffer.o
 .ARM.attributes
                0x0000000000000122       0x34 ./Core/Src/cs43l22.o
 .ARM.attributes
                0x0000000000000156       0x34 ./Core/Src/event_loop.o
 .ARM.attributes
                0x000000000000018a       0x34 ./Core/Src/main.o
 .ARM.attributes
                0x00000000000001be       0x34 ./Core/Src/stm32f4xx_hal_msp.o
 .ARM.attributes
                0x00000000000001f2       0x34 ./Core/Src/stm32f4xx_it.o
 .ARM.attributes
                0x0000000000000226       0x34 ./Core/Src/system_stm32f4xx.o
 .ARM.attributes
                0x000000000000025a       0x34 ./Core/Src/ws2812-spi.o
 .ARM.attributes
                0x000000000000028e       0x21 ./Core/Startup/startup_stm32f407vgtx.o
 .ARM.attributes
                0x00000000000002af       0x34 ./Drivers/STM32F4xx_HAL_Driver/Src/stm32f4xx_hal.o
 .ARM.attributes
                0x00000000000002e3       0x34 ./Drivers/STM32F4xx_HAL_Driver/Src/stm32f4xx_hal_adc.o
 .ARM.attributes
                0x0000000000000317       0x34 ./Drivers/STM32F4xx_HAL_Driver/Src/stm32f4xx_hal_cortex.o
 .ARM.attributes
                0x000000000000034b       0x34 ./Drivers/STM32F4xx_HAL_Driver/Src/stm32f4xx_hal_dma.o
 .ARM.attributes
                0x000000000000037f       0x34 ./Drivers/STM32F4xx_HAL_Driver/Src/stm32f4xx_hal_gpio.o
 .ARM.attributes
                0x00000000000003b3       0x34 ./Drivers/STM32F4xx_HAL_Driver/Src/stm32f4xx_hal_i2c.o
 .ARM.attributes
                0x00000000000003e7       0x34 ./Drivers/STM32F4xx_HAL_Driver/Src/stm32f4xx_hal_i2s.o
 .ARM.attributes
                0x000000000000041b       0x34 ./Drivers/STM32F4xx_HAL_Driver/Src/stm32f4xx_hal_i2s_ex.o
 .ARM.attributes
                0x000000000000044f       0x34 ./Drivers/STM32F4xx_HAL_Driver/Src/stm32f4xx_hal_rcc.o
 .ARM.attributes
                0x0000000000000483       0x34 ./Drivers/STM32F4xx_HAL_Driver/Src/stm32f4xx_hal_rcc_ex.o
 .ARM.attributes
                0x00000000000004b7       0x34 ./Drivers/STM32F4xx_HAL_Driver/Src/stm32f4xx_hal_spi.o
 .ARM.attributes
                0x00000000000004eb       0x34 C:/ST/STM32CubeIDE_1.14.1/STM32CubeIDE/plugins/com.st.stm32cube.ide.mcu.externaltools.gnu-tools-for-stm32.11.3.rel1.win32_1.1.100.202309141235/tools/bin/../lib/gcc/arm-none-eabi/11.3.1/../../../../arm-none-eabi/lib/thumb/v7e-m+fp/hard\libm.a(libm_a-s_sin.o)
 .ARM.attributes
                0x000000000000051f       0x34 C:/ST/STM32CubeIDE_1.14.1/STM32CubeIDE/plugins/com.st.stm32cube.ide.mcu.externaltools.gnu-tools-for-stm32.11.3.rel1.win32_1.1.100.202309141235/tools/bin/../lib/gcc/arm-none-eabi/11.3.1/../../../../arm-none-eabi/lib/thumb/v7e-m+fp/hard\libm.a(libm_a-k_cos.o)
 .ARM.attributes
                0x0000000000000553       0x34 C:/ST/STM32CubeIDE_1.14.1/STM32CubeIDE/plugins/com.st.stm32cube.ide.mcu.externaltools.gnu-tools-for-stm32.11.3.rel1.win32_1.1.100.202309141235/tools/bin/../lib/gcc/arm-none-eabi/11.3.1/../../../../arm-none-eabi/lib/thumb/v7e-m+fp/hard\libm.a(libm_a-k_sin.o)
 .ARM.attributes
                0x0000000000000587       0x34 C:/ST/STM32CubeIDE_1.14.1/STM32CubeIDE/plugins/com.st.stm32cube.ide.mcu.externaltools.gnu-tools-for-stm32.11.3.rel1.win32_1.1.100.202309141235/tools/bin/../lib/gcc/arm-none-eabi/11.3.1/../../../../arm-none-eabi/lib/thumb/v7e-m+fp/hard\libm.a(libm_a-e_rem_pio2.o)
 .ARM.attributes
                0x00000000000005bb       0x34 C:/ST/STM32CubeIDE_1.14.1/STM32CubeIDE/plugins/com.st.stm32cube.ide.mcu.externaltools.gnu-tools-for-stm32.11.3.rel1.win32_1.1.100.202309141235/tools/bin/../lib/gcc/arm-none-eabi/11.3.1/../../../../arm-none-eabi/lib/thumb/v7e-m+fp/hard\libm.a(libm_a-s_fabs.o)
 .ARM.attributes
                0x00000000000005ef       0x34 C:/ST/STM32CubeIDE_1.14.1/STM32CubeIDE/plugins/com.st.stm32cube.ide.mcu.externaltools.gnu-tools-for-stm32.11.3.rel1.win32_1.1.100.202309141235/tools/bin/../lib/gcc/arm-none-eabi/11.3.1/../../../../arm-none-eabi/lib/thumb/v7e-m+fp/hard\libm.a(libm_a-k_rem_pio2.o)
 .ARM.attributes
                0x0000000000000623       0x34 C:/ST/STM32CubeIDE_1.14.1/STM32CubeIDE/plugins/com.st.stm32cube.ide.mcu.externaltools.gnu-tools-for-stm32.11.3.rel1.win32_1.1.100.202309141235/tools/bin/../lib/gcc/arm-none-eabi/11.3.1/../../../../arm-none-eabi/lib/thumb/v7e-m+fp/hard\libm.a(libm_a-s_scalbn.o)
 .ARM.attributes
                0x0000000000000657       0x34 C:/ST/STM32CubeIDE_1.14.1/STM32CubeIDE/plugins/com.st.stm32cube.ide.mcu.externaltools.gnu-tools-for-stm32.11.3.rel1.win32_1.1.100.202309141235/tools/bin/../lib/gcc/arm-none-eabi/11.3.1/../../../../arm-none-eabi/lib/thumb/v7e-m+fp/hard\libm.a(libm_a-s_floor.o)
 .ARM.attributes
                0x000000000000068b       0x34 C:/ST/STM32CubeIDE_1.14.1/STM32CubeIDE/plugins/com.st.stm32cube.ide.mcu.externaltools.gnu-tools-for-stm32.11.3.rel1.win32_1.1.100.202309141235/tools/bin/../lib/gcc/arm-none-eabi/11.3.1/../../../../arm-none-eabi/lib/thumb/v7e-m+fp/hard\libc_nano.a(libc_a-memset.o)
 .ARM.attributes
                0x00000000000006bf       0x34 C:/ST/STM32CubeIDE_1.14.1/STM32CubeIDE/plugins/com.st.stm32cube.ide.mcu.externaltools.gnu-tools-for-stm32.11.3.rel1.win32_1.1.100.202309141235/tools/bin/../lib/gcc/arm-none-eabi/11.3.1/../../../../arm-none-eabi/lib/thumb/v7e-m+fp/hard\libc_nano.a(libc_a-init.o)
 .ARM.attributes
                0x00000000000006f3       0x1e C:/ST/STM32CubeIDE_1.14.1/STM32CubeIDE/plugins/com.st.stm32cube.ide.mcu.externaltools.gnu-tools-for-stm32.11.3.rel1.win32_1.1.100.202309141235/tools/bin/../lib/gcc/arm-none-eabi/11.3.1/thumb/v7e-m+fp/hard\libgcc.a(_arm_addsubdf3.o)
 .ARM.attributes
                0x0000000000000711       0x1e C:/ST/STM32CubeIDE_1.14.1/STM32CubeIDE/plugins/com.st.stm32cube.ide.mcu.externaltools.gnu-tools-for-stm32.11.3.rel1.win32_1.1.100.202309141235/tools/bin/../lib/gcc/arm-none-eabi/11.3.1/thumb/v7e-m+fp/hard\libgcc.a(_arm_muldivdf3.o)
 .ARM.attributes
                0x000000000000072f       0x1e C:/ST/STM32CubeIDE_1.14.1/STM32CubeIDE/plugins/com.st.stm32cube.ide.mcu.externaltools.gnu-tools-for-stm32.11.3.rel1.win32_1.1.100.202309141235/tools/bin/../lib/gcc/arm-none-eabi/11.3.1/thumb/v7e-m+fp/hard\libgcc.a(_arm_cmpdf2.o)
 .ARM.attributes
                0x000000000000074d       0x1e C:/ST/STM32CubeIDE_1.14.1/STM32CubeIDE/plugins/com.st.stm32cube.ide.mcu.externaltools.gnu-tools-for-stm32.11.3.rel1.win32_1.1.100.202309141235/tools/bin/../lib/gcc/arm-none-eabi/11.3.1/thumb/v7e-m+fp/hard\libgcc.a(_arm_fixdfsi.o)
 .ARM.attributes
                0x000000000000076b       0x1e C:/ST/STM32CubeIDE_1.14.1/STM32CubeIDE/plugins/com.st.stm32cube.ide.mcu.externaltools.gnu-tools-for-stm32.11.3.rel1.win32_1.1.100.202309141235/tools/bin/../lib/gcc/arm-none-eabi/11.3.1/thumb/v7e-m+fp/hard\libgcc.a(_arm_fixunsdfsi.o)
 .ARM.attributes
                0x0000000000000789       0x1e C:/ST/STM32CubeIDE_1.14.1/STM32CubeIDE/plugins/com.st.stm32cube.ide.mcu.externaltools.gnu-tools-for-stm32.11.3.rel1.win32_1.1.100.202309141235/tools/bin/../lib/gcc/arm-none-eabi/11.3.1/thumb/v7e-m+fp/hard\libgcc.a(_arm_truncdfsf2.o)
 .ARM.attributes
                0x00000000000007a7       0x1e C:/ST/STM32CubeIDE_1.14.1/STM32CubeIDE/plugins/com.st.stm32cube.ide.mcu.externaltools.gnu-tools-for-stm32.11.3.rel1.win32_1.1.100.202309141235/tools/bin/../lib/gcc/arm-none-eabi/11.3.1/thumb/v7e-m+fp/hard\libgcc.a(_aeabi_uldivmod.o)
 .ARM.attributes
                0x00000000000007c5       0x34 C:/ST/STM32CubeIDE_1.14.1/STM32CubeIDE/plugins/com.st.stm32cube.ide.mcu.externaltools.gnu-tools-for-stm32.11.3.rel1.win32_1.1.100.202309141235/tools/bin/../lib/gcc/arm-none-eabi/11.3.1/thumb/v7e-m+fp/hard\libgcc.a(_udivmoddi4.o)
 .ARM.attributes
                0x00000000000007f9       0x1e C:/ST/STM32CubeIDE_1.14.1/STM32CubeIDE/plugins/com.st.stm32cube.ide.mcu.externaltools.gnu-tools-for-stm32.11.3.rel1.win32_1.1.100.202309141235/tools/bin/../lib/gcc/arm-none-eabi/11.3.1/thumb/v7e-m+fp/hard\libgcc.a(_dvmd_tls.o)
 .ARM.attributes
                0x0000000000000817       0x1e C:/ST/STM32CubeIDE_1.14.1/STM32CubeIDE/plugins/com.st.stm32cube.ide.mcu.externaltools.gnu-tools-for-stm32.11.3.rel1.win32_1.1.100.202309141235/tools/bin/../lib/gcc/arm-none-eabi/11.3.1/thumb/v7e-m+fp/hard/crtn.o
OUTPUT(Synth Board.elf elf32-littlearm)
LOAD linker stubs
LOAD C:/ST/STM32CubeIDE_1.14.1/STM32CubeIDE/plugins/com.st.stm32cube.ide.mcu.externaltools.gnu-tools-for-stm32.11.3.rel1.win32_1.1.100.202309141235/tools/bin/../lib/gcc/arm-none-eabi/11.3.1/../../../../arm-none-eabi/lib/thumb/v7e-m+fp/hard\libc.a
LOAD C:/ST/STM32CubeIDE_1.14.1/STM32CubeIDE/plugins/com.st.stm32cube.ide.mcu.externaltools.gnu-tools-for-stm32.11.3.rel1.win32_1.1.100.202309141235/tools/bin/../lib/gcc/arm-none-eabi/11.3.1/../../../../arm-none-eabi/lib/thumb/v7e-m+fp/hard\libm.a
LOAD C:/ST/STM32CubeIDE_1.14.1/STM32CubeIDE/plugins/com.st.stm32cube.ide.mcu.externaltools.gnu-tools-for-stm32.11.3.rel1.win32_1.1.100.202309141235/tools/bin/../lib/gcc/arm-none-eabi/11.3.1/thumb/v7e-m+fp/hard\libgcc.a

.comment        0x0000000000000000       0x43
 .comment       0x0000000000000000       0x43 C:/ST/STM32CubeIDE_1.14.1/STM32CubeIDE/plugins/com.st.stm32cube.ide.mcu.externaltools.gnu-tools-for-stm32.11.3.rel1.win32_1.1.100.202309141235/tools/bin/../lib/gcc/arm-none-eabi/11.3.1/thumb/v7e-m+fp/hard/crtbegin.o
                                         0x44 (size before relaxing)
 .comment       0x0000000000000043       0x44 ./Core/Src/AUDIO.o
 .comment       0x0000000000000043       0x44 ./Core/Src/AUDIO_LINK.o
 .comment       0x0000000000000043       0x44 ./Core/Src/InputHandler.o
 .comment       0x0000000000000043       0x44 ./Core/Src/audioBuffer.o
 .comment       0x0000000000000043       0x44 ./Core/Src/cs43l22.o
 .comment       0x0000000000000043       0x44 ./Core/Src/event_loop.o
 .comment       0x0000000000000043       0x44 ./Core/Src/main.o
 .comment       0x0000000000000043       0x44 ./Core/Src/stm32f4xx_hal_msp.o
 .comment       0x0000000000000043       0x44 ./Core/Src/stm32f4xx_it.o
 .comment       0x0000000000000043       0x44 ./Core/Src/system_stm32f4xx.o
 .comment       0x0000000000000043       0x44 ./Core/Src/ws2812-spi.o
 .comment       0x0000000000000043       0x44 ./Drivers/STM32F4xx_HAL_Driver/Src/stm32f4xx_hal.o
 .comment       0x0000000000000043       0x44 ./Drivers/STM32F4xx_HAL_Driver/Src/stm32f4xx_hal_adc.o
 .comment       0x0000000000000043       0x44 ./Drivers/STM32F4xx_HAL_Driver/Src/stm32f4xx_hal_cortex.o
 .comment       0x0000000000000043       0x44 ./Drivers/STM32F4xx_HAL_Driver/Src/stm32f4xx_hal_dma.o
 .comment       0x0000000000000043       0x44 ./Drivers/STM32F4xx_HAL_Driver/Src/stm32f4xx_hal_gpio.o
 .comment       0x0000000000000043       0x44 ./Drivers/STM32F4xx_HAL_Driver/Src/stm32f4xx_hal_i2c.o
 .comment       0x0000000000000043       0x44 ./Drivers/STM32F4xx_HAL_Driver/Src/stm32f4xx_hal_i2s.o
 .comment       0x0000000000000043       0x44 ./Drivers/STM32F4xx_HAL_Driver/Src/stm32f4xx_hal_i2s_ex.o
 .comment       0x0000000000000043       0x44 ./Drivers/STM32F4xx_HAL_Driver/Src/stm32f4xx_hal_rcc.o
 .comment       0x0000000000000043       0x44 ./Drivers/STM32F4xx_HAL_Driver/Src/stm32f4xx_hal_rcc_ex.o
 .comment       0x0000000000000043       0x44 ./Drivers/STM32F4xx_HAL_Driver/Src/stm32f4xx_hal_spi.o

.debug_info     0x0000000000000000    0x121cd
 .debug_info    0x0000000000000000     0x12b9 ./Core/Src/AUDIO.o
 .debug_info    0x00000000000012b9      0xdea ./Core/Src/AUDIO_LINK.o
 .debug_info    0x00000000000020a3      0x623 ./Core/Src/InputHandler.o
 .debug_info    0x00000000000026c6     0x1134 ./Core/Src/audioBuffer.o
 .debug_info    0x00000000000037fa      0x5ce ./Core/Src/cs43l22.o
 .debug_info    0x0000000000003dc8     0x117f ./Core/Src/event_loop.o
 .debug_info    0x0000000000004f47     0x1677 ./Core/Src/main.o
 .debug_info    0x00000000000065be     0x131d ./Core/Src/stm32f4xx_hal_msp.o
 .debug_info    0x00000000000078db      0x722 ./Core/Src/stm32f4xx_it.o
 .debug_info    0x0000000000007ffd      0x512 ./Core/Src/system_stm32f4xx.o
 .debug_info    0x000000000000850f      0x8a4 ./Core/Src/ws2812-spi.o
 .debug_info    0x0000000000008db3       0x23 ./Core/Startup/startup_stm32f407vgtx.o
 .debug_info    0x0000000000008dd6      0x944 ./Drivers/STM32F4xx_HAL_Driver/Src/stm32f4xx_hal.o
 .debug_info    0x000000000000971a      0xcd4 ./Drivers/STM32F4xx_HAL_Driver/Src/stm32f4xx_hal_adc.o
 .debug_info    0x000000000000a3ee      0xd57 ./Drivers/STM32F4xx_HAL_Driver/Src/stm32f4xx_hal_cortex.o
 .debug_info    0x000000000000b145      0x8e7 ./Drivers/STM32F4xx_HAL_Driver/Src/stm32f4xx_hal_dma.o
 .debug_info    0x000000000000ba2c      0x6c3 ./Drivers/STM32F4xx_HAL_Driver/Src/stm32f4xx_hal_gpio.o
 .debug_info    0x000000000000c0ef     0x2415 ./Drivers/STM32F4xx_HAL_Driver/Src/stm32f4xx_hal_i2c.o
 .debug_info    0x000000000000e504      0xdf8 ./Drivers/STM32F4xx_HAL_Driver/Src/stm32f4xx_hal_i2s.o
 .debug_info    0x000000000000f2fc      0xaeb ./Drivers/STM32F4xx_HAL_Driver/Src/stm32f4xx_hal_i2s_ex.o
 .debug_info    0x000000000000fde7      0x8b1 ./Drivers/STM32F4xx_HAL_Driver/Src/stm32f4xx_hal_rcc.o
 .debug_info    0x0000000000010698      0x53a ./Drivers/STM32F4xx_HAL_Driver/Src/stm32f4xx_hal_rcc_ex.o
 .debug_info    0x0000000000010bd2     0x15fb ./Drivers/STM32F4xx_HAL_Driver/Src/stm32f4xx_hal_spi.o

.debug_abbrev   0x0000000000000000     0x373a
 .debug_abbrev  0x0000000000000000      0x31c ./Core/Src/AUDIO.o
 .debug_abbrev  0x000000000000031c      0x26b ./Core/Src/AUDIO_LINK.o
 .debug_abbrev  0x0000000000000587      0x297 ./Core/Src/InputHandler.o
 .debug_abbrev  0x000000000000081e      0x49a ./Core/Src/audioBuffer.o
 .debug_abbrev  0x0000000000000cb8      0x1e2 ./Core/Src/cs43l22.o
 .debug_abbrev  0x0000000000000e9a      0x47a ./Core/Src/event_loop.o
 .debug_abbrev  0x0000000000001314      0x2cc ./Core/Src/main.o
 .debug_abbrev  0x00000000000015e0      0x237 ./Core/Src/stm32f4xx_hal_msp.o
 .debug_abbrev  0x0000000000001817      0x1a4 ./Core/Src/stm32f4xx_it.o
 .debug_abbrev  0x00000000000019bb      0x11a ./Core/Src/system_stm32f4xx.o
 .debug_abbrev  0x0000000000001ad5      0x219 ./Core/Src/ws2812-spi.o
 .debug_abbrev  0x0000000000001cee       0x12 ./Core/Startup/startup_stm32f407vgtx.o
 .debug_abbrev  0x0000000000001d00      0x214 ./Drivers/STM32F4xx_HAL_Driver/Src/stm32f4xx_hal.o
 .debug_abbrev  0x0000000000001f14      0x252 ./Drivers/STM32F4xx_HAL_Driver/Src/stm32f4xx_hal_adc.o
 .debug_abbrev  0x0000000000002166      0x328 ./Drivers/STM32F4xx_HAL_Driver/Src/stm32f4xx_hal_cortex.o
 .debug_abbrev  0x000000000000248e      0x264 ./Drivers/STM32F4xx_HAL_Driver/Src/stm32f4xx_hal_dma.o
 .debug_abbrev  0x00000000000026f2      0x1d4 ./Drivers/STM32F4xx_HAL_Driver/Src/stm32f4xx_hal_gpio.o
 .debug_abbrev  0x00000000000028c6      0x2ad ./Drivers/STM32F4xx_HAL_Driver/Src/stm32f4xx_hal_i2c.o
 .debug_abbrev  0x0000000000002b73      0x256 ./Drivers/STM32F4xx_HAL_Driver/Src/stm32f4xx_hal_i2s.o
 .debug_abbrev  0x0000000000002dc9      0x288 ./Drivers/STM32F4xx_HAL_Driver/Src/stm32f4xx_hal_i2s_ex.o
 .debug_abbrev  0x0000000000003051      0x2b6 ./Drivers/STM32F4xx_HAL_Driver/Src/stm32f4xx_hal_rcc.o
 .debug_abbrev  0x0000000000003307      0x1af ./Drivers/STM32F4xx_HAL_Driver/Src/stm32f4xx_hal_rcc_ex.o
 .debug_abbrev  0x00000000000034b6      0x284 ./Drivers/STM32F4xx_HAL_Driver/Src/stm32f4xx_hal_spi.o

.debug_aranges  0x0000000000000000      0xf48
 .debug_aranges
                0x0000000000000000       0xb8 ./Core/Src/AUDIO.o
 .debug_aranges
                0x00000000000000b8       0x60 ./Core/Src/AUDIO_LINK.o
 .debug_aranges
                0x0000000000000118       0x20 ./Core/Src/InputHandler.o
 .debug_aranges
                0x0000000000000138       0xa0 ./Core/Src/audioBuffer.o
 .debug_aranges
                0x00000000000001d8       0x80 ./Core/Src/cs43l22.o
 .debug_aranges
                0x0000000000000258       0x80 ./Core/Src/event_loop.o
 .debug_aranges
                0x00000000000002d8       0x60 ./Core/Src/main.o
 .debug_aranges
                0x0000000000000338       0x60 ./Core/Src/stm32f4xx_hal_msp.o
 .debug_aranges
                0x0000000000000398       0x78 ./Core/Src/stm32f4xx_it.o
 .debug_aranges
                0x0000000000000410       0x28 ./Core/Src/system_stm32f4xx.o
 .debug_aranges
                0x0000000000000438       0x30 ./Core/Src/ws2812-spi.o
 .debug_aranges
                0x0000000000000468       0x28 ./Core/Startup/startup_stm32f407vgtx.o
 .debug_aranges
                0x0000000000000490       0xf0 ./Drivers/STM32F4xx_HAL_Driver/Src/stm32f4xx_hal.o
 .debug_aranges
                0x0000000000000580       0xe8 ./Drivers/STM32F4xx_HAL_Driver/Src/stm32f4xx_hal_adc.o
 .debug_aranges
                0x0000000000000668      0x120 ./Drivers/STM32F4xx_HAL_Driver/Src/stm32f4xx_hal_cortex.o
 .debug_aranges
                0x0000000000000788       0x90 ./Drivers/STM32F4xx_HAL_Driver/Src/stm32f4xx_hal_dma.o
 .debug_aranges
                0x0000000000000818       0x58 ./Drivers/STM32F4xx_HAL_Driver/Src/stm32f4xx_hal_gpio.o
 .debug_aranges
                0x0000000000000870      0x2a8 ./Drivers/STM32F4xx_HAL_Driver/Src/stm32f4xx_hal_i2c.o
 .debug_aranges
                0x0000000000000b18      0x108 ./Drivers/STM32F4xx_HAL_Driver/Src/stm32f4xx_hal_i2s.o
 .debug_aranges
                0x0000000000000c20       0x88 ./Drivers/STM32F4xx_HAL_Driver/Src/stm32f4xx_hal_i2s_ex.o
 .debug_aranges
                0x0000000000000ca8       0x88 ./Drivers/STM32F4xx_HAL_Driver/Src/stm32f4xx_hal_rcc.o
 .debug_aranges
                0x0000000000000d30       0x48 ./Drivers/STM32F4xx_HAL_Driver/Src/stm32f4xx_hal_rcc_ex.o
 .debug_aranges
                0x0000000000000d78      0x1d0 ./Drivers/STM32F4xx_HAL_Driver/Src/stm32f4xx_hal_spi.o

.debug_rnglists
                0x0000000000000000      0xbb1
 .debug_rnglists
                0x0000000000000000       0x89 ./Core/Src/AUDIO.o
 .debug_rnglists
                0x0000000000000089       0x44 ./Core/Src/AUDIO_LINK.o
 .debug_rnglists
                0x00000000000000cd       0x14 ./Core/Src/InputHandler.o
 .debug_rnglists
                0x00000000000000e1       0x7a ./Core/Src/audioBuffer.o
 .debug_rnglists
                0x000000000000015b       0x5f ./Core/Src/cs43l22.o
 .debug_rnglists
                0x00000000000001ba       0x5e ./Core/Src/event_loop.o
 .debug_rnglists
                0x0000000000000218       0x46 ./Core/Src/main.o
 .debug_rnglists
                0x000000000000025e       0x47 ./Core/Src/stm32f4xx_hal_msp.o
 .debug_rnglists
                0x00000000000002a5       0x55 ./Core/Src/stm32f4xx_it.o
 .debug_rnglists
                0x00000000000002fa       0x1a ./Core/Src/system_stm32f4xx.o
 .debug_rnglists
                0x0000000000000314       0x21 ./Core/Src/ws2812-spi.o
 .debug_rnglists
                0x0000000000000335       0x19 ./Core/Startup/startup_stm32f407vgtx.o
 .debug_rnglists
                0x000000000000034e       0xaf ./Drivers/STM32F4xx_HAL_Driver/Src/stm32f4xx_hal.o
 .debug_rnglists
                0x00000000000003fd       0xb5 ./Drivers/STM32F4xx_HAL_Driver/Src/stm32f4xx_hal_adc.o
 .debug_rnglists
                0x00000000000004b2       0xd4 ./Drivers/STM32F4xx_HAL_Driver/Src/stm32f4xx_hal_cortex.o
 .debug_rnglists
                0x0000000000000586       0x70 ./Drivers/STM32F4xx_HAL_Driver/Src/stm32f4xx_hal_dma.o
 .debug_rnglists
                0x00000000000005f6       0x3f ./Drivers/STM32F4xx_HAL_Driver/Src/stm32f4xx_hal_gpio.o
 .debug_rnglists
                0x0000000000000635      0x23c ./Drivers/STM32F4xx_HAL_Driver/Src/stm32f4xx_hal_i2c.o
 .debug_rnglists
                0x0000000000000871       0xcc ./Drivers/STM32F4xx_HAL_Driver/Src/stm32f4xx_hal_i2s.o
 .debug_rnglists
                0x000000000000093d       0x6a ./Drivers/STM32F4xx_HAL_Driver/Src/stm32f4xx_hal_i2s_ex.o
 .debug_rnglists
                0x00000000000009a7       0x66 ./Drivers/STM32F4xx_HAL_Driver/Src/stm32f4xx_hal_rcc.o
 .debug_rnglists
                0x0000000000000a0d       0x35 ./Drivers/STM32F4xx_HAL_Driver/Src/stm32f4xx_hal_rcc_ex.o
 .debug_rnglists
                0x0000000000000a42      0x16f ./Drivers/STM32F4xx_HAL_Driver/Src/stm32f4xx_hal_spi.o

.debug_macro    0x0000000000000000    0x2791b
 .debug_macro   0x0000000000000000      0x247 ./Core/Src/AUDIO.o
 .debug_macro   0x0000000000000247      0xaa8 ./Core/Src/AUDIO.o
 .debug_macro   0x0000000000000cef       0x22 ./Core/Src/AUDIO.o
 .debug_macro   0x0000000000000d11       0x8e ./Core/Src/AUDIO.o
 .debug_macro   0x0000000000000d9f       0x51 ./Core/Src/AUDIO.o
 .debug_macro   0x0000000000000df0      0x103 ./Core/Src/AUDIO.o
 .debug_macro   0x0000000000000ef3       0x6a ./Core/Src/AUDIO.o
 .debug_macro   0x0000000000000f5d      0x1df ./Core/Src/AUDIO.o
 .debug_macro   0x000000000000113c      0x190 ./Core/Src/AUDIO.o
 .debug_macro   0x00000000000012cc      0x2a7 ./Core/Src/AUDIO.o
 .debug_macro   0x0000000000001573       0x2e ./Core/Src/AUDIO.o
 .debug_macro   0x00000000000015a1       0x2f ./Core/Src/AUDIO.o
 .debug_macro   0x00000000000015d0       0x1c ./Core/Src/AUDIO.o
 .debug_macro   0x00000000000015ec       0x22 ./Core/Src/AUDIO.o
 .debug_macro   0x000000000000160e       0xfb ./Core/Src/AUDIO.o
 .debug_macro   0x0000000000001709     0x1011 ./Core/Src/AUDIO.o
 .debug_macro   0x000000000000271a      0x11f ./Core/Src/AUDIO.o
 .debug_macro   0x0000000000002839    0x15e97 ./Core/Src/AUDIO.o
 .debug_macro   0x00000000000186d0       0x6d ./Core/Src/AUDIO.o
 .debug_macro   0x000000000001873d     0x368c ./Core/Src/AUDIO.o
 .debug_macro   0x000000000001bdc9      0x174 ./Core/Src/AUDIO.o
 .debug_macro   0x000000000001bf3d       0x5c ./Core/Src/AUDIO.o
 .debug_macro   0x000000000001bf99      0x980 ./Core/Src/AUDIO.o
 .debug_macro   0x000000000001c919      0x9e9 ./Core/Src/AUDIO.o
 .debug_macro   0x000000000001d302      0x115 ./Core/Src/AUDIO.o
 .debug_macro   0x000000000001d417      0x13e ./Core/Src/AUDIO.o
 .debug_macro   0x000000000001d555       0xa5 ./Core/Src/AUDIO.o
 .debug_macro   0x000000000001d5fa      0x174 ./Core/Src/AUDIO.o
 .debug_macro   0x000000000001d76e      0x287 ./Core/Src/AUDIO.o
 .debug_macro   0x000000000001d9f5       0x5f ./Core/Src/AUDIO.o
 .debug_macro   0x000000000001da54      0x236 ./Core/Src/AUDIO.o
 .debug_macro   0x000000000001dc8a      0xb5b ./Core/Src/AUDIO.o
 .debug_macro   0x000000000001e7e5      0x38b ./Core/Src/AUDIO.o
 .debug_macro   0x000000000001eb70      0x176 ./Core/Src/AUDIO.o
 .debug_macro   0x000000000001ece6       0xf9 ./Core/Src/AUDIO.o
 .debug_macro   0x000000000001eddf      0x12c ./Core/Src/AUDIO.o
 .debug_macro   0x000000000001ef0b      0x21e ./Core/Src/AUDIO.o
 .debug_macro   0x000000000001f129       0x2e ./Core/Src/AUDIO.o
 .debug_macro   0x000000000001f157      0x1b5 ./Core/Src/AUDIO.o
 .debug_macro   0x000000000001f30c       0xd6 ./Core/Src/AUDIO.o
 .debug_macro   0x000000000001f3e2      0x1a7 ./Core/Src/AUDIO.o
 .debug_macro   0x000000000001f589       0x46 ./Core/Src/AUDIO.o
 .debug_macro   0x000000000001f5cf       0x4a ./Core/Src/AUDIO.o
 .debug_macro   0x000000000001f619      0x127 ./Core/Src/AUDIO.o
 .debug_macro   0x000000000001f740       0x7e ./Core/Src/AUDIO.o
 .debug_macro   0x000000000001f7be       0x89 ./Core/Src/AUDIO.o
 .debug_macro   0x000000000001f847      0x225 ./Core/Src/AUDIO.o
 .debug_macro   0x000000000001fa6c      0x12d ./Core/Src/AUDIO.o
 .debug_macro   0x000000000001fb99       0x7c ./Core/Src/AUDIO.o
 .debug_macro   0x000000000001fc15       0xc9 ./Core/Src/AUDIO.o
 .debug_macro   0x000000000001fcde      0x224 ./Core/Src/AUDIO_LINK.o
 .debug_macro   0x000000000001ff02      0x57a ./Core/Src/InputHandler.o
 .debug_macro   0x000000000002047c      0xc58 ./Core/Src/InputHandler.o
 .debug_macro   0x00000000000210d4       0x1c ./Core/Src/InputHandler.o
 .debug_macro   0x00000000000210f0       0x56 ./Core/Src/InputHandler.o
 .debug_macro   0x0000000000021146       0x16 ./Core/Src/InputHandler.o
 .debug_macro   0x000000000002115c       0x61 ./Core/Src/InputHandler.o
 .debug_macro   0x00000000000211bd       0x2a ./Core/Src/InputHandler.o
 .debug_macro   0x00000000000211e7       0x43 ./Core/Src/InputHandler.o
 .debug_macro   0x000000000002122a       0x34 ./Core/Src/InputHandler.o
 .debug_macro   0x000000000002125e       0x16 ./Core/Src/InputHandler.o
 .debug_macro   0x0000000000021274       0x97 ./Core/Src/InputHandler.o
 .debug_macro   0x000000000002130b      0x38c ./Core/Src/InputHandler.o
 .debug_macro   0x0000000000021697      0x104 ./Core/Src/InputHandler.o
 .debug_macro   0x000000000002179b       0x10 ./Core/Src/InputHandler.o
 .debug_macro   0x00000000000217ab       0x16 ./Core/Src/InputHandler.o
 .debug_macro   0x00000000000217c1       0x43 ./Core/Src/InputHandler.o
 .debug_macro   0x0000000000021804       0x34 ./Core/Src/InputHandler.o
 .debug_macro   0x0000000000021838       0x10 ./Core/Src/InputHandler.o
 .debug_macro   0x0000000000021848       0x58 ./Core/Src/InputHandler.o
 .debug_macro   0x00000000000218a0       0x8e ./Core/Src/InputHandler.o
 .debug_macro   0x000000000002192e       0x16 ./Core/Src/InputHandler.o
 .debug_macro   0x0000000000021944      0x177 ./Core/Src/InputHandler.o
 .debug_macro   0x0000000000021abb       0x16 ./Core/Src/InputHandler.o
 .debug_macro   0x0000000000021ad1       0x16 ./Core/Src/InputHandler.o
 .debug_macro   0x0000000000021ae7      0x116 ./Core/Src/InputHandler.o
 .debug_macro   0x0000000000021bfd     0x1011 ./Core/Src/InputHandler.o
 .debug_macro   0x0000000000022c0e       0x56 ./Core/Src/InputHandler.o
 .debug_macro   0x0000000000022c64      0x1b2 ./Core/Src/InputHandler.o
 .debug_macro   0x0000000000022e16       0x10 ./Core/Src/InputHandler.o
 .debug_macro   0x0000000000022e26       0xd6 ./Core/Src/InputHandler.o
 .debug_macro   0x0000000000022efc      0x103 ./Core/Src/InputHandler.o
 .debug_macro   0x0000000000022fff      0x34c ./Core/Src/InputHandler.o