../Core/Src/stm32f4xx_hal_msp.c:69:6:HAL_MspInit	8	static
../Core/Src/stm32f4xx_hal_msp.c:92:6:HAL_ADC_MspInit	48	static
../Core/Src/stm32f4xx_hal_msp.c:152:6:HAL_ADC_MspDeInit	8	static
../Core/Src/stm32f4xx_hal_msp.c:189:6:HAL_I2C_MspInit	48	static
../Core/Src/stm32f4xx_hal_msp.c:223:6:HAL_I2C_MspDeInit	8	static
../Core/Src/stm32f4xx_hal_msp.c:252:6:HAL_I2S_MspInit	80	static
../Core/Src/stm32f4xx_hal_msp.c:328:6:HAL_I2S_MspDeInit	8	static
../Core/Src/stm32f4xx_hal_msp.c:361:6:HAL_SPI_MspInit	48	static
../Core/Src/stm32f4xx_hal_msp.c:413:6:HAL_SPI_MspDeInit	8	static
