../Core/Src/stm32f4xx_it.c:73:6:NMI_Handler	0	static
../Core/Src/stm32f4xx_it.c:86:6:HardFault_Handler	0	static
../Core/Src/stm32f4xx_it.c:99:6:MemManage_Handler	0	static
../Core/Src/stm32f4xx_it.c:112:6:BusFault_Handler	0	static
../Core/Src/stm32f4xx_it.c:125:6:UsageFault_Handler	0	static
../Core/Src/stm32f4xx_it.c:138:6:SVC_Handler	0	static
../Core/Src/stm32f4xx_it.c:150:6:DebugMon_Handler	0	static
../Core/Src/stm32f4xx_it.c:162:6:PendSV_Handler	0	static
../Core/Src/stm32f4xx_it.c:174:6:SysTick_Handler	0	static
../Core/Src/stm32f4xx_it.c:194:6:DMA1_Stream4_IRQHandler	8	static
../Core/Src/stm32f4xx_it.c:207:6:DMA1_Stream7_IRQHandler	0	static
../Core/Src/stm32f4xx_it.c:220:6:DMA2_Stream0_IRQHandler	0	static
