../Core/Inc/Synthesizer.hpp:11:2:Synthesizer::Synthesizer()	16	static
../Core/Inc/Synthesizer.hpp:68:7:void Synthesizer::initializeSineTable()	24	static
../Core/Inc/Oscillator.hpp:39:2:Oscillator::Oscillator(Synthesizer&, const bool (&)[], uint8_t, uint8_t)	24	static
../Core/Inc/Oscillator.hpp:74:7:void Oscillator::determineWaveform(uint8_t)	16	static
../Core/Inc/Oscillator.hpp:78:7:void Oscillator::setHarmonics(uint8_t)	16	static
../Core/Inc/LowPassFilter.hpp:8:2:LowPassFilter::LowPassFilter(uint8_t)	16	static
../Core/Inc/LowPassFilter.hpp:20:7:void LowPassFilter::update(uint8_t)	16	static
../Core/Inc/ADSREnvelope.hpp:8:2:ADSREnvelope::ADSREnvelope(const bool (&)[], const uint8_t&, const uint8_t&, const uint8_t&, const uint8_t&)	32	static
../Core/Inc/ADSREnvelope.hpp:93:3:ADSREnvelope::NoteState::NoteState()	16	static
../Core/Src/event_loop.cpp:12:6:void EventLoopCpp()	8	static
../Core/Src/event_loop.cpp:56:6:void EventLoopC()	8	static
../Core/Src/event_loop.cpp:59:1:void __static_initialization_and_destruction_0(int, int)	24	static
../Core/Src/event_loop.cpp:59:1:cpp)	8	static
